ISSUE A — gNMDA sweep at Form 2 ON
==============================================================================
  Source_scale at dt=0.1: 0.03921
  Paper baseline (gNMDA=0.05, Form2 OFF): E/I = 1.042, TBW HW ≈ 107
  Cheap TBW: 25 trials × 26 offsets

REFERENCE: paper TBW HW at cheap-settings (gNMDA=0.05, Form2=OFF)
------------------------------------------------------------------------------
Using device: cuda
  Model 0/10: P(fus@0ms)=1.000, peak=1.000, 24.1s
Using device: cuda
  Model 1/10: P(fus@0ms)=1.000, peak=1.000, 23.5s
Using device: cuda
  Model 2/10: P(fus@0ms)=1.000, peak=1.000, 23.5s
Using device: cuda
  Model 3/10: P(fus@0ms)=1.000, peak=1.000, 23.5s
Using device: cuda
  Model 4/10: P(fus@0ms)=1.000, peak=1.000, 23.5s
Using device: cuda
  Model 5/10: P(fus@0ms)=1.000, peak=1.000, 23.5s
Using device: cuda
  Model 6/10: P(fus@0ms)=1.000, peak=1.000, 23.5s
Using device: cuda
  Model 7/10: P(fus@0ms)=1.000, peak=1.000, 23.6s
Using device: cuda
  Model 8/10: P(fus@0ms)=1.000, peak=1.000, 23.5s
Using device: cuda
  Model 9/10: P(fus@0ms)=1.000, peak=1.000, 23.5s
  Paper TBW HW reference (cheap): 97.0ms   (236s)

SWEEP: gNMDA at Form 2 ON
------------------------------------------------------------------------------
Using device: cuda
Using device: cuda
Using device: cuda
Using device: cuda
Using device: cuda
Using device: cuda
Using device: cuda
Using device: cuda
Using device: cuda
Using device: cuda
Using device: cuda
  Model 0/10: P(fus@0ms)=1.000, peak=1.000, 23.7s
Using device: cuda
  Model 1/10: P(fus@0ms)=1.000, peak=1.000, 23.7s
Using device: cuda
  Model 2/10: P(fus@0ms)=1.000, peak=1.000, 18.5s
Using device: cuda
  Model 3/10: P(fus@0ms)=1.000, peak=1.000, 16.4s
Using device: cuda
  Model 4/10: P(fus@0ms)=1.000, peak=1.000, 16.5s
Using device: cuda
  Model 5/10: P(fus@0ms)=1.000, peak=1.000, 16.5s
Using device: cuda
  Model 6/10: P(fus@0ms)=1.000, peak=1.000, 20.7s
Using device: cuda
  Model 7/10: P(fus@0ms)=1.000, peak=1.000, 23.5s
Using device: cuda
  Model 8/10: P(fus@0ms)=1.000, peak=1.000, 23.6s
Using device: cuda
  Model 9/10: P(fus@0ms)=1.000, peak=1.000, 23.5s
  gNMDA= 0.50:  E/I =  13.842 ± 0.073  TBW HW =   94.1 ms   (NMDA=35.345 AMPA=0.232 I=2.570)  [ei 111s, tbw 207s]
Using device: cuda
Using device: cuda
Using device: cuda
Using device: cuda
Using device: cuda
Using device: cuda
Using device: cuda
Using device: cuda
Using device: cuda
Using device: cuda
Using device: cuda
  Model 0/10: P(fus@0ms)=1.000, peak=1.000, 23.6s
Using device: cuda
  Model 1/10: P(fus@0ms)=1.000, peak=1.000, 23.6s
Using device: cuda
  Model 2/10: P(fus@0ms)=1.000, peak=1.000, 23.6s
Using device: cuda
  Model 3/10: P(fus@0ms)=1.000, peak=1.000, 21.5s
Using device: cuda
  Model 4/10: P(fus@0ms)=1.000, peak=1.000, 16.3s
Using device: cuda
  Model 5/10: P(fus@0ms)=1.000, peak=1.000, 16.4s
Using device: cuda
  Model 6/10: P(fus@0ms)=1.000, peak=1.000, 16.4s
Using device: cuda
  Model 7/10: P(fus@0ms)=1.000, peak=1.000, 16.3s
Using device: cuda
  Model 8/10: P(fus@0ms)=1.000, peak=1.000, 16.2s
Using device: cuda
  Model 9/10: P(fus@0ms)=1.000, peak=1.000, 16.3s
  gNMDA= 1.00:  E/I =  22.121 ± 0.088  TBW HW =   96.2 ms   (NMDA=70.625 AMPA=0.216 I=3.202)  [ei 111s, tbw 191s]
Using device: cuda
Using device: cuda
Using device: cuda
Using device: cuda
Using device: cuda
Using device: cuda
Using device: cuda
Using device: cuda
Using device: cuda
Using device: cuda
Using device: cuda
  Model 0/10: P(fus@0ms)=1.000, peak=1.000, 16.1s
Using device: cuda
  Model 1/10: P(fus@0ms)=1.000, peak=1.000, 16.1s
Using device: cuda
  Model 2/10: P(fus@0ms)=1.000, peak=1.000, 16.1s
Using device: cuda
  Model 3/10: P(fus@0ms)=1.000, peak=1.000, 16.1s
Using device: cuda
  Model 4/10: P(fus@0ms)=1.000, peak=1.000, 16.1s
Using device: cuda
  Model 5/10: P(fus@0ms)=1.000, peak=1.000, 16.0s
Using device: cuda
  Model 6/10: P(fus@0ms)=1.000, peak=1.000, 16.2s
Using device: cuda
  Model 7/10: P(fus@0ms)=1.000, peak=1.000, 16.2s
Using device: cuda
  Model 8/10: P(fus@0ms)=1.000, peak=1.000, 16.2s
Using device: cuda
  Model 9/10: P(fus@0ms)=1.000, peak=1.000, 16.1s
  gNMDA= 1.30:  E/I =  25.363 ± 0.076  TBW HW =   96.9 ms   (NMDA=91.942 AMPA=0.211 I=3.633)  [ei 59s, tbw 162s]
Using device: cuda
Using device: cuda
Using device: cuda
Using device: cuda
Using device: cuda
Using device: cuda
Using device: cuda
Using device: cuda
Using device: cuda
Using device: cuda
Using device: cuda
  Model 0/10: P(fus@0ms)=1.000, peak=1.000, 16.0s
Using device: cuda
  Model 1/10: P(fus@0ms)=1.000, peak=1.000, 16.0s
Using device: cuda
  Model 2/10: P(fus@0ms)=1.000, peak=1.000, 16.1s
Using device: cuda
  Model 3/10: P(fus@0ms)=1.000, peak=1.000, 16.4s
Using device: cuda
  Model 4/10: P(fus@0ms)=1.000, peak=1.000, 16.3s
Using device: cuda
  Model 5/10: P(fus@0ms)=1.000, peak=1.000, 16.1s
Using device: cuda
  Model 6/10: P(fus@0ms)=1.000, peak=1.000, 16.2s
Using device: cuda
  Model 7/10: P(fus@0ms)=1.000, peak=1.000, 16.3s
Using device: cuda
  Model 8/10: P(fus@0ms)=1.000, peak=1.000, 16.3s
Using device: cuda
  Model 9/10: P(fus@0ms)=1.000, peak=1.000, 16.3s
  gNMDA= 2.00:  E/I =  30.018 ± 0.056  TBW HW =   99.5 ms   (NMDA=141.563 AMPA=0.204 I=4.723)  [ei 58s, tbw 162s]
Using device: cuda
Using device: cuda
Using device: cuda
Using device: cuda
Using device: cuda
Using device: cuda
Using device: cuda
Using device: cuda
Using device: cuda
Using device: cuda
Using device: cuda
  Model 0/10: P(fus@0ms)=1.000, peak=1.000, 16.2s
Using device: cuda
  Model 1/10: P(fus@0ms)=1.000, peak=1.000, 16.2s
Using device: cuda
  Model 2/10: P(fus@0ms)=1.000, peak=1.000, 16.0s
Using device: cuda
  Model 3/10: P(fus@0ms)=1.000, peak=1.000, 16.0s
Using device: cuda
  Model 4/10: P(fus@0ms)=1.000, peak=1.000, 16.0s
Using device: cuda
  Model 5/10: P(fus@0ms)=1.000, peak=1.000, 16.1s
Using device: cuda
  Model 6/10: P(fus@0ms)=1.000, peak=1.000, 16.3s
Using device: cuda
  Model 7/10: P(fus@0ms)=1.000, peak=1.000, 16.2s
Using device: cuda
