ISSUE A — E/I 2×2 grid (gNMDA × dt_correct_nmda)
===========================================================================

Using device: cuda
Using device: cuda
Using device: cuda
Using device: cuda
Using device: cuda
Using device: cuda
Using device: cuda
Using device: cuda
Using device: cuda
Using device: cuda
A: gNMDA=0.05, dt_correct=False (PAPER pre-fix)          E/I=1.042±0.005  E=3.746  I=3.592  el=111s
    breakdown: AMPA=0.2112  NMDA=3.5343  FF=2.6222  Rec=0.0035  Lat=0.9667
Using device: cuda
Using device: cuda
Using device: cuda
Using device: cuda
Using device: cuda
Using device: cuda
Using device: cuda
Using device: cuda
Using device: cuda
Using device: cuda
B: gNMDA=0.05, dt_correct=True  (production default)     E/I=1.717±0.012  E=3.734  I=2.174  el=95s
    breakdown: AMPA=0.2542  NMDA=3.4801  FF=2.1022  Rec=0.0003  Lat=0.0718
Using device: cuda
Using device: cuda
Using device: cuda
Using device: cuda
Using device: cuda
Using device: cuda
Using device: cuda
Using device: cuda
Using device: cuda
Using device: cuda
C: gNMDA=1.30, dt_correct=False (over-driven)            E/I=1.711±0.005  E=109.665  I=64.124  el=59s
    breakdown: AMPA=0.2610  NMDA=109.4039  FF=54.3442  Rec=0.0196  Lat=9.7603
Using device: cuda
Using device: cuda
Using device: cuda
Using device: cuda
Using device: cuda
Using device: cuda
Using device: cuda
Using device: cuda
Using device: cuda
Using device: cuda
D: gNMDA=1.30, dt_correct=True  (post-recalibration)     E/I=25.363±0.076  E=92.152  I=3.633  el=59s
    breakdown: AMPA=0.2107  NMDA=91.9415  FF=2.6444  Rec=0.0036  Lat=0.9848

===========================================================================
VERDICT
===========================================================================
  A (paper, gNMDA=0.05, Form2=OFF):     E/I = 1.042
  B (broken, gNMDA=0.05, Form2=ON):     E/I = 1.717
  C (overdrive, gNMDA=1.30, Form2=OFF): E/I = 1.711
  D (post-fix, gNMDA=1.30, Form2=ON):   E/I = 25.363

  Δ from A→D (paper→post-fix):  +24.321
  Δ from A→B (Form2 alone):     +0.675
  Δ from A→C (gNMDA alone):     +0.669

  Component shifts A → D:
    AMPA  : 0.2112 → 0.2107  ratio = 1.00×
    NMDA  : 3.5343 → 91.9415  ratio = 26.01×
    FF    : 2.6222 → 2.6444  ratio = 1.01×
    Rec   : 0.0035 → 0.0036  ratio = 1.01×
    Lat   : 0.9667 → 0.9848  ratio = 1.02×
