
========================================================================================
Task #57 — fast FIX cell on 4 ckpts (AGC frozen + plast off, g=1.30)
========================================================================================

Using device: cuda
  M00  R_A=[ 340.  502.  782. 1050. 1453. 1765.]  MEI=['+0.89', '+0.93', '+0.64', '+0.52', '+0.25', '-0.06']  el=95s
Using device: cuda
  M01  R_A=[ 333.  501.  774. 1050. 1453. 1791.]  MEI=['+0.93', '+0.96', '+0.66', '+0.52', '+0.29', '+0.02']  el=189s
Using device: cuda
  M02  R_A=[ 334.  491.  770. 1037. 1437. 1795.]  MEI=['+0.92', '+0.98', '+0.65', '+0.53', '+0.29', '-0.02']  el=282s
Using device: cuda
  M03  R_A=[ 338.  501.  766. 1052. 1437. 1804.]  MEI=['+0.88', '+0.93', '+0.66', '+0.50', '+0.25', '-0.06']  el=380s

========================================================================================
ENSEMBLE RESULT (FIX cell, n=4)
========================================================================================
       I |      R_A      R_V     R_AV |      MEI   ±SEM
   0.050 |    336.2    295.8    640.2 |   +0.904  0.011
   0.100 |    498.8    456.8    972.2 |   +0.950  0.012
   0.200 |    773.0    695.0   1276.2 |   +0.651  0.005
   0.400 |   1047.2    898.8   1588.0 |   +0.516  0.007
   0.800 |   1445.0   1193.0   1835.0 |   +0.270  0.011
   1.600 |   1788.8   1365.5   1731.0 |   -0.032  0.019

  Direction: FALLING ✓ matches paper
  Spearman ρ(intensity, MEI) = -0.943  p=0.0048  (tolerance ρ < -0.8)
  MEI[I=0.05] = +0.904  vs paper +1.04
  MEI[I=1.60] = -0.032  vs paper +0.78
  validator pass criterion (docs/validation_protocol.md):
    MEI(0.05) > MEI(1.6):  0.904 > -0.032  → True
    Spearman ρ < -0.8:      ρ = -0.943      → True
