
==============================================================================
ISSUE B (Task #57) — MEI inversion REPRODUCER on M00
==============================================================================
  ckpt: msi_model_surr_10_00.pt
  PULSE_LEN=10  N_FRAMES=20
  intensities: [0.0, 0.05, 0.1, 0.2, 0.4, 0.8, 1.6]
  measuring: total spikes, AND local ±20 idx around centre

Using device: cuda
  net.gNMDA = 1.3  n=180  space=180
  dt_correct_nmda = True

       I |   R_A_tot   R_V_tot  R_AV_tot  MEI_tot |  R_A_loc  R_V_loc  R_AVloc  MEI_loc |  A_pre  A_dur A_post
  ------ | --------------------------------------- | ------------------------------------ | ----------------------
   0.000 |       0.0       0.0       0.0      nan |      0.0      0.0      0.0      nan |      0    0.0    0.0
   0.050 |     178.0     121.0     234.0    0.315 |    178.0    121.0    234.0    0.315 |      0  102.0   76.0
   0.100 |     161.0     125.0     251.0    0.559 |    161.0    125.0    251.0    0.559 |      0   95.0   66.0
   0.200 |     178.0     142.0     292.0    0.640 |    178.0    142.0    292.0    0.640 |      0  107.0   71.0
   0.400 |     206.0     166.0     338.0    0.641 |    206.0    166.0    332.0    0.612 |      0  119.0   87.0
   0.800 |     261.0     210.0     421.0    0.613 |    254.0    205.0    404.0    0.591 |      0  122.0  139.0
   1.600 |     347.0     307.0     620.0    0.787 |    320.0    280.0    533.0    0.666 |      0  134.0  213.0

==============================================================================
BASELINE-SUBTRACTED MEI (using I=0 as the true spontaneous floor)
==============================================================================
  Baseline (I=0):  R_A=0.0  R_V=0.0  R_AV=0.0
               loc R_A=0.0  R_V=0.0  R_AV=0.0

       I |    R_A_e    R_V_e    R_AVe  MEI_corr_tot |   R_A_eL   R_V_eL   R_AVeL  MEI_corr_loc
  ------ | -------------------------------------------- | -------------------------------------------
   0.050 |    178.0    121.0    234.0         0.315 |    178.0    121.0    234.0         0.315
   0.100 |    161.0    125.0    251.0         0.559 |    161.0    125.0    251.0         0.559
   0.200 |    178.0    142.0    292.0         0.640 |    178.0    142.0    292.0         0.640
   0.400 |    206.0    166.0    338.0         0.641 |    206.0    166.0    332.0         0.612
   0.800 |    261.0    210.0    421.0         0.613 |    254.0    205.0    404.0         0.591
   1.600 |    347.0    307.0    620.0         0.787 |    320.0    280.0    533.0         0.666

==============================================================================
PER-FRAME TIME COURSE for the AUDIO-ONLY condition
==============================================================================
  (rows = intensity, cols = frame 0..19, stim is ON for frames 0..9)

  I    |     0     1     2     3     4     5     6     7     8     9    10    11    12    13    14    15    16    17    18    19
  ------------------------------------------------------------------------------------------------------------------------------
  0.00 |     0     0     0     0     0     0     0     0     0     0     0     0     0     0     0     0     0     0     0     0
  0.05 |     0     0     9     2    24    15    12    21    12     7     8     7    13    13    18     6     4     2     2     3
  0.10 |     0     0    11     2    21    18    13    10     9    11     8     7    10    12     9     7     3     5     5     0
  0.20 |     0     0    13     2    21    18    14    14     9    16    10     9    10    15     8     7     3     3     2     4
  0.40 |     0     0    17     2    24    18    15    17    15    11    11    13    11    15    15     8     5     2     5     2
  0.80 |     0     0    19     0     7    25    17    24    18    12    19    16    13    24    35    10     4     8     4     6
  1.60 |     0     0    21     0     7    19    18    25    22    22    20    16    27    41    44    20    14    14     9     8

==============================================================================
VERDICT (Phase 1)
==============================================================================
  Raw MEI (total) across intensities: ['0.315', '0.559', '0.640', '0.641', '0.613', '0.787']
  Monotonically increasing (INVERTED vs paper): False
  Paper expected: ~1.04 → ~0.81  (DECREASING)

  Spontaneous baseline (I=0):  R_A_tot=0.0  R_V_tot=0.0  R_AV_tot=0.0
  Lowest stim R_A (I=0.2):     R_A_tot=178.0
  Δ = R_A(I=0.2) − R_A(I=0) = +178.0  ← small Δ means baseline dominates
