
========================================================================================
Task #57 H_AGC — g_FFinh drift causal proof on M00
========================================================================================
  ckpt: msi_model_surr_10_00.pt
  integrated_spikes is bit-identical to inverse_effectiveness_test.py
  Differ only by: freeze_g_FFinh flag

────────────────────────────────────────────────────────────────────────────────────────
 CELL A — control (default freeze_g_FFinh = False, current production)
────────────────────────────────────────────────────────────────────────────────────────

  A: default (AGC drifts)
  freeze_g_FFinh = False
Using device: cuda
   pass 1:  g_FFinh start=0.5648  end=0.1047  Δ=-0.4601
Using device: cuda
   pass 2:  g_FFinh start=0.5648  end=0.1047  Δ=-0.4601
   reproducible (pass1==pass2)?  A:True V:True B:True
        I |     R_A     R_V    R_AV     max     MEI
    0.050 |   368.0   237.0   454.0   368.0  +0.234
    0.100 |   307.0   211.0   419.0   307.0  +0.365
    0.200 |   298.0   216.0   438.0   298.0  +0.470
    0.400 |   315.0   240.0   473.0   315.0  +0.502
    0.800 |   356.0   285.0   556.0   356.0  +0.562
    1.600 |   464.0   383.0   740.0   464.0  +0.595
   MEI direction: RISING (bad; opposite of paper)
   MEI[low]/MEI[high] = 0.393  (paper ≈ 1.04/0.78 = 1.33)

────────────────────────────────────────────────────────────────────────────────────────
 CELL B — proposed fix: freeze AGC during eval
────────────────────────────────────────────────────────────────────────────────────────

  B: frozen AGC
  freeze_g_FFinh = True
Using device: cuda
   pass 1:  g_FFinh start=0.5648  end=0.5648  Δ=+0.0000
Using device: cuda
   pass 2:  g_FFinh start=0.5648  end=0.5648  Δ=+0.0000
   reproducible (pass1==pass2)?  A:True V:True B:True
        I |     R_A     R_V    R_AV     max     MEI
    0.050 |   359.0   224.0   414.0   359.0  +0.153
    0.100 |   262.0   165.0   325.0   262.0  +0.240
    0.200 |   240.0   150.0   295.0   240.0  +0.229
    0.400 |   252.0   231.0   249.0   252.0  -0.012
    0.800 |   246.0   229.0   244.0   246.0  -0.008
    1.600 |   249.0   234.0   371.0   249.0  +0.490
   MEI direction: FLAT/MIXED
   MEI[low]/MEI[high] = 0.313  (paper ≈ 1.04/0.78 = 1.33)

────────────────────────────────────────────────────────────────────────────────────────
 CELL C — frozen AGC + g_FFinh reseeded to 0.6 (Training.py:3559 cal default)
────────────────────────────────────────────────────────────────────────────────────────

  C: frozen AGC, g_FFinh=0.6
  freeze_g_FFinh = True
Using device: cuda
   pass 1:  g_FFinh start=0.6000  end=0.6000  Δ=+0.0000
Using device: cuda
   pass 2:  g_FFinh start=0.6000  end=0.6000  Δ=+0.0000
   reproducible (pass1==pass2)?  A:True V:True B:True
        I |     R_A     R_V    R_AV     max     MEI
    0.050 |   356.0   226.0   406.0   356.0  +0.140
    0.100 |   254.0   163.0   328.0   254.0  +0.291
    0.200 |   249.0   170.0   289.0   249.0  +0.161
    0.400 |   249.0   227.0   247.0   249.0  -0.008
    0.800 |   243.0   227.0   241.0   243.0  -0.008
    1.600 |   247.0   233.0   383.0   247.0  +0.551
   MEI direction: FLAT/MIXED
   MEI[low]/MEI[high] = 0.255  (paper ≈ 1.04/0.78 = 1.33)

========================================================================================
CAUSAL VERDICT
========================================================================================
  Cell A (AGC drifts):  MEI = ['+0.234', '+0.365', '+0.470', '+0.502', '+0.562', '+0.595']
  Cell B (AGC frozen):  MEI = ['+0.153', '+0.240', '+0.229', '-0.012', '-0.008', '+0.490']
  Cell C (frozen+0.6):  MEI = ['+0.140', '+0.291', '+0.161', '-0.008', '-0.008', '+0.551']

  Paper target:         MEI = +1.04 → +0.78 (DECREASING, log-axis)

  If B has consistent reproducibility AND A does not, AGC drift is the bug.
  If B's MEI direction matches paper, the methodology fix is freeze_g_FFinh=True.
