H_meas propagation — latency with BUGGY vs FIXED measurement
  10 ckpts, gNMDA=1.30, adaptation override (aM/bM/cM/dM)

--- A: BUGGY, dt=0.1  ---
Using device: cuda
Using device: cuda
Using device: cuda
Using device: cuda
Using device: cuda
Using device: cuda
Using device: cuda
Using device: cuda
Using device: cuda
Using device: cuda
   A = 43.00±4.58   V = 54.00±4.90   B = 32.00±6.00   el=33s
--- B: BUGGY, dt=0.05 ---
Using device: cuda
Using device: cuda
Using device: cuda
Using device: cuda
Using device: cuda
Using device: cuda
Using device: cuda
Using device: cuda
Using device: cuda
Using device: cuda
   A = 46.00±6.63   V = 55.00±5.00   B = 40.00±10.00   el=72s
--- C: FIXED, dt=0.1  ---
Using device: cuda
Using device: cuda
Using device: cuda
Using device: cuda
Using device: cuda
Using device: cuda
Using device: cuda
Using device: cuda
Using device: cuda
Using device: cuda
   A = 30.00±0.00   V = 50.00±0.00   B = 30.00±0.00   el=28s
--- D: FIXED, dt=0.05 ---
Using device: cuda
Using device: cuda
Using device: cuda
Using device: cuda
Using device: cuda
Using device: cuda
Using device: cuda
Using device: cuda
Using device: cuda
Using device: cuda
   A = 30.00±0.00   V = 50.00±0.00   B = 30.00±0.00   el=57s

======================================================================
VERDICT
======================================================================
  BUGGY drift A: 43.00 → 46.00  (+7.0%)
  FIXED drift A: 30.00 → 30.00  (+0.0%)
  BUGGY drift V: 54.00 → 55.00  (+1.9%)
  FIXED drift V: 50.00 → 50.00  (+0.0%)
  BUGGY drift B: 32.00 → 40.00  (+25.0%)
  FIXED drift B: 30.00 → 30.00  (+0.0%)
