H_meas — CAUSAL PROOF: SBW dt-drift caused by _latest_sMSI measurement bug
  10 ckpts, n_trials=50, gNMDA=1.30, Form-2 ON, delays-ms ON

--- A: BUGGY measurement, dt=0.1  ---
Using device: cuda
Using device: cuda
Using device: cuda
Using device: cuda
Using device: cuda
Using device: cuda
Using device: cuda
Using device: cuda
Using device: cuda
Using device: cuda
   HW=24.37°  floor=0.0739  r2=0.9991  el=157s
--- B: BUGGY measurement, dt=0.05 ---
Using device: cuda
Using device: cuda
Using device: cuda
Using device: cuda
Using device: cuda
Using device: cuda
Using device: cuda
Using device: cuda
Using device: cuda
Using device: cuda
   HW=20.12°  floor=0.0431  r2=0.9989  el=314s
--- C: FIXED measurement, dt=0.1  ---
Using device: cuda
Using device: cuda
Using device: cuda
Using device: cuda
Using device: cuda
Using device: cuda
Using device: cuda
Using device: cuda
Using device: cuda
Using device: cuda
   HW=32.78°  floor=0.0000  r2=0.9997  el=172s
--- D: FIXED measurement, dt=0.05 ---
Using device: cuda
Using device: cuda
Using device: cuda
Using device: cuda
Using device: cuda
Using device: cuda
Using device: cuda
Using device: cuda
Using device: cuda
Using device: cuda
   HW=32.68°  floor=0.0000  r2=0.9994  el=342s

======================================================================
VERDICT
======================================================================
  BUGGY meas drift:  ΔHW = -4.24° (-17.4%)
  FIXED meas drift:  ΔHW = -0.11° (-0.3%)

  HW(BUGGY  0.1)=24.37   HW(FIXED  0.1)=32.78   Δ_within_0.1=+8.42
  HW(BUGGY 0.05)=20.12   HW(FIXED 0.05)=32.68   Δ_within_0.05=+12.55

  Floor(BUGGY  0.1)=0.0739   Floor(FIXED  0.1)=0.0000
  Floor(BUGGY 0.05)=0.0431   Floor(FIXED 0.05)=0.0000
