H_spikes_components — total spikes and per-component current INTEGRALS over frames
Sync AV pulse, intensity=1, 20-frame on + 20-frame off, n_trials=50, M00

--- dt=0.1, n=100 ---
Using device: cuda
  Total A spikes (cumulative GPU): 804200
  Total V spikes:                   861100
  Total MSI spikes:                 1246150

--- dt=0.05, n=200 ---
Using device: cuda
  Total A spikes (cumulative GPU): 825000
  Total V spikes:                   883700
  Total MSI spikes:                 1294800

Per-frame current INTEGRALS (current·dt, charge-like, units arbitrary)
frame  A_amp(.1)  A_amp(.05)      r  A_nmd(.1)  A_nmd(.05)      r   I_ff(.1)   I_ff(.05)      r   I_la(.1)   I_la(.05)      r
    0       0.000       0.000   0.00      0.000       0.000   0.00      0.000       0.000   0.00      0.000       0.000   0.00
    1       0.000       0.000   0.00      0.000       0.000   0.00      0.000       0.000   0.00      0.000       0.000   0.00
    2      13.627       6.950   0.51    236.613     252.330   1.07     99.563      55.141   0.55      2.403       1.339   0.56
    3      10.165       5.246   0.52   1259.097    1360.167   1.08     49.127      27.284   0.56      4.963       2.481   0.50
    4      15.907       8.345   0.52   1853.821    1968.707   1.06     79.539      45.554   0.57     12.407       6.381   0.51
    5       4.324       2.129   0.49   2625.241    2697.634   1.03     92.088      45.929   0.50     16.070       9.079   0.56
    6       2.588       1.326   0.51   2862.959    2942.034   1.03     88.764      45.518   0.51     20.206      10.911   0.54
    7       2.764       1.421   0.51   3084.884    3163.060   1.03     95.606      47.959   0.50     21.703      11.659   0.54
    8       2.495       1.267   0.51   3257.845    3343.863   1.03     98.941      52.407   0.53     22.885      12.033   0.53
    9       2.362       1.183   0.50   3403.759    3457.281   1.02    102.850      51.390   0.50     23.909      12.841   0.54
   10       2.287       1.203   0.53   3529.179    3593.680   1.02    106.668      54.097   0.51     25.248      13.313   0.53
   11       2.476       1.216   0.49   3678.266    3729.062   1.01    115.040      56.687   0.49     26.469      14.121   0.53
   12       2.191       1.100   0.50   3770.520    3853.579   1.02    111.086      59.891   0.54     28.793      14.652   0.51
   13       2.325       1.142   0.49   3902.580    3984.111   1.02    122.094      62.663   0.51     29.147      15.440   0.53
   14       2.136       1.130   0.53   4008.258    4090.140   1.02    125.379      64.833   0.52     29.935      15.893   0.53
   15       2.278       1.117   0.49   4150.192    4216.316   1.02    128.613      68.100   0.53     32.062      16.484   0.51
   16       2.036       1.043   0.51   4315.487    4347.693   1.01    135.839      70.910   0.52     34.110      17.528   0.51
   17       2.278       1.152   0.51   4464.496    4472.753   1.00    144.254      73.370   0.51     35.843      18.158   0.51
   18       2.077       1.063   0.51   4574.578    4598.190   1.01    149.689      74.914   0.50     36.395      18.709   0.51
   19       2.142       1.071   0.50   4674.043    4744.656   1.02    151.388      80.297   0.53     37.143      19.300   0.52
   20       2.091       1.125   0.54   4786.941    4872.053   1.02    160.449      80.086   0.50     37.537      20.265   0.54
   21       2.268       1.047   0.46   4902.303    5033.578   1.03    164.584      87.281   0.53     38.364      20.896   0.54
   22       1.529       0.764   0.50   4980.978    5054.616   1.01    147.330      75.211   0.51     40.334      21.900   0.54
   23       0.826       0.472   0.57   4794.772    4853.544   1.01    101.432      50.539   0.50     44.430      23.554   0.53
   24       0.213       0.094   0.44   4495.881    4534.524   1.01     33.279      17.851   0.54     47.463      24.933   0.53
   25       0.000       0.000   0.00   4234.377    4251.289   1.00      0.000       0.000   0.00     53.176      27.401   0.52
   26       0.000       0.000   0.00   4101.460    4005.169   0.98      0.000       0.000   0.00     49.885      23.956   0.48
   27       0.000       0.000   0.00   3725.921    3643.767   0.98      0.000       0.000   0.00     37.568      17.863   0.48
   28       0.000       0.000   0.00   3387.031    3310.602   0.98      0.000       0.000   0.00     31.419      15.051   0.48
   29       0.000       0.000   0.00   3037.467    3029.852   1.00      0.000       0.000   0.00     26.321      13.189   0.50
   30       0.000       0.000   0.00   2762.166    2774.949   1.00      0.000       0.000   0.00     21.861      11.335   0.52
   31       0.000       0.000   0.00   2509.158    2523.556   1.01      0.000       0.000   0.00     20.063      10.329   0.51
   32       0.000       0.000   0.00   2270.222    2297.710   1.01      0.000       0.000   0.00     16.847       8.823   0.52
   33       0.000       0.000   0.00   2054.524    2092.759   1.02      0.000       0.000   0.00     15.143       8.087   0.53
   34       0.000       0.000   0.00   1861.809    1892.733   1.02      0.000       0.000   0.00     13.453       7.000   0.52
   35       0.000       0.000   0.00   1680.714    1724.134   1.03      0.000       0.000   0.00     11.974       6.333   0.53
   36       0.000       0.000   0.00   1521.452    1545.598   1.02      0.000       0.000   0.00     10.899       5.475   0.50
   37       0.000       0.000   0.00   1375.967    1408.388   1.02      0.000       0.000   0.00      9.087       4.878   0.54
   38       0.000       0.000   0.00   1231.423    1255.934   1.02      0.000       0.000   0.00      8.624       4.470   0.52
   39       0.000       0.000   0.00   1101.703    1128.926   1.02      0.000       0.000   0.00      7.169       3.755   0.52

Per-component frame-sums over STIM window (frames 0-19):
      I_E_ampa_int: dt=0.1 =     76.457    dt=0.05 =     39.104    ratio = 0.511    abs Δ = -37.353
      I_E_nmda_int: dt=0.1 =  59651.819    dt=0.05 =  60815.256    ratio = 1.020    abs Δ = +1163.437
        I_I_ff_int: dt=0.1 =   1996.528    dt=0.05 =   1036.943    ratio = 0.519    abs Δ = -959.584
        I_I_re_int: dt=0.1 =      0.048    dt=0.05 =      0.089    ratio = 1.832    abs Δ = +0.040
        I_I_la_int: dt=0.1 =    439.692    dt=0.05 =    230.323    ratio = 0.524    abs Δ = -209.369
