Canonical SBW dt-drift reproducer — 10 ckpts, n_trials=50, intensity=1, duration=20, enh_thresh=10.0

--- pass 1: dt=0.1, n_substeps=100 (AGC unfrozen) ---
Using device: cuda
Using device: cuda
Using device: cuda
Using device: cuda
Using device: cuda
Using device: cuda
Using device: cuda
Using device: cuda
Using device: cuda
Using device: cuda
   done in 157s
--- pass 2: dt=0.05, n_substeps=200 (AGC unfrozen) ---
Using device: cuda
Using device: cuda
Using device: cuda
Using device: cuda
Using device: cuda
Using device: cuda
Using device: cuda
Using device: cuda
Using device: cuda
Using device: cuda
   done in 314s

--- floor subtraction (per-dt, using each pass's control as floor) ---
   floor @ dt=0.10: 0.0727
   floor @ dt=0.05: 0.0514
       sep range -80..80, y range 0.0000..0.9113, mid=0.9113
       sep range -80..80, y range 0.0000..0.8486, mid=0.8486

SBW control HW @ dt=0.1  = 24.13°   popt=(base=-0.001, top=0.923, half_width=25.03)  r2=0.9986
SBW control HW @ dt=0.05 = 20.37°   popt=(base=0.001, top=0.878, half_width=21.80)  r2=0.9991
  ΔHW = -3.76°   (-15.6%)
