start = 2026-05-17T02:35:49
============================================================
TBW CONTROL @ dt=0.1, n_substeps=100  (dt010)
  10 models x 50 trials x 51 offsets, gNMDA=1.3
============================================================
Using device: cuda
  Model 0/10: P(fus@0ms)=1.000, peak=1.000, 16.8s
Using device: cuda
  Model 1/10: P(fus@0ms)=1.000, peak=1.000, 16.4s
Using device: cuda
  Model 2/10: P(fus@0ms)=1.000, peak=1.000, 16.3s
Using device: cuda
  Model 3/10: P(fus@0ms)=1.000, peak=1.000, 16.1s
Using device: cuda
  Model 4/10: P(fus@0ms)=1.000, peak=1.000, 16.1s
Using device: cuda
  Model 5/10: P(fus@0ms)=1.000, peak=1.000, 16.1s
Using device: cuda
  Model 6/10: P(fus@0ms)=0.980, peak=1.000, 16.0s
Using device: cuda
  Model 7/10: P(fus@0ms)=1.000, peak=1.000, 16.0s
Using device: cuda
  Model 8/10: P(fus@0ms)=1.000, peak=1.000, 16.1s
Using device: cuda
  Model 9/10: P(fus@0ms)=1.000, peak=1.000, 16.0s
  done in 162s -> tbw_control_dt010.npz
  HW @ dt=0.1: 107.6 ms
============================================================
TBW CONTROL @ dt=0.05, n_substeps=200  (dt005)
  10 models x 50 trials x 51 offsets, gNMDA=1.3
============================================================
Using device: cuda
  Model 0/10: P(fus@0ms)=1.000, peak=1.000, 31.4s
Using device: cuda
  Model 1/10: P(fus@0ms)=1.000, peak=1.000, 31.6s
Using device: cuda
  Model 2/10: P(fus@0ms)=0.980, peak=1.000, 31.5s
Using device: cuda
  Model 3/10: P(fus@0ms)=1.000, peak=1.000, 31.7s
Using device: cuda
  Model 4/10: P(fus@0ms)=1.000, peak=1.000, 31.7s
Using device: cuda
  Model 5/10: P(fus@0ms)=1.000, peak=1.000, 31.6s
Using device: cuda
  Model 6/10: P(fus@0ms)=1.000, peak=1.000, 31.6s
Using device: cuda
  Model 7/10: P(fus@0ms)=0.960, peak=1.000, 31.5s
Using device: cuda
  Model 8/10: P(fus@0ms)=0.980, peak=1.000, 31.3s
Using device: cuda
  Model 9/10: P(fus@0ms)=1.000, peak=1.000, 31.3s
  done in 316s -> tbw_control_dt005.npz
  HW @ dt=0.05: 109.1 ms

============================================================
TASK #28  SUPP-FIG POST-FIX RESULT
============================================================
  HW @ dt=0.10 (n_sub=100):  107.6 ms   [162s run]
  HW @ dt=0.05 (n_sub=200):  109.1 ms  [316s run]
  Delta = HW(0.05) - HW(0.10) = +1.5 ms (+1.4%)

Reference (NOT a comparison target):
  Pre-fix supp-fig (paper):      dt=0.1 -> 215.8 ms,  dt=0.05 -> 256.5 ms  (Δ ≈ +40 ms)
  Pre-fix debugger (M00 1-ckpt): dt=0.1 -> 149   ms,  dt=0.05 -> 296   ms  (Δ ≈ +147 ms)
  Stage E sanity (dt=0.1):       ~107 ms

Saved summary -> /home/vishnu/coding_proj/From_Spikes_to_Symptoms_Simulating_SC-Driven_Multisensory_Deficits_in_Autism_Spectrum_Disorder/debug_dt/suppfig_cache/suppfig_post_fix_summary.npz

Total elapsed: 478s (8.0 min)
