====================================================================================================
TASK #55 STAGE 4 — gAMPA-scaling architectural-capacity probe
   n_models=1  gAMPA_scales=[1.0, 0.5, 0.2, 0.1, 0.05]  intensity=[0.3, 1.0]  gNMDA=[0.05, 1.3]
   delays = trained asymmetric (25/40)  pulse = 100 ms  1 ms resolution
   CAVEAT: gAMPA scaling at inference puts trained weights
           OUT-OF-DISTRIBUTION. Probes SUBSTRATE CAPACITY only.
====================================================================================================

[00] msi_model_surr_10_00.pt
Using device: cuda
    gAMPA= 1.00  gNMDA= 0.05  I=0.30  A= 27.0 V= 42.0 B= 27.0 facil=   0.0
Using device: cuda
    gAMPA= 1.00  gNMDA= 0.05  I=1.00  A= 26.0 V= 42.0 B= 27.0 facil=  -1.0
Using device: cuda
    gAMPA= 1.00  gNMDA= 1.30  I=0.30  A= 27.0 V= 42.0 B= 27.0 facil=   0.0
Using device: cuda
    gAMPA= 1.00  gNMDA= 1.30  I=1.00  A= 26.0 V= 42.0 B= 27.0 facil=  -1.0
Using device: cuda
    gAMPA= 0.50  gNMDA= 0.05  I=0.30  A= 27.0 V= 43.0 B= 28.0 facil=  -1.0
Using device: cuda
    gAMPA= 0.50  gNMDA= 0.05  I=1.00  A= 27.0 V= 42.0 B= 27.0 facil=   0.0
Using device: cuda
    gAMPA= 0.50  gNMDA= 1.30  I=0.30  A= 27.0 V= 42.0 B= 27.0 facil=   0.0
Using device: cuda
    gAMPA= 0.50  gNMDA= 1.30  I=1.00  A= 27.0 V= 42.0 B= 27.0 facil=   0.0
Using device: cuda
    gAMPA= 0.20  gNMDA= 0.05  I=0.30  A=133.0 V=156.0 B=162.0 facil= -29.0
Using device: cuda
    gAMPA= 0.20  gNMDA= 0.05  I=1.00  A= 28.0 V=152.0 B=156.0 facil=-128.0
Using device: cuda
    gAMPA= 0.20  gNMDA= 1.30  I=0.30  A= 28.0 V= 43.0 B= 28.0 facil=   0.0
Using device: cuda
    gAMPA= 0.20  gNMDA= 1.30  I=1.00  A= 27.0 V= 42.0 B= 28.0 facil=  -1.0
Using device: cuda
    gAMPA= 0.10  gNMDA= 0.05  I=0.30  A=133.0 V=156.0 B=162.0 facil= -29.0
Using device: cuda
    gAMPA= 0.10  gNMDA= 0.05  I=1.00  A=136.0 V=156.0 B=160.0 facil= -24.0
Using device: cuda
    gAMPA= 0.10  gNMDA= 1.30  I=0.30  A= 28.0 V= 43.0 B= 28.0 facil=   0.0
Using device: cuda
    gAMPA= 0.10  gNMDA= 1.30  I=1.00  A= 27.0 V= 43.0 B= 28.0 facil=  -1.0
Using device: cuda
    gAMPA= 0.05  gNMDA= 0.05  I=0.30  A=133.0 V=157.0 B=162.0 facil= -29.0
Using device: cuda
    gAMPA= 0.05  gNMDA= 0.05  I=1.00  A=136.0 V=156.0 B=160.0 facil= -24.0
Using device: cuda
    gAMPA= 0.05  gNMDA= 1.30  I=0.30  A= 28.0 V= 44.0 B= 28.0 facil=   0.0
Using device: cuda
    gAMPA= 0.05  gNMDA= 1.30  I=1.00  A= 28.0 V= 43.0 B= 28.0 facil=   0.0

Elapsed: 171.7s

Facilitation matrix (rows=gAMPA, cols=intensity, panels=gNMDA):

=== gNMDA = 0.05 ===
intensity     0.3     1.0
gAMPA                    
0.05       -29.00  -24.00
0.10       -29.00  -24.00
0.20       -29.00 -128.00
0.50        -1.00    0.00
1.00         0.00   -1.00

=== gNMDA = 1.3 ===
intensity     0.3     1.0
gAMPA                    
0.05         0.00    0.00
0.10         0.00   -1.00
0.20         0.00   -1.00
0.50         0.00    0.00
1.00         0.00   -1.00

A/V/B matrix per cell:

--- gNMDA=0.05, I=0.3 ---
 gAMPA   A_ms   V_ms   B_ms  facil_ms
   1.0   27.0   42.0   27.0       0.0
   0.5   27.0   43.0   28.0      -1.0
   0.2  133.0  156.0  162.0     -29.0
   0.1  133.0  156.0  162.0     -29.0
   0.1  133.0  157.0  162.0     -29.0

--- gNMDA=0.05, I=1.0 ---
 gAMPA   A_ms   V_ms   B_ms  facil_ms
   1.0   26.0   42.0   27.0      -1.0
   0.5   27.0   42.0   27.0       0.0
   0.2   28.0  152.0  156.0    -128.0
   0.1  136.0  156.0  160.0     -24.0
   0.1  136.0  156.0  160.0     -24.0

--- gNMDA=1.3, I=0.3 ---
 gAMPA   A_ms   V_ms   B_ms  facil_ms
   1.0   27.0   42.0   27.0       0.0
   0.5   27.0   42.0   27.0       0.0
   0.2   28.0   43.0   28.0       0.0
   0.1   28.0   43.0   28.0       0.0
   0.1   28.0   44.0   28.0       0.0

--- gNMDA=1.3, I=1.0 ---
 gAMPA   A_ms   V_ms   B_ms  facil_ms
   1.0   26.0   42.0   27.0      -1.0
   0.5   27.0   42.0   27.0       0.0
   0.2   27.0   42.0   28.0      -1.0
   0.1   27.0   43.0   28.0      -1.0
   0.1   28.0   43.0   28.0       0.0

====================================================================================================
TOP-5 facilitation cells (descending):
   gAMPA    gNMDA  intensity     A_ms     V_ms     B_ms  facil_ms
    1.00     0.05       0.30    27.00    42.00    27.00      0.00
    1.00     1.30       0.30    27.00    42.00    27.00      0.00
    0.50     0.05       1.00    27.00    42.00    27.00      0.00
    0.50     1.30       0.30    27.00    42.00    27.00      0.00
    0.50     1.30       1.00    27.00    42.00    27.00      0.00

Raw saved → task55_stage4_1ckpts.csv
