====================================================================================================
TASK #55 STAGE 6 — brief pulse × very-low intensity × delays @ gNMDA=1.30
   pulse_ms=[5, 10, 20, 30]   intensity=[0.01, 0.02, 0.03, 0.05, 0.07, 0.1]
   delays=['asym_25_40', 'sym_25', 'sym_40']   gNMDA=1.3 (forced)
   1 ms resolution (n_substeps=10), window=400 ms, ckpt 00
   facil = min(eff_A, eff_V) − eff_B  (POSITIVE = facilitation)
====================================================================================================

--- delays = asym_25_40 (25.0,40.0) ms ---
Using device: cuda
   pulse=  5ms I=0.01  A= 29.0 V= 44.0 B= 29.0  facil=   0.0
Using device: cuda
   pulse=  5ms I=0.02  A= 28.0 V= 43.0 B= 29.0  facil=  -1.0
Using device: cuda
   pulse=  5ms I=0.03  A= 28.0 V= 43.0 B= 28.0  facil=   0.0
Using device: cuda
   pulse=  5ms I=0.05  A= 28.0 V= 43.0 B= 28.0  facil=   0.0
Using device: cuda
   pulse=  5ms I=0.07  A= 27.0 V= 43.0 B= 28.0  facil=  -1.0
Using device: cuda
   pulse=  5ms I=0.10  A= 27.0 V= 42.0 B= 28.0  facil=  -1.0
Using device: cuda
   pulse= 10ms I=0.01  A= 29.0 V= 44.0 B= 29.0  facil=   0.0
Using device: cuda
   pulse= 10ms I=0.02  A= 28.0 V= 43.0 B= 29.0  facil=  -1.0
Using device: cuda
   pulse= 10ms I=0.03  A= 28.0 V= 43.0 B= 28.0  facil=   0.0
Using device: cuda
   pulse= 10ms I=0.05  A= 28.0 V= 43.0 B= 28.0  facil=   0.0
Using device: cuda
   pulse= 10ms I=0.07  A= 27.0 V= 43.0 B= 28.0  facil=  -1.0
Using device: cuda
   pulse= 10ms I=0.10  A= 27.0 V= 42.0 B= 28.0  facil=  -1.0
Using device: cuda
   pulse= 20ms I=0.01  A= 29.0 V= 44.0 B= 29.0  facil=   0.0
Using device: cuda
   pulse= 20ms I=0.02  A= 28.0 V= 43.0 B= 29.0  facil=  -1.0
Using device: cuda
   pulse= 20ms I=0.03  A= 28.0 V= 43.0 B= 28.0  facil=   0.0
Using device: cuda
   pulse= 20ms I=0.05  A= 28.0 V= 43.0 B= 28.0  facil=   0.0
Using device: cuda
   pulse= 20ms I=0.07  A= 27.0 V= 43.0 B= 28.0  facil=  -1.0
Using device: cuda
   pulse= 20ms I=0.10  A= 27.0 V= 42.0 B= 28.0  facil=  -1.0
Using device: cuda
   pulse= 30ms I=0.01  A= 29.0 V= 44.0 B= 29.0  facil=   0.0
Using device: cuda
   pulse= 30ms I=0.02  A= 28.0 V= 43.0 B= 29.0  facil=  -1.0
Using device: cuda
   pulse= 30ms I=0.03  A= 28.0 V= 43.0 B= 28.0  facil=   0.0
Using device: cuda
   pulse= 30ms I=0.05  A= 28.0 V= 43.0 B= 28.0  facil=   0.0
Using device: cuda
   pulse= 30ms I=0.07  A= 27.0 V= 43.0 B= 28.0  facil=  -1.0
Using device: cuda
   pulse= 30ms I=0.10  A= 27.0 V= 42.0 B= 28.0  facil=  -1.0

--- delays = sym_25 (25.0,25.0) ms ---
Using device: cuda
   pulse=  5ms I=0.01  A= 29.0 V= 29.0 B= 29.0  facil=   0.0
Using device: cuda
   pulse=  5ms I=0.02  A= 28.0 V= 28.0 B= 28.0  facil=   0.0
Using device: cuda
   pulse=  5ms I=0.03  A= 28.0 V= 28.0 B= 28.0  facil=   0.0
Using device: cuda
   pulse=  5ms I=0.05  A= 28.0 V= 28.0 B= 27.0  facil=   1.0
Using device: cuda
   pulse=  5ms I=0.07  A= 27.0 V= 28.0 B= 27.0  facil=   0.0
Using device: cuda
   pulse=  5ms I=0.10  A= 27.0 V= 27.0 B= 27.0  facil=   0.0
Using device: cuda
   pulse= 10ms I=0.01  A= 29.0 V= 29.0 B= 29.0  facil=   0.0
Using device: cuda
   pulse= 10ms I=0.02  A= 28.0 V= 28.0 B= 28.0  facil=   0.0
Using device: cuda
   pulse= 10ms I=0.03  A= 28.0 V= 28.0 B= 28.0  facil=   0.0
Using device: cuda
   pulse= 10ms I=0.05  A= 28.0 V= 28.0 B= 27.0  facil=   1.0
Using device: cuda
   pulse= 10ms I=0.07  A= 27.0 V= 28.0 B= 27.0  facil=   0.0
Using device: cuda
   pulse= 10ms I=0.10  A= 27.0 V= 27.0 B= 27.0  facil=   0.0
Using device: cuda
   pulse= 20ms I=0.01  A= 29.0 V= 29.0 B= 29.0  facil=   0.0
Using device: cuda
   pulse= 20ms I=0.02  A= 28.0 V= 28.0 B= 28.0  facil=   0.0
Using device: cuda
   pulse= 20ms I=0.03  A= 28.0 V= 28.0 B= 28.0  facil=   0.0
Using device: cuda
   pulse= 20ms I=0.05  A= 28.0 V= 28.0 B= 27.0  facil=   1.0
Using device: cuda
   pulse= 20ms I=0.07  A= 27.0 V= 28.0 B= 27.0  facil=   0.0
Using device: cuda
   pulse= 20ms I=0.10  A= 27.0 V= 27.0 B= 27.0  facil=   0.0
Using device: cuda
   pulse= 30ms I=0.01  A= 29.0 V= 29.0 B= 29.0  facil=   0.0
Using device: cuda
   pulse= 30ms I=0.02  A= 28.0 V= 28.0 B= 28.0  facil=   0.0
Using device: cuda
   pulse= 30ms I=0.03  A= 28.0 V= 28.0 B= 28.0  facil=   0.0
Using device: cuda
   pulse= 30ms I=0.05  A= 28.0 V= 28.0 B= 27.0  facil=   1.0
Using device: cuda
   pulse= 30ms I=0.07  A= 27.0 V= 28.0 B= 27.0  facil=   0.0
Using device: cuda
   pulse= 30ms I=0.10  A= 27.0 V= 27.0 B= 27.0  facil=   0.0

--- delays = sym_40 (40.0,40.0) ms ---
Using device: cuda
   pulse=  5ms I=0.01  A= 44.0 V= 44.0 B= 44.0  facil=   0.0
Using device: cuda
   pulse=  5ms I=0.02  A= 43.0 V= 44.0 B= 43.0  facil=   0.0
Using device: cuda
   pulse=  5ms I=0.03  A= 43.0 V= 43.0 B= 43.0  facil=   0.0
Using device: cuda
   pulse=  5ms I=0.05  A= 43.0 V= 43.0 B= 43.0  facil=   0.0
Using device: cuda
   pulse=  5ms I=0.07  A= 42.0 V= 43.0 B= 42.0  facil=   0.0
Using device: cuda
   pulse=  5ms I=0.10  A= 42.0 V= 42.0 B= 42.0  facil=   0.0
Using device: cuda
   pulse= 10ms I=0.01  A= 44.0 V= 44.0 B= 44.0  facil=   0.0
Using device: cuda
   pulse= 10ms I=0.02  A= 43.0 V= 44.0 B= 43.0  facil=   0.0
Using device: cuda
   pulse= 10ms I=0.03  A= 43.0 V= 43.0 B= 43.0  facil=   0.0
Using device: cuda
   pulse= 10ms I=0.05  A= 43.0 V= 43.0 B= 43.0  facil=   0.0
Using device: cuda
   pulse= 10ms I=0.07  A= 42.0 V= 43.0 B= 42.0  facil=   0.0
Using device: cuda
   pulse= 10ms I=0.10  A= 42.0 V= 42.0 B= 42.0  facil=   0.0
Using device: cuda
   pulse= 20ms I=0.01  A= 44.0 V= 44.0 B= 44.0  facil=   0.0
Using device: cuda
   pulse= 20ms I=0.02  A= 43.0 V= 44.0 B= 43.0  facil=   0.0
Using device: cuda
   pulse= 20ms I=0.03  A= 43.0 V= 43.0 B= 43.0  facil=   0.0
Using device: cuda
   pulse= 20ms I=0.05  A= 43.0 V= 43.0 B= 43.0  facil=   0.0
Using device: cuda
   pulse= 20ms I=0.07  A= 42.0 V= 43.0 B= 42.0  facil=   0.0
Using device: cuda
   pulse= 20ms I=0.10  A= 42.0 V= 42.0 B= 42.0  facil=   0.0
Using device: cuda
   pulse= 30ms I=0.01  A= 44.0 V= 44.0 B= 44.0  facil=   0.0
Using device: cuda
   pulse= 30ms I=0.02  A= 43.0 V= 44.0 B= 43.0  facil=   0.0
Using device: cuda
   pulse= 30ms I=0.03  A= 43.0 V= 43.0 B= 43.0  facil=   0.0
Using device: cuda
   pulse= 30ms I=0.05  A= 43.0 V= 43.0 B= 43.0  facil=   0.0
Using device: cuda
   pulse= 30ms I=0.07  A= 42.0 V= 43.0 B= 42.0  facil=   0.0
Using device: cuda
   pulse= 30ms I=0.10  A= 42.0 V= 42.0 B= 42.0  facil=   0.0

Elapsed: 363.6s

====================================================================================================
Per-delay facilitation matrix (rows=pulse_ms, cols=intensity):

=== delays=asym_25_40 (gNMDA=1.3) ===
intensity    0.01    0.02    0.03    0.05    0.07    0.10
pulse_ms                                                 
5            0.00   -1.00    0.00    0.00   -1.00   -1.00
10           0.00   -1.00    0.00    0.00   -1.00   -1.00
20           0.00   -1.00    0.00    0.00   -1.00   -1.00
30           0.00   -1.00    0.00    0.00   -1.00   -1.00

=== delays=sym_25 (gNMDA=1.3) ===
intensity    0.01    0.02    0.03    0.05    0.07    0.10
pulse_ms                                                 
5            0.00    0.00    0.00    1.00    0.00    0.00
10           0.00    0.00    0.00    1.00    0.00    0.00
20           0.00    0.00    0.00    1.00    0.00    0.00
30           0.00    0.00    0.00    1.00    0.00    0.00

=== delays=sym_40 (gNMDA=1.3) ===
intensity    0.01    0.02    0.03    0.05    0.07    0.10
pulse_ms                                                 
5            0.00    0.00    0.00    0.00    0.00    0.00
10           0.00    0.00    0.00    0.00    0.00    0.00
20           0.00    0.00    0.00    0.00    0.00    0.00
30           0.00    0.00    0.00    0.00    0.00    0.00

TOP-10 facilitation cells:
    delays  pulse_ms  intensity     A_ms     V_ms     B_ms  facil_ms
    sym_25         5       0.05    28.00    28.00    27.00      1.00
    sym_25        10       0.05    28.00    28.00    27.00      1.00
    sym_25        20       0.05    28.00    28.00    27.00      1.00
    sym_25        30       0.05    28.00    28.00    27.00      1.00
asym_25_40         5       0.01    29.00    44.00    29.00      0.00
asym_25_40         5       0.03    28.00    43.00    28.00      0.00
asym_25_40         5       0.05    28.00    43.00    28.00      0.00
asym_25_40        10       0.01    29.00    44.00    29.00      0.00
asym_25_40        10       0.03    28.00    43.00    28.00      0.00
asym_25_40        10       0.05    28.00    43.00    28.00      0.00

Raw saved → task55_stage6_brief_subthresh.csv
