==============================================================================
TASK #53 EXP-2 — sub-frame latency measurement
   n_models = 10    intensity = 1.0
   resolutions = ['10ms', '1ms']
   (preserved stimulus=100ms, window=400ms across resolutions)
   canonical Izh override: aM=0.001 bM=0.2 cM=-60 dM=0.1
==============================================================================

[00] msi_model_surr_10_00.pt
Using device: cuda
    res=  10ms  A=    30.0  V=    50.0  B=    30.0  ΔLat=    10.0  el=3.4s
    res=   1ms  A=    26.0  V=    42.0  B=    27.0  ΔLat=     7.0  el=2.9s

[01] msi_model_surr_10_01.pt
Using device: cuda
    res=  10ms  A=    30.0  V=    50.0  B=    30.0  ΔLat=    10.0  el=3.2s
    res=   1ms  A=    26.0  V=    42.0  B=    27.0  ΔLat=     7.0  el=2.9s

[02] msi_model_surr_10_02.pt
Using device: cuda
    res=  10ms  A=    30.0  V=    50.0  B=    30.0  ΔLat=    10.0  el=3.2s
    res=   1ms  A=    26.0  V=    42.0  B=    27.0  ΔLat=     7.0  el=2.9s

[03] msi_model_surr_10_03.pt
Using device: cuda
    res=  10ms  A=    30.0  V=    50.0  B=    30.0  ΔLat=    10.0  el=3.2s
    res=   1ms  A=    26.0  V=    42.0  B=    27.0  ΔLat=     7.0  el=2.9s

[04] msi_model_surr_10_04.pt
Using device: cuda
    res=  10ms  A=    30.0  V=    50.0  B=    30.0  ΔLat=    10.0  el=3.2s
    res=   1ms  A=    27.0  V=    42.0  B=    27.0  ΔLat=     7.5  el=3.0s

[05] msi_model_surr_10_05.pt
Using device: cuda
    res=  10ms  A=    30.0  V=    50.0  B=    30.0  ΔLat=    10.0  el=3.2s
    res=   1ms  A=    26.0  V=    42.0  B=    27.0  ΔLat=     7.0  el=2.9s

[06] msi_model_surr_10_06.pt
Using device: cuda
    res=  10ms  A=    30.0  V=    50.0  B=    30.0  ΔLat=    10.0  el=3.2s
    res=   1ms  A=    26.0  V=    42.0  B=    27.0  ΔLat=     7.0  el=2.9s

[07] msi_model_surr_10_07.pt
Using device: cuda
    res=  10ms  A=    30.0  V=    50.0  B=    30.0  ΔLat=    10.0  el=3.2s
    res=   1ms  A=    26.0  V=    42.0  B=    27.0  ΔLat=     7.0  el=2.9s

[08] msi_model_surr_10_08.pt
Using device: cuda
    res=  10ms  A=    30.0  V=    50.0  B=    30.0  ΔLat=    10.0  el=3.2s
    res=   1ms  A=    26.0  V=    42.0  B=    27.0  ΔLat=     7.0  el=2.9s

[09] msi_model_surr_10_09.pt
Using device: cuda
    res=  10ms  A=    30.0  V=    50.0  B=    30.0  ΔLat=    10.0  el=3.2s
    res=   1ms  A=    27.0  V=    42.0  B=    27.0  ΔLat=     7.5  el=3.0s

Elapsed: 62.1s

==============================================================================
PER-RESOLUTION SUMMARY
==============================================================================
                n  A_mean   A_std  V_mean   V_std  B_mean   B_std  ΔLat_mean  ΔLat_std
resolution_ms                                                                         
1              10   26.20    0.42   42.00    0.00   27.00    0.00       7.10      0.21
10             10   30.00    0.00   50.00    0.00   30.00    0.00      10.00      0.00

Raw saved → task53_exp2_subframe_10ms_1ms.csv
