================================================================================================
TASK #55 STAGE 2 — brief-pulse × intensity at SYMMETRIC delays + gNMDA boost
   n_models=1  delays=['sym_25', 'sym_40']  pulses=[5, 10, 20, 30, 50]  intensities=[0.1, 0.3, 0.7, 1.0]  gNMDA=[0.05, 1.3]
   1 ms resolution (n_substeps=10), canonical Izh override applied
   facil = min(A,V) − B  (POSITIVE = B faster = facilitation)
================================================================================================

[00] msi_model_surr_10_00.pt
Using device: cuda
    sym_25  gNMDA= 0.05  pulse=  5ms  I=0.10  A=  27.0  V=  27.0  B=  27.0  facil=   0.0
Using device: cuda
    sym_25  gNMDA= 0.05  pulse=  5ms  I=0.30  A=  27.0  V=  27.0  B=  27.0  facil=   0.0
Using device: cuda
    sym_25  gNMDA= 0.05  pulse=  5ms  I=0.70  A=  27.0  V=  27.0  B=  26.0  facil=   1.0  ◀── FACIL
Using device: cuda
    sym_25  gNMDA= 0.05  pulse=  5ms  I=1.00  A=  26.0  V=  27.0  B=  26.0  facil=   0.0
Using device: cuda
    sym_25  gNMDA= 0.05  pulse= 10ms  I=0.10  A=  27.0  V=  27.0  B=  27.0  facil=   0.0
Using device: cuda
    sym_25  gNMDA= 0.05  pulse= 10ms  I=0.30  A=  27.0  V=  27.0  B=  27.0  facil=   0.0
Using device: cuda
    sym_25  gNMDA= 0.05  pulse= 10ms  I=0.70  A=  27.0  V=  27.0  B=  26.0  facil=   1.0  ◀── FACIL
Using device: cuda
    sym_25  gNMDA= 0.05  pulse= 10ms  I=1.00  A=  26.0  V=  27.0  B=  26.0  facil=   0.0
Using device: cuda
    sym_25  gNMDA= 0.05  pulse= 20ms  I=0.10  A=  27.0  V=  27.0  B=  27.0  facil=   0.0
Using device: cuda
    sym_25  gNMDA= 0.05  pulse= 20ms  I=0.30  A=  27.0  V=  27.0  B=  27.0  facil=   0.0
Using device: cuda
    sym_25  gNMDA= 0.05  pulse= 20ms  I=0.70  A=  27.0  V=  27.0  B=  26.0  facil=   1.0  ◀── FACIL
Using device: cuda
    sym_25  gNMDA= 0.05  pulse= 20ms  I=1.00  A=  26.0  V=  27.0  B=  26.0  facil=   0.0
Using device: cuda
    sym_25  gNMDA= 0.05  pulse= 30ms  I=0.10  A=  27.0  V=  27.0  B=  27.0  facil=   0.0
Using device: cuda
    sym_25  gNMDA= 0.05  pulse= 30ms  I=0.30  A=  27.0  V=  27.0  B=  27.0  facil=   0.0
Using device: cuda
    sym_25  gNMDA= 0.05  pulse= 30ms  I=0.70  A=  27.0  V=  27.0  B=  26.0  facil=   1.0  ◀── FACIL
Using device: cuda
    sym_25  gNMDA= 0.05  pulse= 30ms  I=1.00  A=  26.0  V=  27.0  B=  26.0  facil=   0.0
Using device: cuda
    sym_25  gNMDA= 0.05  pulse= 50ms  I=0.10  A=  27.0  V=  27.0  B=  27.0  facil=   0.0
Using device: cuda
    sym_25  gNMDA= 0.05  pulse= 50ms  I=0.30  A=  27.0  V=  27.0  B=  27.0  facil=   0.0
Using device: cuda
    sym_25  gNMDA= 0.05  pulse= 50ms  I=0.70  A=  27.0  V=  27.0  B=  26.0  facil=   1.0  ◀── FACIL
Using device: cuda
    sym_25  gNMDA= 0.05  pulse= 50ms  I=1.00  A=  26.0  V=  27.0  B=  26.0  facil=   0.0
Using device: cuda
    sym_25  gNMDA= 1.30  pulse=  5ms  I=0.10  A=  27.0  V=  27.0  B=  27.0  facil=   0.0
Using device: cuda
    sym_25  gNMDA= 1.30  pulse=  5ms  I=0.30  A=  27.0  V=  27.0  B=  27.0  facil=   0.0
Using device: cuda
    sym_25  gNMDA= 1.30  pulse=  5ms  I=0.70  A=  27.0  V=  27.0  B=  26.0  facil=   1.0  ◀── FACIL
Using device: cuda
    sym_25  gNMDA= 1.30  pulse=  5ms  I=1.00  A=  26.0  V=  27.0  B=  26.0  facil=   0.0
Using device: cuda
    sym_25  gNMDA= 1.30  pulse= 10ms  I=0.10  A=  27.0  V=  27.0  B=  27.0  facil=   0.0
Using device: cuda
    sym_25  gNMDA= 1.30  pulse= 10ms  I=0.30  A=  27.0  V=  27.0  B=  27.0  facil=   0.0
Using device: cuda
    sym_25  gNMDA= 1.30  pulse= 10ms  I=0.70  A=  27.0  V=  27.0  B=  26.0  facil=   1.0  ◀── FACIL
Using device: cuda
    sym_25  gNMDA= 1.30  pulse= 10ms  I=1.00  A=  26.0  V=  27.0  B=  26.0  facil=   0.0
Using device: cuda
    sym_25  gNMDA= 1.30  pulse= 20ms  I=0.10  A=  27.0  V=  27.0  B=  27.0  facil=   0.0
Using device: cuda
    sym_25  gNMDA= 1.30  pulse= 20ms  I=0.30  A=  27.0  V=  27.0  B=  27.0  facil=   0.0
Using device: cuda
    sym_25  gNMDA= 1.30  pulse= 20ms  I=0.70  A=  27.0  V=  27.0  B=  26.0  facil=   1.0  ◀── FACIL
Using device: cuda
    sym_25  gNMDA= 1.30  pulse= 20ms  I=1.00  A=  26.0  V=  27.0  B=  26.0  facil=   0.0
Using device: cuda
    sym_25  gNMDA= 1.30  pulse= 30ms  I=0.10  A=  27.0  V=  27.0  B=  27.0  facil=   0.0
Using device: cuda
    sym_25  gNMDA= 1.30  pulse= 30ms  I=0.30  A=  27.0  V=  27.0  B=  27.0  facil=   0.0
Using device: cuda
    sym_25  gNMDA= 1.30  pulse= 30ms  I=0.70  A=  27.0  V=  27.0  B=  26.0  facil=   1.0  ◀── FACIL
Using device: cuda
    sym_25  gNMDA= 1.30  pulse= 30ms  I=1.00  A=  26.0  V=  27.0  B=  26.0  facil=   0.0
Using device: cuda
    sym_25  gNMDA= 1.30  pulse= 50ms  I=0.10  A=  27.0  V=  27.0  B=  27.0  facil=   0.0
Using device: cuda
    sym_25  gNMDA= 1.30  pulse= 50ms  I=0.30  A=  27.0  V=  27.0  B=  27.0  facil=   0.0
Using device: cuda
    sym_25  gNMDA= 1.30  pulse= 50ms  I=0.70  A=  27.0  V=  27.0  B=  26.0  facil=   1.0  ◀── FACIL
Using device: cuda
    sym_25  gNMDA= 1.30  pulse= 50ms  I=1.00  A=  26.0  V=  27.0  B=  26.0  facil=   0.0
Using device: cuda
    sym_40  gNMDA= 0.05  pulse=  5ms  I=0.10  A=  42.0  V=  43.0  B=  42.0  facil=   0.0
Using device: cuda
    sym_40  gNMDA= 0.05  pulse=  5ms  I=0.30  A=  42.0  V=  42.0  B=  42.0  facil=   0.0
Using device: cuda
    sym_40  gNMDA= 0.05  pulse=  5ms  I=0.70  A=  42.0  V=  42.0  B=  42.0  facil=   0.0
Using device: cuda
    sym_40  gNMDA= 0.05  pulse=  5ms  I=1.00  A=  42.0  V=  42.0  B=  41.0  facil=   1.0  ◀── FACIL
Using device: cuda
    sym_40  gNMDA= 0.05  pulse= 10ms  I=0.10  A=  42.0  V=  43.0  B=  42.0  facil=   0.0
Using device: cuda
    sym_40  gNMDA= 0.05  pulse= 10ms  I=0.30  A=  42.0  V=  42.0  B=  42.0  facil=   0.0
Using device: cuda
    sym_40  gNMDA= 0.05  pulse= 10ms  I=0.70  A=  42.0  V=  42.0  B=  42.0  facil=   0.0
Using device: cuda
    sym_40  gNMDA= 0.05  pulse= 10ms  I=1.00  A=  42.0  V=  42.0  B=  41.0  facil=   1.0  ◀── FACIL
Using device: cuda
    sym_40  gNMDA= 0.05  pulse= 20ms  I=0.10  A=  42.0  V=  43.0  B=  42.0  facil=   0.0
Using device: cuda
    sym_40  gNMDA= 0.05  pulse= 20ms  I=0.30  A=  42.0  V=  42.0  B=  42.0  facil=   0.0
Using device: cuda
    sym_40  gNMDA= 0.05  pulse= 20ms  I=0.70  A=  42.0  V=  42.0  B=  42.0  facil=   0.0
Using device: cuda
    sym_40  gNMDA= 0.05  pulse= 20ms  I=1.00  A=  42.0  V=  42.0  B=  41.0  facil=   1.0  ◀── FACIL
Using device: cuda
    sym_40  gNMDA= 0.05  pulse= 30ms  I=0.10  A=  42.0  V=  43.0  B=  42.0  facil=   0.0
Using device: cuda
    sym_40  gNMDA= 0.05  pulse= 30ms  I=0.30  A=  42.0  V=  42.0  B=  42.0  facil=   0.0
Using device: cuda
    sym_40  gNMDA= 0.05  pulse= 30ms  I=0.70  A=  42.0  V=  42.0  B=  42.0  facil=   0.0
Using device: cuda
    sym_40  gNMDA= 0.05  pulse= 30ms  I=1.00  A=  42.0  V=  42.0  B=  41.0  facil=   1.0  ◀── FACIL
Using device: cuda
    sym_40  gNMDA= 0.05  pulse= 50ms  I=0.10  A=  42.0  V=  43.0  B=  42.0  facil=   0.0
Using device: cuda
    sym_40  gNMDA= 0.05  pulse= 50ms  I=0.30  A=  42.0  V=  42.0  B=  42.0  facil=   0.0
Using device: cuda
    sym_40  gNMDA= 0.05  pulse= 50ms  I=0.70  A=  42.0  V=  42.0  B=  42.0  facil=   0.0
Using device: cuda
    sym_40  gNMDA= 0.05  pulse= 50ms  I=1.00  A=  42.0  V=  42.0  B=  41.0  facil=   1.0  ◀── FACIL
Using device: cuda
    sym_40  gNMDA= 1.30  pulse=  5ms  I=0.10  A=  42.0  V=  42.0  B=  42.0  facil=   0.0
Using device: cuda
    sym_40  gNMDA= 1.30  pulse=  5ms  I=0.30  A=  42.0  V=  42.0  B=  42.0  facil=   0.0
Using device: cuda
    sym_40  gNMDA= 1.30  pulse=  5ms  I=0.70  A=  42.0  V=  42.0  B=  42.0  facil=   0.0
Using device: cuda
    sym_40  gNMDA= 1.30  pulse=  5ms  I=1.00  A=  41.0  V=  42.0  B=  41.0  facil=   0.0
Using device: cuda
    sym_40  gNMDA= 1.30  pulse= 10ms  I=0.10  A=  42.0  V=  42.0  B=  42.0  facil=   0.0
Using device: cuda
    sym_40  gNMDA= 1.30  pulse= 10ms  I=0.30  A=  42.0  V=  42.0  B=  42.0  facil=   0.0
Using device: cuda
    sym_40  gNMDA= 1.30  pulse= 10ms  I=0.70  A=  42.0  V=  42.0  B=  42.0  facil=   0.0
Using device: cuda
    sym_40  gNMDA= 1.30  pulse= 10ms  I=1.00  A=  41.0  V=  42.0  B=  41.0  facil=   0.0
Using device: cuda
    sym_40  gNMDA= 1.30  pulse= 20ms  I=0.10  A=  42.0  V=  42.0  B=  42.0  facil=   0.0
Using device: cuda
    sym_40  gNMDA= 1.30  pulse= 20ms  I=0.30  A=  42.0  V=  42.0  B=  42.0  facil=   0.0
Using device: cuda
    sym_40  gNMDA= 1.30  pulse= 20ms  I=0.70  A=  42.0  V=  42.0  B=  42.0  facil=   0.0
Using device: cuda
    sym_40  gNMDA= 1.30  pulse= 20ms  I=1.00  A=  41.0  V=  42.0  B=  41.0  facil=   0.0
Using device: cuda
    sym_40  gNMDA= 1.30  pulse= 30ms  I=0.10  A=  42.0  V=  42.0  B=  42.0  facil=   0.0
Using device: cuda
    sym_40  gNMDA= 1.30  pulse= 30ms  I=0.30  A=  42.0  V=  42.0  B=  42.0  facil=   0.0
Using device: cuda
    sym_40  gNMDA= 1.30  pulse= 30ms  I=0.70  A=  42.0  V=  42.0  B=  41.0  facil=   1.0  ◀── FACIL
Using device: cuda
    sym_40  gNMDA= 1.30  pulse= 30ms  I=1.00  A=  41.0  V=  42.0  B=  41.0  facil=   0.0
Using device: cuda
    sym_40  gNMDA= 1.30  pulse= 50ms  I=0.10  A=  42.0  V=  42.0  B=  42.0  facil=   0.0
Using device: cuda
    sym_40  gNMDA= 1.30  pulse= 50ms  I=0.30  A=  42.0  V=  42.0  B=  42.0  facil=   0.0
Using device: cuda
    sym_40  gNMDA= 1.30  pulse= 50ms  I=0.70  A=  42.0  V=  42.0  B=  41.0  facil=   1.0  ◀── FACIL
Using device: cuda
    sym_40  gNMDA= 1.30  pulse= 50ms  I=1.00  A=  41.0  V=  42.0  B=  41.0  facil=   0.0

Elapsed: 358.8s

=== facil matrix  delays=sym_25  gNMDA=0.05 ===
intensity     0.1     0.3     0.7     1.0
pulse_ms                                 
5            0.00    0.00    1.00    0.00
10           0.00    0.00    1.00    0.00
20           0.00    0.00    1.00    0.00
30           0.00    0.00    1.00    0.00
50           0.00    0.00    1.00    0.00

=== facil matrix  delays=sym_25  gNMDA=1.3 ===
intensity     0.1     0.3     0.7     1.0
pulse_ms                                 
5            0.00    0.00    1.00    0.00
10           0.00    0.00    1.00    0.00
20           0.00    0.00    1.00    0.00
30           0.00    0.00    1.00    0.00
50           0.00    0.00    1.00    0.00

=== facil matrix  delays=sym_40  gNMDA=0.05 ===
intensity     0.1     0.3     0.7     1.0
pulse_ms                                 
5            0.00    0.00    0.00    1.00
10           0.00    0.00    0.00    1.00
20           0.00    0.00    0.00    1.00
30           0.00    0.00    0.00    1.00
50           0.00    0.00    0.00    1.00

=== facil matrix  delays=sym_40  gNMDA=1.3 ===
intensity     0.1     0.3     0.7     1.0
pulse_ms                                 
5            0.00    0.00    0.00    0.00
10           0.00    0.00    0.00    0.00
20           0.00    0.00    0.00    0.00
30           0.00    0.00    1.00    0.00
50           0.00    0.00    1.00    0.00

BEST facilitation cell: facil = 1.00 ms
  delays=sym_25  gNMDA=0.05  pulse_ms=5  intensity=0.7
  A=27.0  V=27.0  B=26.0

Raw saved → task55_stage2_1ckpts.csv
