[0] loading msi_model_surr_10_00.pt …
Using device: cuda
    done in 3.34s → ΔLatency = 10.0 ms
[1] loading msi_model_surr_10_01.pt …
Using device: cuda
    done in 3.14s → ΔLatency = 10.0 ms
[2] loading msi_model_surr_10_02.pt …
Using device: cuda
    done in 3.14s → ΔLatency = 10.0 ms
[3] loading msi_model_surr_10_03.pt …
Using device: cuda
    done in 3.14s → ΔLatency = 10.0 ms
[4] loading msi_model_surr_10_04.pt …
Using device: cuda
    done in 3.13s → ΔLatency = 10.0 ms
[5] loading msi_model_surr_10_05.pt …
Using device: cuda
    done in 3.14s → ΔLatency = 10.0 ms
[6] loading msi_model_surr_10_06.pt …
Using device: cuda
    done in 3.13s → ΔLatency = 10.0 ms
[7] loading msi_model_surr_10_07.pt …
Using device: cuda
    done in 3.10s → ΔLatency = 10.0 ms
[8] loading msi_model_surr_10_08.pt …
Using device: cuda
    done in 3.10s → ΔLatency = 10.0 ms
[9] loading msi_model_surr_10_09.pt …
Using device: cuda
    done in 3.09s → ΔLatency = 10.0 ms

=== Latency summary across 10 models ===
                       A_ms   V_ms   B_ms  UniMean_ms  ΔLatency_ms
Model                                                             
msi_model_surr_10_00   30.0   50.0   30.0        40.0         10.0
msi_model_surr_10_01   30.0   50.0   30.0        40.0         10.0
msi_model_surr_10_02   30.0   50.0   30.0        40.0         10.0
msi_model_surr_10_03   30.0   50.0   30.0        40.0         10.0
msi_model_surr_10_04   30.0   50.0   30.0        40.0         10.0
msi_model_surr_10_05   30.0   50.0   30.0        40.0         10.0
msi_model_surr_10_06   30.0   50.0   30.0        40.0         10.0
msi_model_surr_10_07   30.0   50.0   30.0        40.0         10.0
msi_model_surr_10_08   30.0   50.0   30.0        40.0         10.0
msi_model_surr_10_09   30.0   50.0   30.0        40.0         10.0

Mean ± SEM (ms):
  A_ms        :  30.0 ±  0.0
  V_ms        :  50.0 ±  0.0
  B_ms        :  30.0 ±  0.0
  UniMean_ms  :  40.0 ±  0.0
  ΔLatency_ms :  10.0 ±  0.0
