==============================================================================
TASK #53 EXP-1 — intensity sweep for latency facilitation
   n_models = 10    intensities = [0.1, 0.15, 0.2, 0.3, 0.5, 0.7, 1.0, 1.4]
   canonical Izh override: aM=0.001 bM=0.2 cM=-60 dM=0.1
   (dt, n_substeps, gNMDA, plasticity from ckpt mutable_hparams)
==============================================================================

[00] msi_model_surr_10_00.pt
Using device: cuda
    I= 0.10  A=  30.0  V=  50.0  B=  30.0  ΔLat=  10.0
    I= 0.15  A=  30.0  V=  50.0  B=  30.0  ΔLat=  10.0
    I= 0.20  A=  30.0  V=  50.0  B=  30.0  ΔLat=  10.0
    I= 0.30  A=  30.0  V=  50.0  B=  30.0  ΔLat=  10.0
    I= 0.50  A=  30.0  V=  50.0  B=  30.0  ΔLat=  10.0
    I= 0.70  A=  30.0  V=  50.0  B=  30.0  ΔLat=  10.0
    I= 1.00  A=  30.0  V=  50.0  B=  30.0  ΔLat=  10.0
    I= 1.40  A=  30.0  V=  50.0  B=  30.0  ΔLat=  10.0

[01] msi_model_surr_10_01.pt
Using device: cuda
    I= 0.10  A=  30.0  V=  50.0  B=  30.0  ΔLat=  10.0
    I= 0.15  A=  30.0  V=  50.0  B=  30.0  ΔLat=  10.0
    I= 0.20  A=  30.0  V=  50.0  B=  30.0  ΔLat=  10.0
    I= 0.30  A=  30.0  V=  50.0  B=  30.0  ΔLat=  10.0
    I= 0.50  A=  30.0  V=  50.0  B=  30.0  ΔLat=  10.0
    I= 0.70  A=  30.0  V=  50.0  B=  30.0  ΔLat=  10.0
    I= 1.00  A=  30.0  V=  50.0  B=  30.0  ΔLat=  10.0
    I= 1.40  A=  30.0  V=  50.0  B=  30.0  ΔLat=  10.0

[02] msi_model_surr_10_02.pt
Using device: cuda
    I= 0.10  A=  30.0  V=  50.0  B=  30.0  ΔLat=  10.0
    I= 0.15  A=  30.0  V=  50.0  B=  30.0  ΔLat=  10.0
    I= 0.20  A=  30.0  V=  50.0  B=  30.0  ΔLat=  10.0
    I= 0.30  A=  30.0  V=  50.0  B=  30.0  ΔLat=  10.0
    I= 0.50  A=  30.0  V=  50.0  B=  30.0  ΔLat=  10.0
    I= 0.70  A=  30.0  V=  50.0  B=  30.0  ΔLat=  10.0
    I= 1.00  A=  30.0  V=  50.0  B=  30.0  ΔLat=  10.0
    I= 1.40  A=  30.0  V=  50.0  B=  30.0  ΔLat=  10.0

[03] msi_model_surr_10_03.pt
Using device: cuda
    I= 0.10  A=  30.0  V=  50.0  B=  30.0  ΔLat=  10.0
    I= 0.15  A=  30.0  V=  50.0  B=  30.0  ΔLat=  10.0
    I= 0.20  A=  30.0  V=  50.0  B=  30.0  ΔLat=  10.0
    I= 0.30  A=  30.0  V=  50.0  B=  30.0  ΔLat=  10.0
    I= 0.50  A=  30.0  V=  50.0  B=  30.0  ΔLat=  10.0
    I= 0.70  A=  30.0  V=  50.0  B=  30.0  ΔLat=  10.0
    I= 1.00  A=  30.0  V=  50.0  B=  30.0  ΔLat=  10.0
    I= 1.40  A=  30.0  V=  50.0  B=  30.0  ΔLat=  10.0

[04] msi_model_surr_10_04.pt
Using device: cuda
    I= 0.10  A=  30.0  V=  50.0  B=  30.0  ΔLat=  10.0
    I= 0.15  A=  30.0  V=  50.0  B=  30.0  ΔLat=  10.0
    I= 0.20  A=  30.0  V=  50.0  B=  30.0  ΔLat=  10.0
    I= 0.30  A=  30.0  V=  50.0  B=  30.0  ΔLat=  10.0
    I= 0.50  A=  30.0  V=  50.0  B=  30.0  ΔLat=  10.0
    I= 0.70  A=  30.0  V=  50.0  B=  30.0  ΔLat=  10.0
    I= 1.00  A=  30.0  V=  50.0  B=  30.0  ΔLat=  10.0
    I= 1.40  A=  30.0  V=  50.0  B=  30.0  ΔLat=  10.0

[05] msi_model_surr_10_05.pt
Using device: cuda
    I= 0.10  A=  30.0  V=  50.0  B=  30.0  ΔLat=  10.0
    I= 0.15  A=  30.0  V=  50.0  B=  30.0  ΔLat=  10.0
    I= 0.20  A=  30.0  V=  50.0  B=  30.0  ΔLat=  10.0
    I= 0.30  A=  30.0  V=  50.0  B=  30.0  ΔLat=  10.0
    I= 0.50  A=  30.0  V=  50.0  B=  30.0  ΔLat=  10.0
    I= 0.70  A=  30.0  V=  50.0  B=  30.0  ΔLat=  10.0
    I= 1.00  A=  30.0  V=  50.0  B=  30.0  ΔLat=  10.0
    I= 1.40  A=  30.0  V=  50.0  B=  30.0  ΔLat=  10.0

[06] msi_model_surr_10_06.pt
Using device: cuda
    I= 0.10  A=  30.0  V=  50.0  B=  30.0  ΔLat=  10.0
    I= 0.15  A=  30.0  V=  50.0  B=  30.0  ΔLat=  10.0
    I= 0.20  A=  30.0  V=  50.0  B=  30.0  ΔLat=  10.0
    I= 0.30  A=  30.0  V=  50.0  B=  30.0  ΔLat=  10.0
    I= 0.50  A=  30.0  V=  50.0  B=  30.0  ΔLat=  10.0
    I= 0.70  A=  30.0  V=  50.0  B=  30.0  ΔLat=  10.0
    I= 1.00  A=  30.0  V=  50.0  B=  30.0  ΔLat=  10.0
    I= 1.40  A=  30.0  V=  50.0  B=  30.0  ΔLat=  10.0

[07] msi_model_surr_10_07.pt
Using device: cuda
    I= 0.10  A=  30.0  V=  50.0  B=  30.0  ΔLat=  10.0
    I= 0.15  A=  30.0  V=  50.0  B=  30.0  ΔLat=  10.0
    I= 0.20  A=  30.0  V=  50.0  B=  30.0  ΔLat=  10.0
    I= 0.30  A=  30.0  V=  50.0  B=  30.0  ΔLat=  10.0
    I= 0.50  A=  30.0  V=  50.0  B=  30.0  ΔLat=  10.0
    I= 0.70  A=  30.0  V=  50.0  B=  30.0  ΔLat=  10.0
    I= 1.00  A=  30.0  V=  50.0  B=  30.0  ΔLat=  10.0
    I= 1.40  A=  30.0  V=  50.0  B=  30.0  ΔLat=  10.0

[08] msi_model_surr_10_08.pt
Using device: cuda
    I= 0.10  A=  30.0  V=  50.0  B=  30.0  ΔLat=  10.0
    I= 0.15  A=  30.0  V=  50.0  B=  30.0  ΔLat=  10.0
    I= 0.20  A=  30.0  V=  50.0  B=  30.0  ΔLat=  10.0
    I= 0.30  A=  30.0  V=  50.0  B=  30.0  ΔLat=  10.0
    I= 0.50  A=  30.0  V=  50.0  B=  30.0  ΔLat=  10.0
    I= 0.70  A=  30.0  V=  50.0  B=  30.0  ΔLat=  10.0
    I= 1.00  A=  30.0  V=  50.0  B=  30.0  ΔLat=  10.0
    I= 1.40  A=  30.0  V=  50.0  B=  30.0  ΔLat=  10.0

[09] msi_model_surr_10_09.pt
Using device: cuda
    I= 0.10  A=  30.0  V=  50.0  B=  30.0  ΔLat=  10.0
    I= 0.15  A=  30.0  V=  50.0  B=  30.0  ΔLat=  10.0
    I= 0.20  A=  30.0  V=  50.0  B=  30.0  ΔLat=  10.0
    I= 0.30  A=  30.0  V=  50.0  B=  30.0  ΔLat=  10.0
    I= 0.50  A=  30.0  V=  50.0  B=  30.0  ΔLat=  10.0
    I= 0.70  A=  30.0  V=  50.0  B=  30.0  ΔLat=  10.0
    I= 1.00  A=  30.0  V=  50.0  B=  30.0  ΔLat=  10.0
    I= 1.40  A=  30.0  V=  50.0  B=  30.0  ΔLat=  10.0

Elapsed: 328.2s

==============================================================================
PER-INTENSITY SUMMARY
==============================================================================
            n  A_mean  V_mean  B_mean  ΔLat_mean  ΔLat_sem
intensity                                                 
0.10       10   30.00   50.00   30.00      10.00      0.00
0.15       10   30.00   50.00   30.00      10.00      0.00
0.20       10   30.00   50.00   30.00      10.00      0.00
0.30       10   30.00   50.00   30.00      10.00      0.00
0.50       10   30.00   50.00   30.00      10.00      0.00
0.70       10   30.00   50.00   30.00      10.00      0.00
1.00       10   30.00   50.00   30.00      10.00      0.00
1.40       10   30.00   50.00   30.00      10.00      0.00

Raw saved → task53_exp1_intensity_sweep_10ckpts.csv
