==============================================================================
TASK #53 EXP-1 — intensity sweep for latency facilitation
   n_models = 1    intensities = [0.1, 0.15, 0.2, 0.3, 0.5, 0.7, 1.0, 1.4]
   canonical Izh override: aM=0.001 bM=0.2 cM=-60 dM=0.1
   (dt, n_substeps, gNMDA, plasticity from ckpt mutable_hparams)
==============================================================================

[00] msi_model_surr_10_00.pt
Using device: cuda
    I= 0.10  A=  30.0  V=  50.0  B=  30.0  ΔLat=  10.0
    I= 0.15  A=  30.0  V=  50.0  B=  30.0  ΔLat=  10.0
    I= 0.20  A=  30.0  V=  50.0  B=  30.0  ΔLat=  10.0
    I= 0.30  A=  30.0  V=  50.0  B=  30.0  ΔLat=  10.0
    I= 0.50  A=  30.0  V=  50.0  B=  30.0  ΔLat=  10.0
    I= 0.70  A=  30.0  V=  50.0  B=  30.0  ΔLat=  10.0
    I= 1.00  A=  30.0  V=  50.0  B=  30.0  ΔLat=  10.0
    I= 1.40  A=  30.0  V=  50.0  B=  30.0  ΔLat=  10.0

Elapsed: 26.4s

==============================================================================
PER-INTENSITY SUMMARY
==============================================================================
           n  A_mean  V_mean  B_mean  ΔLat_mean  ΔLat_sem
intensity                                                
0.10       1   30.00   50.00   30.00      10.00      0.00
0.15       1   30.00   50.00   30.00      10.00      0.00
0.20       1   30.00   50.00   30.00      10.00      0.00
0.30       1   30.00   50.00   30.00      10.00      0.00
0.50       1   30.00   50.00   30.00      10.00      0.00
0.70       1   30.00   50.00   30.00      10.00      0.00
1.00       1   30.00   50.00   30.00      10.00      0.00
1.40       1   30.00   50.00   30.00      10.00      0.00

Raw saved → task53_exp1_intensity_sweep_ckpt00.csv
