======================================================================================
TASK #55 STAGE 1 — brief-pulse × intensity @ canonical asymmetric delays
   n_models=1  pulse_ms=[5, 10, 20, 30, 50, 100]  intensity=[0.1, 0.3, 0.7, 1.0]
   1 ms resolution (n_substeps=10), window=400 ms, gNMDA=ckpt-default (0.05)
   canonical Izh override: aM=0.001 bM=0.2 cM=-60 dM=0.1
   delays from ckpt: A=25 ms, V=40 ms (canonical asymmetric)
======================================================================================

[00] msi_model_surr_10_00.pt
Using device: cuda
    pulse=  5 ms  I=0.10  A=   27.0  V=   42.0  B=   28.0  min= 27.0  B−min=  -1.0
Using device: cuda
    pulse=  5 ms  I=0.30  A=   27.0  V=   42.0  B=   27.0  min= 27.0  B−min=   0.0
Using device: cuda
    pulse=  5 ms  I=0.70  A=   27.0  V=   42.0  B=   27.0  min= 27.0  B−min=   0.0
Using device: cuda
    pulse=  5 ms  I=1.00  A=   26.0  V=   42.0  B=   27.0  min= 26.0  B−min=  -1.0
Using device: cuda
    pulse= 10 ms  I=0.10  A=   27.0  V=   42.0  B=   28.0  min= 27.0  B−min=  -1.0
Using device: cuda
    pulse= 10 ms  I=0.30  A=   27.0  V=   42.0  B=   27.0  min= 27.0  B−min=   0.0
Using device: cuda
    pulse= 10 ms  I=0.70  A=   27.0  V=   42.0  B=   27.0  min= 27.0  B−min=   0.0
Using device: cuda
    pulse= 10 ms  I=1.00  A=   26.0  V=   42.0  B=   27.0  min= 26.0  B−min=  -1.0
Using device: cuda
    pulse= 20 ms  I=0.10  A=   27.0  V=   42.0  B=   28.0  min= 27.0  B−min=  -1.0
Using device: cuda
    pulse= 20 ms  I=0.30  A=   27.0  V=   42.0  B=   27.0  min= 27.0  B−min=   0.0
Using device: cuda
    pulse= 20 ms  I=0.70  A=   27.0  V=   42.0  B=   27.0  min= 27.0  B−min=   0.0
Using device: cuda
    pulse= 20 ms  I=1.00  A=   26.0  V=   42.0  B=   27.0  min= 26.0  B−min=  -1.0
Using device: cuda
    pulse= 30 ms  I=0.10  A=   27.0  V=   42.0  B=   28.0  min= 27.0  B−min=  -1.0
Using device: cuda
    pulse= 30 ms  I=0.30  A=   27.0  V=   42.0  B=   27.0  min= 27.0  B−min=   0.0
Using device: cuda
    pulse= 30 ms  I=0.70  A=   27.0  V=   42.0  B=   27.0  min= 27.0  B−min=   0.0
Using device: cuda
    pulse= 30 ms  I=1.00  A=   26.0  V=   42.0  B=   27.0  min= 26.0  B−min=  -1.0
Using device: cuda
    pulse= 50 ms  I=0.10  A=   27.0  V=   42.0  B=   28.0  min= 27.0  B−min=  -1.0
Using device: cuda
    pulse= 50 ms  I=0.30  A=   27.0  V=   42.0  B=   27.0  min= 27.0  B−min=   0.0
Using device: cuda
    pulse= 50 ms  I=0.70  A=   27.0  V=   42.0  B=   27.0  min= 27.0  B−min=   0.0
Using device: cuda
    pulse= 50 ms  I=1.00  A=   26.0  V=   42.0  B=   27.0  min= 26.0  B−min=  -1.0
Using device: cuda
    pulse=100 ms  I=0.10  A=   27.0  V=   42.0  B=   28.0  min= 27.0  B−min=  -1.0
Using device: cuda
    pulse=100 ms  I=0.30  A=   27.0  V=   42.0  B=   27.0  min= 27.0  B−min=   0.0
Using device: cuda
    pulse=100 ms  I=0.70  A=   27.0  V=   42.0  B=   27.0  min= 27.0  B−min=   0.0
Using device: cuda
    pulse=100 ms  I=1.00  A=   26.0  V=   42.0  B=   27.0  min= 26.0  B−min=  -1.0

Elapsed: 75.7s

======================================================================================
FACILITATION MATRIX  (B − min(A,V) in ms, averaged across ckpts)
  negative = facilitation; 0 = race-model floor; positive = slowdown
======================================================================================
intensity     0.1     0.3     0.7     1.0
pulse_ms                                 
5           -1.00    0.00    0.00   -1.00
10          -1.00    0.00    0.00   -1.00
20          -1.00    0.00    0.00   -1.00
30          -1.00    0.00    0.00   -1.00
50          -1.00    0.00    0.00   -1.00
100         -1.00    0.00    0.00   -1.00

B_mean matrix (latencies, ms):
intensity     0.1     0.3     0.7     1.0
pulse_ms                                 
5           28.00   27.00   27.00   27.00
10          28.00   27.00   27.00   27.00
20          28.00   27.00   27.00   27.00
30          28.00   27.00   27.00   27.00
50          28.00   27.00   27.00   27.00
100         28.00   27.00   27.00   27.00

A_mean matrix:
intensity     0.1     0.3     0.7     1.0
pulse_ms                                 
5           27.00   27.00   27.00   26.00
10          27.00   27.00   27.00   26.00
20          27.00   27.00   27.00   26.00
30          27.00   27.00   27.00   26.00
50          27.00   27.00   27.00   26.00
100         27.00   27.00   27.00   26.00

V_mean matrix:
intensity     0.1     0.3     0.7     1.0
pulse_ms                                 
5           42.00   42.00   42.00   42.00
10          42.00   42.00   42.00   42.00
20          42.00   42.00   42.00   42.00
30          42.00   42.00   42.00   42.00
50          42.00   42.00   42.00   42.00
100         42.00   42.00   42.00   42.00

======================================================================================
NO REGIME with B − min(A,V) ≤ -5.0 ms found.
Best (lowest) facilitation: -1.00 ms
  at pulse_ms=5, intensity=0.1, A=27.0, V=42.0, B=28.0

Raw saved → task55_brief_pulse_sweep_1ckpts.csv
