====================================================================================
TASK #53 EXP-4 — conduction-delay symmetry @ 1 ms resolution
   n_models = 10    intensity = 1.0
   measurement: n_substeps=10, pulse=100ms, window=400ms
   canonical Izh override: aM=0.001 bM=0.2 cM=-60 dM=0.1
   delay cases: ['asym_25_40', 'sym_25', 'sym_40', 'sym_32']
====================================================================================

[00] msi_model_surr_10_00.pt
Using device: cuda
    asym_25_40   A=   26.0  V=   42.0  B=   27.0  min= 26.0  B−min=  -1.0  el=4.3s
Using device: cuda
    sym_25       A=   26.0  V=   27.0  B=   26.0  min= 26.0  B−min=   0.0  el=3.4s
Using device: cuda
    sym_40       A=   42.0  V=   42.0  B=   41.0  min= 42.0  B−min=   1.0  el=5.3s
Using device: cuda
    sym_32       A=   33.0  V=   34.0  B=   33.0  min= 33.0  B−min=   0.0  el=4.3s

[01] msi_model_surr_10_01.pt
Using device: cuda
    asym_25_40   A=   26.0  V=   42.0  B=   27.0  min= 26.0  B−min=  -1.0  el=4.1s
Using device: cuda
    sym_25       A=   26.0  V=   27.0  B=   26.0  min= 26.0  B−min=   0.0  el=3.4s
Using device: cuda
    sym_40       A=   42.0  V=   42.0  B=   41.0  min= 42.0  B−min=   1.0  el=5.3s
Using device: cuda
    sym_32       A=   33.0  V=   34.0  B=   33.0  min= 33.0  B−min=   0.0  el=4.3s

[02] msi_model_surr_10_02.pt
Using device: cuda
    asym_25_40   A=   26.0  V=   42.0  B=   27.0  min= 26.0  B−min=  -1.0  el=4.0s
Using device: cuda
    sym_25       A=   26.0  V=   27.0  B=   26.0  min= 26.0  B−min=   0.0  el=3.4s
Using device: cuda
    sym_40       A=   42.0  V=   42.0  B=   41.0  min= 42.0  B−min=   1.0  el=5.3s
Using device: cuda
    sym_32       A=   33.0  V=   34.0  B=   33.0  min= 33.0  B−min=   0.0  el=4.3s

[03] msi_model_surr_10_03.pt
Using device: cuda
    asym_25_40   A=   26.0  V=   42.0  B=   27.0  min= 26.0  B−min=  -1.0  el=4.0s
Using device: cuda
    sym_25       A=   26.0  V=   27.0  B=   26.0  min= 26.0  B−min=   0.0  el=3.4s
Using device: cuda
    sym_40       A=   42.0  V=   42.0  B=   41.0  min= 42.0  B−min=   1.0  el=5.3s
Using device: cuda
    sym_32       A=   33.0  V=   34.0  B=   33.0  min= 33.0  B−min=   0.0  el=4.2s

[04] msi_model_surr_10_04.pt
Using device: cuda
    asym_25_40   A=   26.0  V=   42.0  B=   27.0  min= 26.0  B−min=  -1.0  el=4.0s
Using device: cuda
    sym_25       A=   26.0  V=   27.0  B=   26.0  min= 26.0  B−min=   0.0  el=3.3s
Using device: cuda
    sym_40       A=   42.0  V=   42.0  B=   41.0  min= 42.0  B−min=   1.0  el=5.3s
Using device: cuda
    sym_32       A=   34.0  V=   34.0  B=   33.0  min= 34.0  B−min=   1.0  el=4.3s

[05] msi_model_surr_10_05.pt
Using device: cuda
    asym_25_40   A=   26.0  V=   42.0  B=   27.0  min= 26.0  B−min=  -1.0  el=4.0s
Using device: cuda
    sym_25       A=   26.0  V=   27.0  B=   26.0  min= 26.0  B−min=   0.0  el=3.3s
Using device: cuda
    sym_40       A=   42.0  V=   42.0  B=   41.0  min= 42.0  B−min=   1.0  el=5.3s
Using device: cuda
    sym_32       A=   33.0  V=   34.0  B=   33.0  min= 33.0  B−min=   0.0  el=4.3s

[06] msi_model_surr_10_06.pt
Using device: cuda
    asym_25_40   A=   26.0  V=   42.0  B=   27.0  min= 26.0  B−min=  -1.0  el=4.0s
Using device: cuda
    sym_25       A=   26.0  V=   27.0  B=   26.0  min= 26.0  B−min=   0.0  el=3.4s
Using device: cuda
    sym_40       A=   42.0  V=   42.0  B=   41.0  min= 42.0  B−min=   1.0  el=5.3s
Using device: cuda
    sym_32       A=   33.0  V=   34.0  B=   33.0  min= 33.0  B−min=   0.0  el=4.2s

[07] msi_model_surr_10_07.pt
Using device: cuda
    asym_25_40   A=   26.0  V=   42.0  B=   27.0  min= 26.0  B−min=  -1.0  el=4.0s
Using device: cuda
    sym_25       A=   26.0  V=   27.0  B=   26.0  min= 26.0  B−min=   0.0  el=3.4s
Using device: cuda
    sym_40       A=   42.0  V=   42.0  B=   41.0  min= 42.0  B−min=   1.0  el=5.3s
Using device: cuda
    sym_32       A=   33.0  V=   34.0  B=   33.0  min= 33.0  B−min=   0.0  el=4.3s

[08] msi_model_surr_10_08.pt
Using device: cuda
    asym_25_40   A=   26.0  V=   42.0  B=   27.0  min= 26.0  B−min=  -1.0  el=4.0s
Using device: cuda
    sym_25       A=   26.0  V=   27.0  B=   26.0  min= 26.0  B−min=   0.0  el=3.3s
Using device: cuda
    sym_40       A=   42.0  V=   42.0  B=   41.0  min= 42.0  B−min=   1.0  el=5.3s
Using device: cuda
    sym_32       A=   34.0  V=   34.0  B=   33.0  min= 34.0  B−min=   1.0  el=4.3s

[09] msi_model_surr_10_09.pt
Using device: cuda
    asym_25_40   A=   26.0  V=   42.0  B=   27.0  min= 26.0  B−min=  -1.0  el=4.0s
Using device: cuda
    sym_25       A=   26.0  V=   27.0  B=   26.0  min= 26.0  B−min=   0.0  el=3.3s
Using device: cuda
    sym_40       A=   42.0  V=   42.0  B=   41.0  min= 42.0  B−min=   1.0  el=5.3s
Using device: cuda
    sym_32       A=   33.0  V=   34.0  B=   33.0  min= 33.0  B−min=   0.0  el=4.2s

Elapsed: 170.6s

====================================================================================
PER-CASE SUMMARY (mean ± std across ckpts)
====================================================================================
             n  A_mean  V_mean  B_mean  minAV_mean  B_minAV_mean  B_minAV_std  ΔLat_mean
case                                                                                    
asym_25_40  10   26.00   42.00   27.00       26.00         -1.00         0.00       7.00
sym_25      10   26.00   27.00   26.00       26.00          0.00         0.00       0.50
sym_40      10   42.00   42.00   41.00       42.00          1.00         0.00       1.00
sym_32      10   33.20   34.00   33.00       33.20          0.20         0.42       0.60

Raw saved → task53_exp4_delay_symmetry_I1.0.csv
