====================================================================================
TASK #53 EXP-4b — intensity sweep @ sym_40 delays, 1 ms resolution
   n_models = 10    delays = (40.0, 40.0) ms
   intensities = [0.05, 0.1, 0.15, 0.2, 0.3, 0.5, 0.7, 1.0, 1.4]
   measurement: n_substeps=10, pulse=100ms, window=400ms
   canonical Izh override applied; gNMDA from ckpt (default 0.05)
====================================================================================

[00] msi_model_surr_10_00.pt
Using device: cuda
    I= 0.05  A=   43.0  V=   43.0  B=   43.0  min= 43.0  B−min=   0.0  el=4.2s
Using device: cuda
    I= 0.10  A=   42.0  V=   43.0  B=   42.0  min= 42.0  B−min=   0.0  el=4.0s
Using device: cuda
    I= 0.15  A=   42.0  V=   42.0  B=   42.0  min= 42.0  B−min=   0.0  el=3.9s
Using device: cuda
    I= 0.20  A=   42.0  V=   42.0  B=   42.0  min= 42.0  B−min=   0.0  el=3.9s
Using device: cuda
    I= 0.30  A=   42.0  V=   42.0  B=   42.0  min= 42.0  B−min=   0.0  el=3.9s
Using device: cuda
    I= 0.50  A=   42.0  V=   42.0  B=   42.0  min= 42.0  B−min=   0.0  el=3.9s
Using device: cuda
    I= 0.70  A=   42.0  V=   42.0  B=   42.0  min= 42.0  B−min=   0.0  el=3.9s
Using device: cuda
    I= 1.00  A=   42.0  V=   42.0  B=   41.0  min= 42.0  B−min=   1.0  el=3.9s
Using device: cuda
    I= 1.40  A=   41.0  V=   42.0  B=   41.0  min= 41.0  B−min=   0.0  el=3.9s

[01] msi_model_surr_10_01.pt
Using device: cuda
    I= 0.05  A=   43.0  V=   43.0  B=   43.0  min= 43.0  B−min=   0.0  el=4.0s
Using device: cuda
    I= 0.10  A=   42.0  V=   43.0  B=   42.0  min= 42.0  B−min=   0.0  el=3.9s
Using device: cuda
    I= 0.15  A=   42.0  V=   42.0  B=   42.0  min= 42.0  B−min=   0.0  el=3.9s
Using device: cuda
    I= 0.20  A=   42.0  V=   42.0  B=   42.0  min= 42.0  B−min=   0.0  el=3.9s
Using device: cuda
    I= 0.30  A=   42.0  V=   42.0  B=   42.0  min= 42.0  B−min=   0.0  el=3.9s
Using device: cuda
    I= 0.50  A=   42.0  V=   42.0  B=   42.0  min= 42.0  B−min=   0.0  el=3.9s
Using device: cuda
    I= 0.70  A=   42.0  V=   42.0  B=   42.0  min= 42.0  B−min=   0.0  el=3.9s
Using device: cuda
    I= 1.00  A=   42.0  V=   42.0  B=   41.0  min= 42.0  B−min=   1.0  el=3.9s
Using device: cuda
    I= 1.40  A=   41.0  V=   42.0  B=   41.0  min= 41.0  B−min=   0.0  el=3.8s

[02] msi_model_surr_10_02.pt
Using device: cuda
    I= 0.05  A=   43.0  V=   43.0  B=   43.0  min= 43.0  B−min=   0.0  el=4.0s
Using device: cuda
    I= 0.10  A=   42.0  V=   43.0  B=   42.0  min= 42.0  B−min=   0.0  el=4.0s
Using device: cuda
    I= 0.15  A=   42.0  V=   42.0  B=   42.0  min= 42.0  B−min=   0.0  el=5.6s
Using device: cuda
    I= 0.20  A=   42.0  V=   42.0  B=   42.0  min= 42.0  B−min=   0.0  el=5.9s
Using device: cuda
    I= 0.30  A=   42.0  V=   42.0  B=   42.0  min= 42.0  B−min=   0.0  el=5.9s
Using device: cuda
    I= 0.50  A=   42.0  V=   42.0  B=   42.0  min= 42.0  B−min=   0.0  el=5.9s
Using device: cuda
    I= 0.70  A=   42.0  V=   42.0  B=   42.0  min= 42.0  B−min=   0.0  el=5.7s
Using device: cuda
    I= 1.00  A=   42.0  V=   42.0  B=   41.0  min= 42.0  B−min=   1.0  el=5.8s
Using device: cuda
    I= 1.40  A=   41.0  V=   42.0  B=   41.0  min= 41.0  B−min=   0.0  el=5.8s

[03] msi_model_surr_10_03.pt
Using device: cuda
    I= 0.05  A=   43.0  V=   43.0  B=   43.0  min= 43.0  B−min=   0.0  el=6.0s
Using device: cuda
    I= 0.10  A=   42.0  V=   43.0  B=   42.0  min= 42.0  B−min=   0.0  el=5.9s
Using device: cuda
    I= 0.15  A=   42.0  V=   42.0  B=   42.0  min= 42.0  B−min=   0.0  el=5.9s
Using device: cuda
    I= 0.20  A=   42.0  V=   42.0  B=   42.0  min= 42.0  B−min=   0.0  el=5.9s
Using device: cuda
    I= 0.30  A=   42.0  V=   42.0  B=   42.0  min= 42.0  B−min=   0.0  el=5.9s
Using device: cuda
    I= 0.50  A=   42.0  V=   42.0  B=   42.0  min= 42.0  B−min=   0.0  el=5.8s
Using device: cuda
    I= 0.70  A=   42.0  V=   42.0  B=   42.0  min= 42.0  B−min=   0.0  el=5.9s
Using device: cuda
    I= 1.00  A=   42.0  V=   42.0  B=   41.0  min= 42.0  B−min=   1.0  el=5.8s
Using device: cuda
    I= 1.40  A=   41.0  V=   42.0  B=   41.0  min= 41.0  B−min=   0.0  el=5.8s

[04] msi_model_surr_10_04.pt
Using device: cuda
    I= 0.05  A=   43.0  V=   43.0  B=   43.0  min= 43.0  B−min=   0.0  el=6.0s
Using device: cuda
    I= 0.10  A=   42.0  V=   43.0  B=   42.0  min= 42.0  B−min=   0.0  el=5.9s
Using device: cuda
    I= 0.15  A=   42.0  V=   42.0  B=   42.0  min= 42.0  B−min=   0.0  el=5.9s
Using device: cuda
    I= 0.20  A=   42.0  V=   42.0  B=   42.0  min= 42.0  B−min=   0.0  el=5.9s
Using device: cuda
    I= 0.30  A=   42.0  V=   42.0  B=   42.0  min= 42.0  B−min=   0.0  el=5.8s
Using device: cuda
    I= 0.50  A=   42.0  V=   42.0  B=   42.0  min= 42.0  B−min=   0.0  el=5.9s
Using device: cuda
    I= 0.70  A=   42.0  V=   42.0  B=   42.0  min= 42.0  B−min=   0.0  el=5.9s
Using device: cuda
    I= 1.00  A=   42.0  V=   42.0  B=   41.0  min= 42.0  B−min=   1.0  el=5.8s
Using device: cuda
    I= 1.40  A=   42.0  V=   42.0  B=   41.0  min= 42.0  B−min=   1.0  el=5.8s

[05] msi_model_surr_10_05.pt
Using device: cuda
    I= 0.05  A=   43.0  V=   43.0  B=   43.0  min= 43.0  B−min=   0.0  el=6.0s
Using device: cuda
    I= 0.10  A=   42.0  V=   43.0  B=   42.0  min= 42.0  B−min=   0.0  el=5.9s
Using device: cuda
    I= 0.15  A=   42.0  V=   42.0  B=   42.0  min= 42.0  B−min=   0.0  el=5.9s
Using device: cuda
    I= 0.20  A=   42.0  V=   42.0  B=   42.0  min= 42.0  B−min=   0.0  el=5.8s
Using device: cuda
    I= 0.30  A=   42.0  V=   42.0  B=   42.0  min= 42.0  B−min=   0.0  el=5.8s
Using device: cuda
    I= 0.50  A=   42.0  V=   42.0  B=   42.0  min= 42.0  B−min=   0.0  el=5.9s
Using device: cuda
    I= 0.70  A=   42.0  V=   42.0  B=   42.0  min= 42.0  B−min=   0.0  el=5.9s
Using device: cuda
    I= 1.00  A=   42.0  V=   42.0  B=   41.0  min= 42.0  B−min=   1.0  el=5.7s
Using device: cuda
    I= 1.40  A=   41.0  V=   42.0  B=   41.0  min= 41.0  B−min=   0.0  el=5.8s

[06] msi_model_surr_10_06.pt
Using device: cuda
    I= 0.05  A=   43.0  V=   43.0  B=   43.0  min= 43.0  B−min=   0.0  el=6.0s
Using device: cuda
    I= 0.10  A=   42.0  V=   43.0  B=   42.0  min= 42.0  B−min=   0.0  el=5.9s
Using device: cuda
    I= 0.15  A=   42.0  V=   42.0  B=   42.0  min= 42.0  B−min=   0.0  el=5.8s
Using device: cuda
    I= 0.20  A=   42.0  V=   42.0  B=   42.0  min= 42.0  B−min=   0.0  el=5.9s
Using device: cuda
    I= 0.30  A=   42.0  V=   42.0  B=   42.0  min= 42.0  B−min=   0.0  el=5.9s
Using device: cuda
    I= 0.50  A=   42.0  V=   42.0  B=   42.0  min= 42.0  B−min=   0.0  el=5.9s
Using device: cuda
    I= 0.70  A=   42.0  V=   42.0  B=   42.0  min= 42.0  B−min=   0.0  el=5.5s
Using device: cuda
    I= 1.00  A=   42.0  V=   42.0  B=   41.0  min= 42.0  B−min=   1.0  el=5.3s
Using device: cuda
    I= 1.40  A=   41.0  V=   42.0  B=   41.0  min= 41.0  B−min=   0.0  el=5.3s

[07] msi_model_surr_10_07.pt
Using device: cuda
    I= 0.05  A=   43.0  V=   43.0  B=   43.0  min= 43.0  B−min=   0.0  el=5.5s
Using device: cuda
    I= 0.10  A=   42.0  V=   43.0  B=   42.0  min= 42.0  B−min=   0.0  el=5.4s
Using device: cuda
    I= 0.15  A=   42.0  V=   42.0  B=   42.0  min= 42.0  B−min=   0.0  el=5.4s
Using device: cuda
    I= 0.20  A=   42.0  V=   42.0  B=   42.0  min= 42.0  B−min=   0.0  el=5.4s
Using device: cuda
    I= 0.30  A=   42.0  V=   42.0  B=   42.0  min= 42.0  B−min=   0.0  el=5.4s
Using device: cuda
    I= 0.50  A=   42.0  V=   42.0  B=   42.0  min= 42.0  B−min=   0.0  el=5.4s
Using device: cuda
    I= 0.70  A=   42.0  V=   42.0  B=   42.0  min= 42.0  B−min=   0.0  el=5.4s
Using device: cuda
    I= 1.00  A=   42.0  V=   42.0  B=   41.0  min= 42.0  B−min=   1.0  el=5.4s
Using device: cuda
    I= 1.40  A=   41.0  V=   42.0  B=   41.0  min= 41.0  B−min=   0.0  el=5.3s

[08] msi_model_surr_10_08.pt
Using device: cuda
    I= 0.05  A=   43.0  V=   43.0  B=   43.0  min= 43.0  B−min=   0.0  el=5.5s
Using device: cuda
    I= 0.10  A=   42.0  V=   43.0  B=   42.0  min= 42.0  B−min=   0.0  el=5.5s
Using device: cuda
    I= 0.15  A=   42.0  V=   42.0  B=   42.0  min= 42.0  B−min=   0.0  el=5.4s
Using device: cuda
    I= 0.20  A=   42.0  V=   42.0  B=   42.0  min= 42.0  B−min=   0.0  el=5.4s
Using device: cuda
    I= 0.30  A=   42.0  V=   42.0  B=   42.0  min= 42.0  B−min=   0.0  el=5.4s
Using device: cuda
    I= 0.50  A=   42.0  V=   42.0  B=   42.0  min= 42.0  B−min=   0.0  el=5.4s
Using device: cuda
    I= 0.70  A=   42.0  V=   42.0  B=   42.0  min= 42.0  B−min=   0.0  el=5.4s
Using device: cuda
    I= 1.00  A=   42.0  V=   42.0  B=   41.0  min= 42.0  B−min=   1.0  el=5.4s
Using device: cuda
    I= 1.40  A=   41.0  V=   42.0  B=   41.0  min= 41.0  B−min=   0.0  el=5.4s

[09] msi_model_surr_10_09.pt
Using device: cuda
    I= 0.05  A=   43.0  V=   43.0  B=   43.0  min= 43.0  B−min=   0.0  el=6.0s
Using device: cuda
    I= 0.10  A=   42.0  V=   43.0  B=   42.0  min= 42.0  B−min=   0.0  el=5.9s
Using device: cuda
    I= 0.15  A=   42.0  V=   42.0  B=   42.0  min= 42.0  B−min=   0.0  el=5.9s
Using device: cuda
    I= 0.20  A=   42.0  V=   42.0  B=   42.0  min= 42.0  B−min=   0.0  el=5.8s
Using device: cuda
    I= 0.30  A=   42.0  V=   42.0  B=   42.0  min= 42.0  B−min=   0.0  el=5.9s
Using device: cuda
    I= 0.50  A=   42.0  V=   42.0  B=   42.0  min= 42.0  B−min=   0.0  el=5.9s
Using device: cuda
    I= 0.70  A=   42.0  V=   42.0  B=   42.0  min= 42.0  B−min=   0.0  el=5.9s
Using device: cuda
    I= 1.00  A=   42.0  V=   42.0  B=   41.0  min= 42.0  B−min=   1.0  el=5.8s
Using device: cuda
    I= 1.40  A=   42.0  V=   42.0  B=   41.0  min= 42.0  B−min=   1.0  el=5.8s

Elapsed: 480.7s

====================================================================================
PER-INTENSITY SUMMARY (mean ± std across ckpts, at sym_40)
====================================================================================
            n  A_mean  V_mean  B_mean  minAV_mean  B_minAV_mean  B_minAV_std
intensity                                                                   
0.05       10   43.00   43.00   43.00       43.00          0.00         0.00
0.10       10   42.00   43.00   42.00       42.00          0.00         0.00
0.15       10   42.00   42.00   42.00       42.00          0.00         0.00
0.20       10   42.00   42.00   42.00       42.00          0.00         0.00
0.30       10   42.00   42.00   42.00       42.00          0.00         0.00
0.50       10   42.00   42.00   42.00       42.00          0.00         0.00
0.70       10   42.00   42.00   42.00       42.00          0.00         0.00
1.00       10   42.00   42.00   41.00       42.00          1.00         0.00
1.40       10   41.20   42.00   41.00       41.20          0.20         0.42

Raw saved → task53_exp4b_intensity_at_sym40.csv
