====================================================================================================
TASK #55 STAGE 5 — feedforward-inhibition (g_FFinh) disabling probe
   delays = sym_25, pulse = 100 ms, 1 ms resolution, ckpt 00
   gAMPA=[1.0, 0.2]  gNMDA=[0.05, 1.3]  intens=[0.1, 0.3, 1.0]  FFinh=['default', 'off']
   ckpt-default g_FFinh ≈ 0.56  (loaded from msi_model_surr_10_00.pt)
====================================================================================================
Using device: cuda
   gAMPA=1.00 gNMDA=0.05 FFinh=default(=0.56) I=0.10  A= 27.0 V= 27.0 B= 27.0  facil=   0.0
Using device: cuda
   gAMPA=1.00 gNMDA=0.05 FFinh=default(=0.56) I=0.30  A= 27.0 V= 27.0 B= 27.0  facil=   0.0
Using device: cuda
   gAMPA=1.00 gNMDA=0.05 FFinh=default(=0.56) I=1.00  A= 26.0 V= 27.0 B= 26.0  facil=   0.0
Using device: cuda
   gAMPA=1.00 gNMDA=0.05 FFinh=    off(=0.00) I=0.10  A= 27.0 V= 27.0 B= 27.0  facil=   0.0
Using device: cuda
   gAMPA=1.00 gNMDA=0.05 FFinh=    off(=0.00) I=0.30  A= 27.0 V= 27.0 B= 27.0  facil=   0.0
Using device: cuda
   gAMPA=1.00 gNMDA=0.05 FFinh=    off(=0.00) I=1.00  A= 26.0 V= 27.0 B= 26.0  facil=   0.0
Using device: cuda
   gAMPA=1.00 gNMDA=1.30 FFinh=default(=0.56) I=0.10  A= 27.0 V= 27.0 B= 27.0  facil=   0.0
Using device: cuda
   gAMPA=1.00 gNMDA=1.30 FFinh=default(=0.56) I=0.30  A= 27.0 V= 27.0 B= 27.0  facil=   0.0
Using device: cuda
   gAMPA=1.00 gNMDA=1.30 FFinh=default(=0.56) I=1.00  A= 26.0 V= 27.0 B= 26.0  facil=   0.0
Using device: cuda
   gAMPA=1.00 gNMDA=1.30 FFinh=    off(=0.00) I=0.10  A= 27.0 V= 27.0 B= 27.0  facil=   0.0
Using device: cuda
   gAMPA=1.00 gNMDA=1.30 FFinh=    off(=0.00) I=0.30  A= 27.0 V= 27.0 B= 27.0  facil=   0.0
Using device: cuda
   gAMPA=1.00 gNMDA=1.30 FFinh=    off(=0.00) I=1.00  A= 26.0 V= 27.0 B= 26.0  facil=   0.0
Using device: cuda
   gAMPA=0.20 gNMDA=0.05 FFinh=default(=0.56) I=0.10  A=134.0 V=  nan  B=  nan   facil=-266.0
Using device: cuda
   gAMPA=0.20 gNMDA=0.05 FFinh=default(=0.56) I=0.30  A=133.0 V=140.0 B=145.0  facil= -12.0
Using device: cuda
   gAMPA=0.20 gNMDA=0.05 FFinh=default(=0.56) I=1.00  A= 28.0 V=137.0 B= 28.0  facil=   0.0
Using device: cuda
   gAMPA=0.20 gNMDA=0.05 FFinh=    off(=0.00) I=0.10  A= 29.0 V= 30.0 B= 29.0  facil=   0.0
Using device: cuda
   gAMPA=0.20 gNMDA=0.05 FFinh=    off(=0.00) I=0.30  A= 28.0 V= 29.0 B= 28.0  facil=   0.0
Using device: cuda
   gAMPA=0.20 gNMDA=0.05 FFinh=    off(=0.00) I=1.00  A= 28.0 V= 28.0 B= 27.0  facil=   1.0
Using device: cuda
   gAMPA=0.20 gNMDA=1.30 FFinh=default(=0.56) I=0.10  A= 28.0 V= 28.0 B= 28.0  facil=   0.0
Using device: cuda
   gAMPA=0.20 gNMDA=1.30 FFinh=default(=0.56) I=0.30  A= 28.0 V= 28.0 B= 27.0  facil=   1.0
Using device: cuda
   gAMPA=0.20 gNMDA=1.30 FFinh=default(=0.56) I=1.00  A= 27.0 V= 27.0 B= 27.0  facil=   0.0
Using device: cuda
   gAMPA=0.20 gNMDA=1.30 FFinh=    off(=0.00) I=0.10  A= 28.0 V= 28.0 B= 28.0  facil=   0.0
Using device: cuda
   gAMPA=0.20 gNMDA=1.30 FFinh=    off(=0.00) I=0.30  A= 28.0 V= 28.0 B= 27.0  facil=   1.0
Using device: cuda
   gAMPA=0.20 gNMDA=1.30 FFinh=    off(=0.00) I=1.00  A= 27.0 V= 27.0 B= 27.0  facil=   0.0

Elapsed: 142.9s

====================================================================================================
Per-setting facilitation pivot (cols=intensity, rows=FFinh setting):

--- gAMPA=1.0  gNMDA=0.05 ---
intensity         0.1     0.3     1.0
FFinh_setting                        
default          0.00    0.00    0.00
off              0.00    0.00    0.00

--- gAMPA=1.0  gNMDA=1.3 ---
intensity         0.1     0.3     1.0
FFinh_setting                        
default          0.00    0.00    0.00
off              0.00    0.00    0.00

--- gAMPA=0.2  gNMDA=0.05 ---
intensity         0.1     0.3     1.0
FFinh_setting                        
default       -266.00  -12.00    0.00
off              0.00    0.00    1.00

--- gAMPA=0.2  gNMDA=1.3 ---
intensity         0.1     0.3     1.0
FFinh_setting                        
default          0.00    1.00    0.00
off              0.00    1.00    0.00

TOP-5 facilitation cells:
   gAMPA    gNMDA FFinh_setting  intensity     A_ms     V_ms     B_ms  facil_ms
    0.20     0.05           off       1.00    28.00    28.00    27.00      1.00
    0.20     1.30       default       0.30    28.00    28.00    27.00      1.00
    0.20     1.30           off       0.30    28.00    28.00    27.00      1.00
    1.00     0.05       default       0.10    27.00    27.00    27.00      0.00
    1.00     0.05       default       0.30    27.00    27.00    27.00      0.00

Raw saved → task55_stage5_FFinh_probe.csv
