====================================================================================================
TASK #55 STAGE 3 — very-low intensity, sustained pulse, all delay configs
   n_models=1  intensities=[0.01, 0.02, 0.03, 0.05, 0.07, 0.1, 0.15]  delays=['asym_25_40', 'sym_25', 'sym_40']  gNMDA=[0.05, 1.3]
   pulse=100 ms, n_substeps=10 (1 ms res), window=400 ms
   facil = min(eff_A, eff_V) − eff_B   (nan→400; POSITIVE = facilitation)
====================================================================================================

[00] msi_model_surr_10_00.pt
Using device: cuda
    asym_25_40 gNMDA= 0.05  I=0.010  A= 29.0 V= 44.0 B= 30.0 min(A,V)eff=   29  facil=  -1.0
Using device: cuda
    asym_25_40 gNMDA= 0.05  I=0.020  A= 28.0 V= 44.0 B= 29.0 min(A,V)eff=   28  facil=  -1.0
Using device: cuda
    asym_25_40 gNMDA= 0.05  I=0.030  A= 28.0 V= 43.0 B= 28.0 min(A,V)eff=   28  facil=   0.0
Using device: cuda
    asym_25_40 gNMDA= 0.05  I=0.050  A= 28.0 V= 43.0 B= 28.0 min(A,V)eff=   28  facil=   0.0
Using device: cuda
    asym_25_40 gNMDA= 0.05  I=0.070  A= 28.0 V= 43.0 B= 28.0 min(A,V)eff=   28  facil=   0.0
Using device: cuda
    asym_25_40 gNMDA= 0.05  I=0.100  A= 27.0 V= 42.0 B= 28.0 min(A,V)eff=   27  facil=  -1.0
Using device: cuda
    asym_25_40 gNMDA= 0.05  I=0.150  A= 27.0 V= 42.0 B= 27.0 min(A,V)eff=   27  facil=   0.0
Using device: cuda
    asym_25_40 gNMDA= 1.30  I=0.010  A= 29.0 V= 44.0 B= 29.0 min(A,V)eff=   29  facil=   0.0
Using device: cuda
    asym_25_40 gNMDA= 1.30  I=0.020  A= 28.0 V= 43.0 B= 29.0 min(A,V)eff=   28  facil=  -1.0
Using device: cuda
    asym_25_40 gNMDA= 1.30  I=0.030  A= 28.0 V= 43.0 B= 28.0 min(A,V)eff=   28  facil=   0.0
Using device: cuda
    asym_25_40 gNMDA= 1.30  I=0.050  A= 28.0 V= 43.0 B= 28.0 min(A,V)eff=   28  facil=   0.0
Using device: cuda
    asym_25_40 gNMDA= 1.30  I=0.070  A= 27.0 V= 43.0 B= 28.0 min(A,V)eff=   27  facil=  -1.0
Using device: cuda
    asym_25_40 gNMDA= 1.30  I=0.100  A= 27.0 V= 42.0 B= 28.0 min(A,V)eff=   27  facil=  -1.0
Using device: cuda
    asym_25_40 gNMDA= 1.30  I=0.150  A= 27.0 V= 42.0 B= 27.0 min(A,V)eff=   27  facil=   0.0
Using device: cuda
    sym_25     gNMDA= 0.05  I=0.010  A= 29.0 V= 29.0 B= 29.0 min(A,V)eff=   29  facil=   0.0
Using device: cuda
    sym_25     gNMDA= 0.05  I=0.020  A= 28.0 V= 29.0 B= 28.0 min(A,V)eff=   28  facil=   0.0
Using device: cuda
    sym_25     gNMDA= 0.05  I=0.030  A= 28.0 V= 28.0 B= 28.0 min(A,V)eff=   28  facil=   0.0
Using device: cuda
    sym_25     gNMDA= 0.05  I=0.050  A= 28.0 V= 28.0 B= 27.0 min(A,V)eff=   28  facil=   1.0  ◀── facil
Using device: cuda
    sym_25     gNMDA= 0.05  I=0.070  A= 28.0 V= 28.0 B= 27.0 min(A,V)eff=   28  facil=   1.0  ◀── facil
Using device: cuda
    sym_25     gNMDA= 0.05  I=0.100  A= 27.0 V= 27.0 B= 27.0 min(A,V)eff=   27  facil=   0.0
Using device: cuda
    sym_25     gNMDA= 0.05  I=0.150  A= 27.0 V= 27.0 B= 27.0 min(A,V)eff=   27  facil=   0.0
Using device: cuda
    sym_25     gNMDA= 1.30  I=0.010  A= 29.0 V= 29.0 B= 29.0 min(A,V)eff=   29  facil=   0.0
Using device: cuda
    sym_25     gNMDA= 1.30  I=0.020  A= 28.0 V= 28.0 B= 28.0 min(A,V)eff=   28  facil=   0.0
Using device: cuda
    sym_25     gNMDA= 1.30  I=0.030  A= 28.0 V= 28.0 B= 28.0 min(A,V)eff=   28  facil=   0.0
Using device: cuda
    sym_25     gNMDA= 1.30  I=0.050  A= 28.0 V= 28.0 B= 27.0 min(A,V)eff=   28  facil=   1.0  ◀── facil
Using device: cuda
    sym_25     gNMDA= 1.30  I=0.070  A= 27.0 V= 28.0 B= 27.0 min(A,V)eff=   27  facil=   0.0
Using device: cuda
    sym_25     gNMDA= 1.30  I=0.100  A= 27.0 V= 27.0 B= 27.0 min(A,V)eff=   27  facil=   0.0
Using device: cuda
    sym_25     gNMDA= 1.30  I=0.150  A= 27.0 V= 27.0 B= 27.0 min(A,V)eff=   27  facil=   0.0
Using device: cuda
    sym_40     gNMDA= 0.05  I=0.010  A= 44.0 V= 45.0 B= 44.0 min(A,V)eff=   44  facil=   0.0
Using device: cuda
    sym_40     gNMDA= 0.05  I=0.020  A= 43.0 V= 44.0 B= 43.0 min(A,V)eff=   43  facil=   0.0
Using device: cuda
    sym_40     gNMDA= 0.05  I=0.030  A= 43.0 V= 43.0 B= 43.0 min(A,V)eff=   43  facil=   0.0
Using device: cuda
    sym_40     gNMDA= 0.05  I=0.050  A= 43.0 V= 43.0 B= 43.0 min(A,V)eff=   43  facil=   0.0
Using device: cuda
    sym_40     gNMDA= 0.05  I=0.070  A= 43.0 V= 43.0 B= 42.0 min(A,V)eff=   43  facil=   1.0  ◀── facil
Using device: cuda
    sym_40     gNMDA= 0.05  I=0.100  A= 42.0 V= 43.0 B= 42.0 min(A,V)eff=   42  facil=   0.0
Using device: cuda
    sym_40     gNMDA= 0.05  I=0.150  A= 42.0 V= 42.0 B= 42.0 min(A,V)eff=   42  facil=   0.0
Using device: cuda
    sym_40     gNMDA= 1.30  I=0.010  A= 44.0 V= 44.0 B= 44.0 min(A,V)eff=   44  facil=   0.0
Using device: cuda
    sym_40     gNMDA= 1.30  I=0.020  A= 43.0 V= 44.0 B= 43.0 min(A,V)eff=   43  facil=   0.0
Using device: cuda
    sym_40     gNMDA= 1.30  I=0.030  A= 43.0 V= 43.0 B= 43.0 min(A,V)eff=   43  facil=   0.0
Using device: cuda
    sym_40     gNMDA= 1.30  I=0.050  A= 43.0 V= 43.0 B= 43.0 min(A,V)eff=   43  facil=   0.0
Using device: cuda
    sym_40     gNMDA= 1.30  I=0.070  A= 42.0 V= 43.0 B= 42.0 min(A,V)eff=   42  facil=   0.0
Using device: cuda
    sym_40     gNMDA= 1.30  I=0.100  A= 42.0 V= 42.0 B= 42.0 min(A,V)eff=   42  facil=   0.0
Using device: cuda
    sym_40     gNMDA= 1.30  I=0.150  A= 42.0 V= 42.0 B= 42.0 min(A,V)eff=   42  facil=   0.0

Elapsed: 189.8s

=== delays=asym_25_40  gNMDA=0.05 ===
            A_ms   V_ms   B_ms  facil_ms
intensity                               
0.01        29.0   44.0   30.0      -1.0
0.02        28.0   44.0   29.0      -1.0
0.03        28.0   43.0   28.0       0.0
0.05        28.0   43.0   28.0       0.0
0.07        28.0   43.0   28.0       0.0
0.10        27.0   42.0   28.0      -1.0
0.15        27.0   42.0   27.0       0.0

=== delays=asym_25_40  gNMDA=1.3 ===
            A_ms   V_ms   B_ms  facil_ms
intensity                               
0.01        29.0   44.0   29.0       0.0
0.02        28.0   43.0   29.0      -1.0
0.03        28.0   43.0   28.0       0.0
0.05        28.0   43.0   28.0       0.0
0.07        27.0   43.0   28.0      -1.0
0.10        27.0   42.0   28.0      -1.0
0.15        27.0   42.0   27.0       0.0

=== delays=sym_25  gNMDA=0.05 ===
            A_ms   V_ms   B_ms  facil_ms
intensity                               
0.01        29.0   29.0   29.0       0.0
0.02        28.0   29.0   28.0       0.0
0.03        28.0   28.0   28.0       0.0
0.05        28.0   28.0   27.0       1.0
0.07        28.0   28.0   27.0       1.0
0.10        27.0   27.0   27.0       0.0
0.15        27.0   27.0   27.0       0.0

=== delays=sym_25  gNMDA=1.3 ===
            A_ms   V_ms   B_ms  facil_ms
intensity                               
0.01        29.0   29.0   29.0       0.0
0.02        28.0   28.0   28.0       0.0
0.03        28.0   28.0   28.0       0.0
0.05        28.0   28.0   27.0       1.0
0.07        27.0   28.0   27.0       0.0
0.10        27.0   27.0   27.0       0.0
0.15        27.0   27.0   27.0       0.0

=== delays=sym_40  gNMDA=0.05 ===
            A_ms   V_ms   B_ms  facil_ms
intensity                               
0.01        44.0   45.0   44.0       0.0
0.02        43.0   44.0   43.0       0.0
0.03        43.0   43.0   43.0       0.0
0.05        43.0   43.0   43.0       0.0
0.07        43.0   43.0   42.0       1.0
0.10        42.0   43.0   42.0       0.0
0.15        42.0   42.0   42.0       0.0

=== delays=sym_40  gNMDA=1.3 ===
            A_ms   V_ms   B_ms  facil_ms
intensity                               
0.01        44.0   44.0   44.0       0.0
0.02        43.0   44.0   43.0       0.0
0.03        43.0   43.0   43.0       0.0
0.05        43.0   43.0   43.0       0.0
0.07        42.0   43.0   42.0       0.0
0.10        42.0   42.0   42.0       0.0
0.15        42.0   42.0   42.0       0.0

====================================================================================================
TOP-5 facilitation cells:
    delays    gNMDA  intensity     A_ms     V_ms     B_ms  facil_ms
    sym_25     0.05       0.05    28.00    28.00    27.00      1.00
    sym_25     0.05       0.07    28.00    28.00    27.00      1.00
    sym_25     1.30       0.05    28.00    28.00    27.00      1.00
    sym_40     0.05       0.07    43.00    43.00    42.00      1.00
asym_25_40     0.05       0.03    28.00    43.00    28.00      0.00

Raw saved → task55_stage3_1ckpts.csv
