=== START Mon May 18 05:51:53 AEST 2026 ===
=== cue_reliability_test.py ===
[1/10]  msi_model_surr_10_00.pt  …Using device: cuda
 done
[2/10]  msi_model_surr_10_01.pt  …Using device: cuda
 done
[3/10]  msi_model_surr_10_02.pt  …Using device: cuda
 done
[4/10]  msi_model_surr_10_03.pt  …Using device: cuda
 done
[5/10]  msi_model_surr_10_04.pt  …Using device: cuda
 done
[6/10]  msi_model_surr_10_05.pt  …Using device: cuda
 done
[7/10]  msi_model_surr_10_06.pt  …Using device: cuda
 done
[8/10]  msi_model_surr_10_07.pt  …Using device: cuda
 done
[9/10]  msi_model_surr_10_08.pt  …Using device: cuda
 done
[10/10]  msi_model_surr_10_09.pt  …/home/vishnu/coding_proj/From_Spikes_to_Symptoms_Simulating_SC-Driven_Multisensory_Deficits_in_Autism_Spectrum_Disorder/cue_reliability_test.py:186: UserWarning: Tight layout not applied. The left and right margins cannot be made large enough to accommodate all Axes decorations.
  fig.tight_layout()
/home/vishnu/coding_proj/From_Spikes_to_Symptoms_Simulating_SC-Driven_Multisensory_Deficits_in_Autism_Spectrum_Disorder/cue_reliability_test.py:219: UserWarning: Tight layout not applied. The left and right margins cannot be made large enough to accommodate all Axes decorations.
  fig.tight_layout()
Using device: cuda
 done
✓ finished in 32.7s

Average deviation from MLE predictions: 39.0%
Mean absolute error: 0.095
RMSE: 0.143
R² correlation: 0.887
=== run_ei_balance.py ===
E/I BALANCE — separated currents, evoked window (125ms)
Evoked window: 5 frames stim + 7.5 frames tail = 12.5 frames (125ms)

Using device: cuda
  M00: E=3.4755 I=13.6266 E/I=0.255  AMPA=0.4172 NMDA=3.0583 FF=13.2449 Rec=0.0036 Lat=0.3781
Using device: cuda
  M01: E=3.3220 I=13.3828 E/I=0.248  AMPA=0.3660 NMDA=2.9560 FF=13.0024 Rec=0.0036 Lat=0.3769
Using device: cuda
  M02: E=3.2498 I=13.6948 E/I=0.237  AMPA=0.3658 NMDA=2.8840 FF=13.3198 Rec=0.0035 Lat=0.3714
Using device: cuda
  M03: E=3.3422 I=14.1162 E/I=0.237  AMPA=0.3992 NMDA=2.9430 FF=13.7569 Rec=0.0035 Lat=0.3557
Using device: cuda
  M04: E=3.0207 I=13.2627 E/I=0.228  AMPA=0.3069 NMDA=2.7138 FF=12.8967 Rec=0.0035 Lat=0.3625
Using device: cuda
  M05: E=3.5215 I=13.5720 E/I=0.259  AMPA=0.4223 NMDA=3.0993 FF=13.1880 Rec=0.0036 Lat=0.3803
Using device: cuda
  M06: E=3.3280 I=13.8407 E/I=0.240  AMPA=0.3797 NMDA=2.9483 FF=13.4677 Rec=0.0036 Lat=0.3694
Using device: cuda
  M07: E=3.4997 I=14.6215 E/I=0.239  AMPA=0.4583 NMDA=3.0415 FF=14.2734 Rec=0.0036 Lat=0.3446
Using device: cuda
  M08: E=3.2222 I=13.5391 E/I=0.238  AMPA=0.3638 NMDA=2.8584 FF=13.1738 Rec=0.0035 Lat=0.3618
Using device: cuda
  M09: E=3.3411 I=14.2230 E/I=0.235  AMPA=0.3655 NMDA=2.9755 FF=13.8556 Rec=0.0037 Lat=0.3638

============================================================
E/I BALANCE RESULTS (evoked window)
============================================================
  E/I ratio: 0.242 ± 0.003
  Exc mean:  3.3323 ± 0.0472
  Inh mean:  13.7879 ± 0.1324

  Excitatory breakdown:
    AMPA:     0.3845 (11.5%)
    NMDA:     2.9478 (88.5%)
  Inhibitory breakdown:
    FFInh:    13.4179 (97.3%)
    RecurInh: 0.0036 (0.0%)
    LatInh:   0.3665 (2.7%)
  Saved: Saved_Images/EI_balance.svg and Saved_Images/EI_balance.png
=== response_latency_test.py ===
[0] loading msi_model_surr_10_00.pt …
Using device: cuda
    done in 2.94s → ΔLatency = 10.0 ms
[1] loading msi_model_surr_10_01.pt …
Using device: cuda
    done in 2.79s → ΔLatency = 10.0 ms
[2] loading msi_model_surr_10_02.pt …
Using device: cuda
    done in 2.78s → ΔLatency = 10.0 ms
[3] loading msi_model_surr_10_03.pt …
Using device: cuda
    done in 2.81s → ΔLatency = 10.0 ms
[4] loading msi_model_surr_10_04.pt …
Using device: cuda
    done in 2.80s → ΔLatency = 10.0 ms
[5] loading msi_model_surr_10_05.pt …
Using device: cuda
    done in 2.79s → ΔLatency = 10.0 ms
[6] loading msi_model_surr_10_06.pt …
Using device: cuda
    done in 2.78s → ΔLatency = 10.0 ms
[7] loading msi_model_surr_10_07.pt …
Using device: cuda
    done in 2.78s → ΔLatency = 10.0 ms
[8] loading msi_model_surr_10_08.pt …
Using device: cuda
    done in 2.79s → ΔLatency = 10.0 ms
[9] loading msi_model_surr_10_09.pt …
Using device: cuda
    done in 2.80s → ΔLatency = 10.0 ms

=== Latency summary across 10 models ===
                       A_ms   V_ms   B_ms  UniMean_ms  ΔLatency_ms
Model                                                             
msi_model_surr_10_00   30.0   50.0   30.0        40.0         10.0
msi_model_surr_10_01   30.0   50.0   30.0        40.0         10.0
msi_model_surr_10_02   30.0   50.0   30.0        40.0         10.0
msi_model_surr_10_03   30.0   50.0   30.0        40.0         10.0
msi_model_surr_10_04   30.0   50.0   30.0        40.0         10.0
msi_model_surr_10_05   30.0   50.0   30.0        40.0         10.0
msi_model_surr_10_06   30.0   50.0   30.0        40.0         10.0
msi_model_surr_10_07   30.0   50.0   30.0        40.0         10.0
msi_model_surr_10_08   30.0   50.0   30.0        40.0         10.0
msi_model_surr_10_09   30.0   50.0   30.0        40.0         10.0

Mean ± SEM (ms):
  A_ms        :  30.0 ±  0.0
  V_ms        :  50.0 ±  0.0
  B_ms        :  30.0 ±  0.0
  UniMean_ms  :  40.0 ±  0.0
  ΔLatency_ms :  10.0 ±  0.0
=== precision_hist_test.py ===
Using device: cuda
Using device: cuda
Using device: cuda
Using device: cuda
Using device: cuda
Using device: cuda
Using device: cuda
Using device: cuda
Using device: cuda
Using device: cuda
Using device: cuda
Using device: cuda
Using device: cuda
Using device: cuda
Using device: cuda
Using device: cuda
Using device: cuda
Using device: cuda
Using device: cuda
Using device: cuda
Using device: cuda
Using device: cuda
Using device: cuda
Using device: cuda
Using device: cuda
Using device: cuda
Using device: cuda
Using device: cuda
Using device: cuda
Using device: cuda
Using device: cuda
Using device: cuda
Using device: cuda
Using device: cuda
Using device: cuda
Using device: cuda
Using device: cuda
Using device: cuda
Using device: cuda
Using device: cuda

=== Sensitivity Percentage Differences (Manip vs Control) ===
Audio: +10.2%
Visual: +24.0%
Bimodal: +27.6%
============================================================

=== Bimodal Enhancement (vs Best Unisensory) ===
Control: -15.1%
Manipulation: -12.6%
============================================================

=== inverse_effectiveness_test.py ===
/home/vishnu/coding_proj/From_Spikes_to_Symptoms_Simulating_SC-Driven_Multisensory_Deficits_in_Autism_Spectrum_Disorder/inverse_effectiveness_test.py:730: UserWarning: This figure includes Axes that are not compatible with tight_layout, so results might be incorrect.
  plt.tight_layout()
Using device: cuda
Using device: cuda
Using device: cuda
Using device: cuda
Using device: cuda
Using device: cuda
Using device: cuda
Using device: cuda
Using device: cuda
Using device: cuda
=== fano_factor_test.py ===
/home/vishnu/coding_proj/From_Spikes_to_Symptoms_Simulating_SC-Driven_Multisensory_Deficits_in_Autism_Spectrum_Disorder/fano_factor_test.py:389: UserWarning: This figure includes Axes that are not compatible with tight_layout, so results might be incorrect.
  plt.tight_layout()
Using device: cuda
Using device: cuda
Using device: cuda
Using device: cuda
Using device: cuda
Using device: cuda
Using device: cuda
Using device: cuda
Using device: cuda
Using device: cuda
=== END BATCH ALL Mon May 18 06:28:24 AEST 2026 ===
=== extract_metrics.py ===
============================================================
FANO FACTOR EXTRACTION
============================================================
Using device: cuda
Using device: cuda
Using device: cuda
Using device: cuda
Using device: cuda
Using device: cuda
Using device: cuda
Using device: cuda
Using device: cuda
Using device: cuda
Fano baseline (pre-stim, mean of first 30 frames): 0.740 ± 0.009
Fano stim     (post-stim, mean of next  30 frames): 0.360 ± 0.007
Mean rate baseline: 0.2943 spikes/frame/neuron
Mean rate stim:     0.4458 spikes/frame/neuron

============================================================
INVERSE EFFECTIVENESS MEI EXTRACTION
============================================================
Using device: cuda
Using device: cuda
Using device: cuda
Using device: cuda
Using device: cuda
Using device: cuda
Using device: cuda
Using device: cuda
Using device: cuda
Using device: cuda
INTENSITIES  = [np.float64(0.05), np.float64(0.1), np.float64(0.2), np.float64(0.4), np.float64(0.8), np.float64(1.6)]
MEI mean     = ['0.915', '0.952', '0.665', '0.528', '0.319', '0.031']
MEI sem      = ['0.010', '0.013', '0.009', '0.006', '0.015', '0.018']
resp_A mean  = ['335.70', '502.60', '783.10', '1071.10', '1479.40', '1876.50']
resp_V mean  = ['298.80', '458.30', '704.30', '921.00', '1227.40', '1468.70']
resp_AV mean = ['642.60', '980.70', '1303.60', '1636.40', '1950.80', '1936.60']

============================================================
PRECISION HISTOGRAM σ EXTRACTION (control gNMDA=1.30)
============================================================
Using device: cuda
Using device: cuda
Using device: cuda
Using device: cuda
Using device: cuda
Using device: cuda
Using device: cuda
Using device: cuda
Using device: cuda
Using device: cuda
σ_A  = 10.59°  (paper target: 8.47)
σ_V  = 10.60°  (paper target: 9.59)
σ_AV = 12.10° (paper target: 7.08)
σ_AV(MLE prediction from σ_A,σ_V) = 7.49°

============================================================
DONE
============================================================
=== END EXTRACT Mon May 18 06:49:57 AEST 2026 ===
