
=== Running control ===
Using device: cuda
  model 0: done in 24.3s cum
Using device: cuda
  model 1: done in 48.2s cum
Using device: cuda
  model 2: done in 72.2s cum
Using device: cuda
  model 3: done in 96.0s cum
Using device: cuda
  model 4: done in 119.8s cum
Using device: cuda
  model 5: done in 143.6s cum
Using device: cuda
  model 6: done in 167.3s cum
Using device: cuda
  model 7: done in 191.1s cum
Using device: cuda
  model 8: done in 214.9s cum
Using device: cuda
  model 9: done in 238.5s cum
  control total: 238.5s

=== Running ff_inhibition ===
Using device: cuda
  model 0: done in 23.7s cum
Using device: cuda
  model 1: done in 47.4s cum
Using device: cuda
  model 2: done in 71.1s cum
Using device: cuda
  model 3: done in 94.8s cum
Using device: cuda
  model 4: done in 118.6s cum
Using device: cuda
  model 5: done in 142.3s cum
Using device: cuda
  model 6: done in 166.0s cum
Using device: cuda
  model 7: done in 189.7s cum
Using device: cuda
  model 8: done in 213.5s cum
Using device: cuda
  model 9: done in 233.6s cum
  ff_inhibition total: 233.6s

=== Running adaptation ===
Using device: cuda
  model 0: done in 15.9s cum
Using device: cuda
  model 1: done in 32.0s cum
Using device: cuda
  model 2: done in 47.9s cum
Using device: cuda
  model 3: done in 63.8s cum
Using device: cuda
  model 4: done in 79.6s cum
Using device: cuda
  model 5: done in 95.4s cum
Using device: cuda
  model 6: done in 111.1s cum
Using device: cuda
  model 7: done in 126.9s cum
Using device: cuda
  model 8: done in 142.7s cum
Using device: cuda
  model 9: done in 158.3s cum
  adaptation total: 158.3s

=== Running nmda ===
Using device: cuda
  model 0: done in 15.9s cum
Using device: cuda
  model 1: done in 31.7s cum
Using device: cuda
  model 2: done in 47.4s cum
Using device: cuda
  model 3: done in 63.2s cum
Using device: cuda
  model 4: done in 79.0s cum
Using device: cuda
  model 5: done in 94.8s cum
Using device: cuda
  model 6: done in 110.6s cum
Using device: cuda
  model 7: done in 126.5s cum
Using device: cuda
  model 8: done in 142.3s cum
Using device: cuda
  model 9: done in 158.0s cum
  nmda total: 158.0s

=== Running nmda_increase ===
Using device: cuda
  model 0: done in 15.8s cum
Using device: cuda
  model 1: done in 31.5s cum
Using device: cuda
  model 2: done in 47.3s cum
Using device: cuda
  model 3: done in 63.0s cum
Using device: cuda
  model 4: done in 78.8s cum
Using device: cuda
  model 5: done in 94.6s cum
Using device: cuda
  model 6: done in 110.4s cum
Using device: cuda
  model 7: done in 126.3s cum
Using device: cuda
  model 8: done in 142.2s cum
Using device: cuda
  model 9: done in 157.9s cum
  nmda_increase total: 157.9s
Cached enhancement values to task56_logs/raw_enh_cache.pkl

======================================================================
COARSE SWEEP
======================================================================

======================================================================
 Threshold   control  ff_inhib  adaptati      nmda  nmda_inc    L1err    L2err
======================================================================
      0.00      33.0      43.0      35.1      27.5      32.5     9.30    10.54  (floor=0.0000)
     10.00      32.9      42.8      35.0      27.4      32.5     9.21    10.43  (floor=0.0000)
     50.00      32.7      41.7      34.6      27.2      32.4     8.83     9.99  (floor=0.0000)
    100.00      32.4      40.1      34.1      26.8      32.4     8.29     9.36  (floor=0.0000)
    300.00      31.6      37.2      33.1      22.8      32.2     6.48     7.16  (floor=0.0000)
    500.00      29.5      34.5      32.6      21.9      32.0     5.18     5.72  (floor=0.0000)
   1000.00      26.9      31.3      31.1      15.5      31.1     2.27     2.42  (floor=0.0000)
   2000.00      21.9      23.6      27.2       nan      27.8      nan      nan  (floor=0.0000)
   5000.00       nan       5.0      17.2       nan      26.1      nan      nan  (floor=0.0000)
  10000.00       nan       nan       nan       nan      20.5      nan      nan  (floor=0.0000)
======================================================================
Paper:          24.3      27.7      29.4      13.1      30.0

Best threshold (L2 across all 5 conditions): T = 1000.00

======================================================================
FINE SWEEP (around best from coarse)
======================================================================

======================================================================
 Threshold   control  ff_inhib  adaptati      nmda  nmda_inc    L1err    L2err
======================================================================
    300.00      31.6      37.2      33.1      22.8      32.2     6.48     7.16  (floor=0.0000)
    570.00      28.4      33.4      32.4      21.0      31.9     4.52     4.98  (floor=0.0000)
    840.00      27.1      32.0      31.9      17.6      31.5     3.11     3.31  (floor=0.0000)
   1110.00      26.7      29.1      30.1      13.2      30.8     1.04     1.30  (floor=0.0000)
   1380.00      23.6      27.1      28.3       8.6      29.3     1.53     2.14  (floor=0.0000)
   1650.00      22.4      26.9      27.5       nan      28.3      nan      nan  (floor=0.0000)
   1920.00      22.0      25.0      27.2       nan      27.9      nan      nan  (floor=0.0000)
   2190.00      21.1      22.3      27.1       nan      27.7      nan      nan  (floor=0.0000)
   2460.00      18.1      22.2      26.8       nan      27.4      nan      nan  (floor=0.0000)
   2730.00      17.3      21.4      26.0       nan      27.2      nan      nan  (floor=0.0000)
   3000.00      16.8      17.6      23.8       nan      27.0      nan      nan  (floor=0.0000)
======================================================================
Paper:          24.3      27.7      29.4      13.1      30.0

Best threshold (L2 across all 5 conditions): T = 1110.00

======================================================================
FINAL recommended threshold: 1110.00
======================================================================
