[paper_fair_ff_inh] HERE = /home/vishnu/coding_proj/From_Spikes_to_Symptoms_Simulating_SC-Driven_Multisensory_Deficits_in_Autism_Spectrum_Disorder
[paper_fair_ff_inh] MODELS = ['msi_model_surr_10_00.pt', 'msi_model_surr_10_01.pt', 'msi_model_surr_10_02.pt', 'msi_model_surr_10_03.pt', 'msi_model_surr_10_04.pt', 'msi_model_surr_10_05.pt', 'msi_model_surr_10_06.pt', 'msi_model_surr_10_07.pt', 'msi_model_surr_10_08.pt', 'msi_model_surr_10_09.pt']
[paper_fair_ff_inh] CONDITIONS['ff_inhibition'] -> <function <lambda> at 0x7bed16c827a0>
==============================================================================
Task #136-V1c  paper-fair ff_inh on surr_10  (v2 Training.py)
  CONDITIONS['ff_inhibition'] = pv_nmda=0.8 + targ_ratio=0.8  (pristine fb6d3f6)
==============================================================================

[1/3] Six-metric battery (latency, E/I, precision, Fano, MEI, cuerel)
Using device: cuda
Using device: cuda
Using device: cuda
Using device: cuda
Using device: cuda
Using device: cuda
Using device: cuda
Using device: cuda
Using device: cuda
Using device: cuda
Using device: cuda
Using device: cuda
Using device: cuda
Using device: cuda
Using device: cuda
Using device: cuda
Using device: cuda
Using device: cuda
Using device: cuda
Using device: cuda
Using device: cuda
Using device: cuda
Using device: cuda
Using device: cuda
Using device: cuda
Using device: cuda
Using device: cuda
Using device: cuda
Using device: cuda
Using device: cuda
  [latency  ] done in  60.7s  | {'A_mean': 49.0, 'A_sem': 1.0, 'V_mean': 61.0, 'V_sem': 1.0, 'B_mean': 50.0, 'B_sem': 1.4907119849998598, 'race_mean': -1.0, 'dLatency_mean': 5.0}
Using device: cuda
Using device: cuda
Using device: cuda
Using device: cuda
Using device: cuda
Using device: cuda
Using device: cuda
Using device: cuda
Using device: cuda
Using device: cuda
  [ei       ] done in 115.9s  | {'ei_ratio_mean': 1.1369460413689667, 'ei_ratio_sem': 0.005796505624874157}
Using device: cuda
Using device: cuda
Using device: cuda
Using device: cuda
Using device: cuda
Using device: cuda
Using device: cuda
Using device: cuda
Using device: cuda
Using device: cuda
  [precision] done in 456.8s  | {'sigma_A': 17.28836571230994, 'sigma_V': 21.28486772747913, 'sigma_AV': 22.265233525909686, 'sigma_AV_MLE_pred': 13.419467136389908, 'ratio_AV_to_MLE': 1.6591741907197262}
Using device: cuda
Using device: cuda
Using device: cuda
Using device: cuda
Using device: cuda
Using device: cuda
Using device: cuda
Using device: cuda
Using device: cuda
Using device: cuda
  [fano     ] done in 118.1s  | {'baseline_mean': 0.7250586688518524, 'baseline_sem': 0.006510116727828312, 'stim_full_mean': 0.3135975331068039, 'stim_post35_mean': 0.2397052139043808}
Using device: cuda
Using device: cuda
Using device: cuda
Using device: cuda
Using device: cuda
Using device: cuda
Using device: cuda
Using device: cuda
Using device: cuda
Using device: cuda
Using device: cuda
Using device: cuda
Using device: cuda
Using device: cuda
Using device: cuda
Using device: cuda
Using device: cuda
Using device: cuda
Using device: cuda
Using device: cuda
Using device: cuda
Using device: cuda
Using device: cuda
Using device: cuda
Using device: cuda
Using device: cuda
Using device: cuda
Using device: cuda
Using device: cuda
Using device: cuda
Using device: cuda
Using device: cuda
Using device: cuda
Using device: cuda
Using device: cuda
Using device: cuda
Using device: cuda
Using device: cuda
Using device: cuda
Using device: cuda
Using device: cuda
Using device: cuda
Using device: cuda
Using device: cuda
Using device: cuda
Using device: cuda
Using device: cuda
Using device: cuda
Using device: cuda
Using device: cuda
Using device: cuda
Using device: cuda
Using device: cuda
Using device: cuda
Using device: cuda
Using device: cuda
Using device: cuda
Using device: cuda
Using device: cuda
Using device: cuda
  [mei      ] done in 1593.4s  | {'intensities': [0.05, 0.1, 0.2, 0.4, 0.8, 1.6], 'mei_mean': [0.2891809597497838, 0.4544948198531893, 0.48369432727525885, 0.43241283315894324, 0.2421067555670458, 0.1916947552429916], 'mei_sem': [0.004638937123246278, 0.0028824159066388223, 0.012554050215456478, 0.011384319523264606, 0.007669520781305105, 0.0070436909553442985], 'resp_A_mean': [354.3, 532.5, 904.8, 1616.6, 3146.7, 5529.3], 'resp_V_mean': [236.8, 390.1, 690.9, 1303.4, 2265.7, 3619.5], 'resp_AV_mean': [456.7, 774.5, 1342.1, 2315.5, 3907.9, 6587.4]}
Using device: cuda
Using device: cuda
Using device: cuda
Using device: cuda
Using device: cuda
Using device: cuda
Using device: cuda
Using device: cuda
Using device: cuda
Using device: cuda
  [cue_rel  ] done in  54.3s  | {'R2': 0.9632577034828094, 'avg_deviation_pct': 21.46338653564453, 'MAE': 0.07398377859934281}

--- TBW (paper-fair ff_inh) ---
Using device: cuda
  Model 0/10: P(fus@0ms)=1.000, peak=1.000, 31.7s
Using device: cuda
  Model 1/10: P(fus@0ms)=1.000, peak=1.000, 31.8s
Using device: cuda
  Model 2/10: P(fus@0ms)=1.000, peak=1.000, 31.9s
Using device: cuda
  Model 3/10: P(fus@0ms)=1.000, peak=1.000, 31.7s
Using device: cuda
  Model 4/10: P(fus@0ms)=1.000, peak=1.000, 31.7s
Using device: cuda
  Model 5/10: P(fus@0ms)=1.000, peak=1.000, 31.7s
Using device: cuda
  Model 6/10: P(fus@0ms)=1.000, peak=1.000, 31.9s
Using device: cuda
  Model 7/10: P(fus@0ms)=1.000, peak=1.000, 31.7s
Using device: cuda
  Model 8/10: P(fus@0ms)=1.000, peak=1.000, 31.9s
Using device: cuda
  Model 9/10: P(fus@0ms)=1.000, peak=1.000, 31.9s
  Simulation done in 318s, cached → cache/tbw_ff_inh_pristine.npz
Traceback (most recent call last):
  File "/home/vishnu/coding_proj/From_Spikes_to_Symptoms_Simulating_SC-Driven_Multisensory_Deficits_in_Autism_Spectrum_Disorder/task136_logs/paper_fair_ff_inh.py", line 199, in <module>
    main()
    ~~~~^^
  File "/home/vishnu/coding_proj/From_Spikes_to_Symptoms_Simulating_SC-Driven_Multisensory_Deficits_in_Autism_Spectrum_Disorder/task136_logs/paper_fair_ff_inh.py", line 183, in main
    tbw = run_tbw_ff_inh()
  File "/home/vishnu/coding_proj/From_Spikes_to_Symptoms_Simulating_SC-Driven_Multisensory_Deficits_in_Autism_Spectrum_Disorder/task136_logs/paper_fair_ff_inh.py", line 109, in run_tbw_ff_inh
    cross = _find_crossings(seps, ys, 0.5)
  File "/home/vishnu/coding_proj/From_Spikes_to_Symptoms_Simulating_SC-Driven_Multisensory_Deficits_in_Autism_Spectrum_Disorder/TBW_test.py", line 1371, in _find_crossings
    y1, y2 = ys[i], ys[i + 1]
             ~~^^^
IndexError: too many indices for array: array is 0-dimensional, but 1 were indexed
