start=2026-05-22T02:49:33+10:00
Using MODELS: ['msi_model_surr_10_00.pt', 'msi_model_surr_10_01.pt', 'msi_model_surr_10_02.pt', 'msi_model_surr_10_03.pt', 'msi_model_surr_10_04.pt', 'msi_model_surr_10_05.pt', 'msi_model_surr_10_06.pt', 'msi_model_surr_10_07.pt', 'msi_model_surr_10_08.pt', 'msi_model_surr_10_09.pt']
Output: task136_logs/perturbation_grid_surr10_v2.json
[run_perturbations] 10 ckpts: ['msi_model_surr_10_00', 'msi_model_surr_10_01', 'msi_model_surr_10_02', 'msi_model_surr_10_03', 'msi_model_surr_10_04', 'msi_model_surr_10_05', 'msi_model_surr_10_06', 'msi_model_surr_10_07', 'msi_model_surr_10_08', 'msi_model_surr_10_09']
[run_perturbations] 5 conditions × 6 metrics
[run_perturbations] device=cuda

========== CONDITION: control ==========
Using device: cuda
Using device: cuda
Using device: cuda
Using device: cuda
Using device: cuda
Using device: cuda
Using device: cuda
Using device: cuda
Using device: cuda
Using device: cuda
Using device: cuda
Using device: cuda
Using device: cuda
Using device: cuda
Using device: cuda
Using device: cuda
Using device: cuda
Using device: cuda
Using device: cuda
Using device: cuda
Using device: cuda
Using device: cuda
Using device: cuda
Using device: cuda
Using device: cuda
Using device: cuda
Using device: cuda
Using device: cuda
Using device: cuda
Using device: cuda
  [latency  ] done in  71.7s  | {'A_mean': 48.0, 'A_sem': 1.3333333333333333, 'V_mean': 61.0, 'V_sem': 1.0, 'B_mean': 48.0, 'B_sem': 1.3333333333333333, 'race_mean': 0.0, 'dLatency_mean': 6.5}
Using device: cuda
Using device: cuda
Using device: cuda
Using device: cuda
Using device: cuda
Using device: cuda
Using device: cuda
Using device: cuda
Using device: cuda
Using device: cuda
  [ei       ] done in 154.9s  | {'ei_ratio_mean': 1.0423178221657825, 'ei_ratio_sem': 0.0046600881394870345}
Using device: cuda
Using device: cuda
Using device: cuda
Using device: cuda
Using device: cuda
Using device: cuda
Using device: cuda
Using device: cuda
Using device: cuda
Using device: cuda
  [precision] done in 492.1s  | {'sigma_A': 9.044423012692835, 'sigma_V': 10.584825710347994, 'sigma_AV': 8.478361440704433, 'sigma_AV_MLE_pred': 6.876108792080377, 'ratio_AV_to_MLE': 1.2330173499391786}
Using device: cuda
Using device: cuda
Using device: cuda
Using device: cuda
Using device: cuda
Using device: cuda
Using device: cuda
Using device: cuda
Using device: cuda
Using device: cuda
  [fano     ] done in 119.5s  | {'baseline_mean': 0.7234393060207367, 'baseline_sem': 0.0022258175116708595, 'stim_full_mean': 0.36214661598205566, 'stim_post35_mean': 0.27540510296821596}
Using device: cuda
Using device: cuda
Using device: cuda
Using device: cuda
Using device: cuda
Using device: cuda
Using device: cuda
Using device: cuda
Using device: cuda
Using device: cuda
Using device: cuda
Using device: cuda
Using device: cuda
Using device: cuda
Using device: cuda
Using device: cuda
Using device: cuda
Using device: cuda
Using device: cuda
Using device: cuda
Using device: cuda
Using device: cuda
Using device: cuda
Using device: cuda
Using device: cuda
Using device: cuda
Using device: cuda
Using device: cuda
Using device: cuda
Using device: cuda
Using device: cuda
Using device: cuda
Using device: cuda
Using device: cuda
Using device: cuda
Using device: cuda
Using device: cuda
Using device: cuda
Using device: cuda
Using device: cuda
Using device: cuda
Using device: cuda
Using device: cuda
Using device: cuda
Using device: cuda
Using device: cuda
Using device: cuda
Using device: cuda
Using device: cuda
Using device: cuda
Using device: cuda
Using device: cuda
Using device: cuda
Using device: cuda
Using device: cuda
Using device: cuda
Using device: cuda
Using device: cuda
Using device: cuda
Using device: cuda
  [mei      ] done in 1606.8s  | {'intensities': [0.05, 0.1, 0.2, 0.4, 0.8, 1.6], 'mei_mean': [0.2506612859425411, 0.37313225711631154, 0.36988842429052415, 0.3400307986643739, 0.1952440645331427, 0.17410910778482977], 'mei_sem': [0.0032023346070619743, 0.00302881807316921, 0.009390717808559034, 0.005821353251346736, 0.0038155588641125894, 0.005292771102498562], 'resp_A_mean': [353.1, 531.8, 902.5, 1583.6, 2926.1, 5095.0], 'resp_V_mean': [230.2, 375.8, 639.7, 1133.8, 1925.2, 2885.1], 'resp_AV_mean': [441.6, 730.2, 1236.0, 2121.8, 3497.1, 5981.2]}
Using device: cuda
Using device: cuda
Using device: cuda
Using device: cuda
Using device: cuda
Using device: cuda
Using device: cuda
Using device: cuda
Using device: cuda
Using device: cuda
  [cue_rel  ] done in  52.7s  | {'R2': 0.9688520580561503, 'avg_deviation_pct': 17.680286407470703, 'MAE': 0.06264121267791474}

========== CONDITION: ff_inhibition ==========
Using device: cuda
Using device: cuda
Using device: cuda
Using device: cuda
Using device: cuda
Using device: cuda
Using device: cuda
Using device: cuda
Using device: cuda
Using device: cuda
Using device: cuda
Using device: cuda
Using device: cuda
Using device: cuda
Using device: cuda
Using device: cuda
Using device: cuda
Using device: cuda
Using device: cuda
Using device: cuda
Using device: cuda
Using device: cuda
Using device: cuda
Using device: cuda
Using device: cuda
Using device: cuda
Using device: cuda
Using device: cuda
Using device: cuda
Using device: cuda
  [latency  ] done in  86.5s  | {'A_mean': 94.0, 'A_sem': 26.8824602048746, 'V_mean': 65.0, 'V_sem': 4.013864859597431, 'B_mean': 65.0, 'B_sem': 5.0, 'race_mean': -6.0, 'dLatency_mean': 14.5}
Using device: cuda
Using device: cuda
Using device: cuda
Using device: cuda
Using device: cuda
Using device: cuda
Using device: cuda
Using device: cuda
Using device: cuda
Using device: cuda
  [ei       ] done in  56.8s  | {'ei_ratio_mean': 0.6416012027692479, 'ei_ratio_sem': 0.0027667465055011766}
Using device: cuda
Using device: cuda
Using device: cuda
Using device: cuda
Using device: cuda
Using device: cuda
Using device: cuda
Using device: cuda
Using device: cuda
Using device: cuda
  [precision] done in 283.3s  | {'sigma_A': 30.78306537251278, 'sigma_V': 33.391801439707145, 'sigma_AV': 33.13742860687808, 'sigma_AV_MLE_pred': 22.633056377172892, 'ratio_AV_to_MLE': 1.4641163815727347}
Using device: cuda
Using device: cuda
Using device: cuda
Using device: cuda
Using device: cuda
Using device: cuda
Using device: cuda
Using device: cuda
Using device: cuda
Using device: cuda
  [fano     ] done in  72.5s  | {'baseline_mean': 0.8893895864486694, 'baseline_sem': 0.0008048279631224174, 'stim_full_mean': 0.4385994881391525, 'stim_post35_mean': 0.34966563880443574}
Using device: cuda
Using device: cuda
Using device: cuda
Using device: cuda
Using device: cuda
Using device: cuda
Using device: cuda
Using device: cuda
Using device: cuda
Using device: cuda
Using device: cuda
Using device: cuda
Using device: cuda
Using device: cuda
Using device: cuda
Using device: cuda
Using device: cuda
Using device: cuda
Using device: cuda
Using device: cuda
Using device: cuda
Using device: cuda
Using device: cuda
Using device: cuda
Using device: cuda
Using device: cuda
Using device: cuda
Using device: cuda
Using device: cuda
Using device: cuda
Using device: cuda
Using device: cuda
Using device: cuda
Using device: cuda
Using device: cuda
Using device: cuda
Using device: cuda
Using device: cuda
Using device: cuda
Using device: cuda
Using device: cuda
Using device: cuda
Using device: cuda
Using device: cuda
Using device: cuda
Using device: cuda
Using device: cuda
Using device: cuda
Using device: cuda
Using device: cuda
Using device: cuda
Using device: cuda
Using device: cuda
Using device: cuda
Using device: cuda
Using device: cuda
Using device: cuda
Using device: cuda
Using device: cuda
Using device: cuda
  [mei      ] done in 1082.4s  | {'intensities': [0.05, 0.1, 0.2, 0.4, 0.8, 1.6], 'mei_mean': [0.34328854218326244, 0.37521716606396965, 0.25121039436709014, 0.15005126343618475, 0.016905504469573035, 0.03811659442235365], 'mei_sem': [0.016272793180722004, 0.014274037862826883, 0.018177500970585042, 0.020500616419416837, 0.011953359128879541, 0.009413619208962862], 'resp_A_mean': [84.1, 111.9, 170.2, 286.8, 466.5, 681.6], 'resp_V_mean': [64.7, 97.7, 146.5, 234.3, 358.1, 487.8], 'resp_AV_mean': [112.9, 154.5, 215.8, 329.6, 474.4, 707.0]}
Using device: cuda
Using device: cuda
Using device: cuda
Using device: cuda
Using device: cuda
Using device: cuda
Using device: cuda
Using device: cuda
Using device: cuda
Using device: cuda
  [cue_rel  ] done in  50.0s  | {'R2': 0.9045854914939259, 'avg_deviation_pct': 57.37961959838867, 'MAE': 0.13070699376291725}

========== CONDITION: adaptation ==========
Using device: cuda
Using device: cuda
Using device: cuda
Using device: cuda
Using device: cuda
Using device: cuda
Using device: cuda
Using device: cuda
Using device: cuda
Using device: cuda
Using device: cuda
Using device: cuda
Using device: cuda
Using device: cuda
Using device: cuda
Using device: cuda
Using device: cuda
Using device: cuda
Using device: cuda
Using device: cuda
Using device: cuda
Using device: cuda
Using device: cuda
Using device: cuda
Using device: cuda
Using device: cuda
Using device: cuda
Using device: cuda
Using device: cuda
Using device: cuda
  [latency  ] done in  45.5s  | {'A_mean': 48.0, 'A_sem': 1.3333333333333333, 'V_mean': 61.0, 'V_sem': 1.0, 'B_mean': 48.0, 'B_sem': 1.3333333333333333, 'race_mean': 0.0, 'dLatency_mean': 6.5}
Using device: cuda
Using device: cuda
Using device: cuda
Using device: cuda
Using device: cuda
Using device: cuda
Using device: cuda
Using device: cuda
Using device: cuda
Using device: cuda
  [ei       ] done in  91.5s  | {'ei_ratio_mean': 0.9359130959166528, 'ei_ratio_sem': 0.004139225166062797}
Using device: cuda
Using device: cuda
Using device: cuda
Using device: cuda
Using device: cuda
Using device: cuda
Using device: cuda
Using device: cuda
Using device: cuda
Using device: cuda
  [precision] done in 308.1s  | {'sigma_A': 11.754510157663017, 'sigma_V': 14.560714127873373, 'sigma_AV': 14.864642423404684, 'sigma_AV_MLE_pred': 9.146179921228503, 'ratio_AV_to_MLE': 1.6252296096760017}
Using device: cuda
Using device: cuda
Using device: cuda
Using device: cuda
Using device: cuda
Using device: cuda
Using device: cuda
Using device: cuda
Using device: cuda
Using device: cuda
  [fano     ] done in  73.4s  | {'baseline_mean': 0.8448725879192353, 'baseline_sem': 0.006957871994067408, 'stim_full_mean': 0.4011130899190903, 'stim_post35_mean': 0.33932594656944276}
Using device: cuda
Using device: cuda
Using device: cuda
Using device: cuda
Using device: cuda
Using device: cuda
Using device: cuda
Using device: cuda
Using device: cuda
Using device: cuda
Using device: cuda
Using device: cuda
Using device: cuda
Using device: cuda
Using device: cuda
Using device: cuda
Using device: cuda
Using device: cuda
Using device: cuda
Using device: cuda
Using device: cuda
Using device: cuda
Using device: cuda
Using device: cuda
Using device: cuda
Using device: cuda
Using device: cuda
Using device: cuda
Using device: cuda
Using device: cuda
Using device: cuda
Using device: cuda
Using device: cuda
Using device: cuda
Using device: cuda
Using device: cuda
Using device: cuda
Using device: cuda
Using device: cuda
Using device: cuda
Using device: cuda
Using device: cuda
Using device: cuda
Using device: cuda
Using device: cuda
Using device: cuda
Using device: cuda
Using device: cuda
Using device: cuda
Using device: cuda
Using device: cuda
Using device: cuda
Using device: cuda
Using device: cuda
Using device: cuda
Using device: cuda
Using device: cuda
Using device: cuda
Using device: cuda
Using device: cuda
  [mei      ] done in 1134.0s  | {'intensities': [0.05, 0.1, 0.2, 0.4, 0.8, 1.6], 'mei_mean': [0.2644555052519828, 0.4189317072055439, 0.47503545108666884, 0.3782243859059372, 0.17137857044462726, 0.1253249612602386], 'mei_sem': [0.0036376601193702255, 0.00348000726962148, 0.010454476328164047, 0.011834888575931958, 0.006400169132044465, 0.006578143003563351], 'resp_A_mean': [988.1, 1468.8, 2336.9, 4023.0, 7464.7, 12273.8], 'resp_V_mean': [646.6, 1033.6, 1759.3, 3096.6, 5094.5, 7420.7], 'resp_AV_mean': [1249.3, 2084.0, 3446.0, 5543.3, 8742.7, 13808.3]}
Using device: cuda
Using device: cuda
Using device: cuda
Using device: cuda
Using device: cuda
Using device: cuda
Using device: cuda
Using device: cuda
Using device: cuda
Using device: cuda
  [cue_rel  ] done in  40.3s  | {'R2': 0.9618022528923136, 'avg_deviation_pct': 17.463550567626953, 'MAE': 0.0746978460440944}

========== CONDITION: nmda ==========
Using device: cuda
Using device: cuda
Using device: cuda
Using device: cuda
Using device: cuda
Using device: cuda
Using device: cuda
Using device: cuda
Using device: cuda
Using device: cuda
Using device: cuda
Using device: cuda
Using device: cuda
Using device: cuda
Using device: cuda
Using device: cuda
Using device: cuda
Using device: cuda
Using device: cuda
Using device: cuda
Using device: cuda
Using device: cuda
Using device: cuda
Using device: cuda
Using device: cuda
Using device: cuda
Using device: cuda
Using device: cuda
Using device: cuda
Using device: cuda
  [latency  ] done in  51.1s  | {'A_mean': 53.0, 'A_sem': 2.134374745810949, 'V_mean': 69.0, 'V_sem': 3.144660377352201, 'B_mean': 54.0, 'B_sem': 2.2110831935702664, 'race_mean': -1.0, 'dLatency_mean': 7.0}
Using device: cuda
Using device: cuda
Using device: cuda
Using device: cuda
Using device: cuda
Using device: cuda
Using device: cuda
Using device: cuda
Using device: cuda
Using device: cuda
  [ei       ] done in  56.6s  | {'ei_ratio_mean': 0.6363867184092642, 'ei_ratio_sem': 0.0048608928350229305}
Using device: cuda
Using device: cuda
Using device: cuda
Using device: cuda
Using device: cuda
Using device: cuda
Using device: cuda
Using device: cuda
Using device: cuda
Using device: cuda
  [precision] done in 282.9s  | {'sigma_A': 12.663314533503188, 'sigma_V': 15.01887727693386, 'sigma_AV': 10.421873850518308, 'sigma_AV_MLE_pred': 9.68127876828863, 'ratio_AV_to_MLE': 1.076497650770632}
Using device: cuda
Using device: cuda
Using device: cuda
Using device: cuda
Using device: cuda
Using device: cuda
Using device: cuda
Using device: cuda
Using device: cuda
Using device: cuda
  [fano     ] done in  71.5s  | {'baseline_mean': 0.0, 'baseline_sem': 0.0, 'stim_full_mean': 0.05136320106685162, 'stim_post35_mean': 0.06163584142923355}
Using device: cuda
Using device: cuda
Using device: cuda
Using device: cuda
Using device: cuda
Using device: cuda
Using device: cuda
Using device: cuda
Using device: cuda
Using device: cuda
Using device: cuda
Using device: cuda
Using device: cuda
Using device: cuda
Using device: cuda
Using device: cuda
Using device: cuda
Using device: cuda
Using device: cuda
Using device: cuda
Using device: cuda
Using device: cuda
Using device: cuda
Using device: cuda
Using device: cuda
Using device: cuda
Using device: cuda
Using device: cuda
Using device: cuda
Using device: cuda
Using device: cuda
Using device: cuda
Using device: cuda
Using device: cuda
Using device: cuda
Using device: cuda
Using device: cuda
Using device: cuda
Using device: cuda
Using device: cuda
Using device: cuda
Using device: cuda
Using device: cuda
Using device: cuda
Using device: cuda
Using device: cuda
Using device: cuda
Using device: cuda
Using device: cuda
Using device: cuda
Using device: cuda
Using device: cuda
Using device: cuda
Using device: cuda
Using device: cuda
Using device: cuda
Using device: cuda
Using device: cuda
Using device: cuda
Using device: cuda
  [mei      ] done in 1028.1s  | {'intensities': [0.05, 0.1, 0.2, 0.4, 0.8, 1.6], 'mei_mean': [0.42283335371347547, 0.6615045170751631, 0.6522757977918111, 0.4384608657213841, 0.2675832855008392, 0.16014336315374883], 'mei_sem': [0.006475083965090535, 0.011930799958269964, 0.018305921226930495, 0.012161835311758358, 0.003693135930317993, 0.008120495238000887], 'resp_A_mean': [111.2, 166.3, 292.2, 569.0, 1083.2, 1949.4], 'resp_V_mean': [80.2, 127.3, 240.9, 450.4, 792.9, 1200.8], 'resp_AV_mean': [158.2, 276.2, 482.3, 817.9, 1373.0, 2260.7]}
Using device: cuda
Using device: cuda
Using device: cuda
Using device: cuda
Using device: cuda
Using device: cuda
Using device: cuda
Using device: cuda
Using device: cuda
Using device: cuda
  [cue_rel  ] done in  30.7s  | {'R2': 0.9704804770462294, 'avg_deviation_pct': 19.315052032470703, 'MAE': 0.05848486794760961}

========== CONDITION: nmda_increase ==========
Using device: cuda
Using device: cuda
Using device: cuda
Using device: cuda
Using device: cuda
Using device: cuda
Using device: cuda
Using device: cuda
Using device: cuda
Using device: cuda
Using device: cuda
Using device: cuda
Using device: cuda
Using device: cuda
Using device: cuda
Using device: cuda
Using device: cuda
Using device: cuda
Using device: cuda
Using device: cuda
Using device: cuda
Using device: cuda
Using device: cuda
Using device: cuda
Using device: cuda
Using device: cuda
Using device: cuda
Using device: cuda
Using device: cuda
Using device: cuda
  [latency  ] done in  38.4s  | {'A_mean': 39.0, 'A_sem': 1.0, 'V_mean': 55.0, 'V_sem': 1.6666666666666665, 'B_mean': 39.0, 'B_sem': 1.0, 'race_mean': 0.0, 'dLatency_mean': 8.0}
Using device: cuda
Using device: cuda
Using device: cuda
Using device: cuda
Using device: cuda
Using device: cuda
Using device: cuda
Using device: cuda
Using device: cuda
Using device: cuda
  [ei       ] done in  56.8s  | {'ei_ratio_mean': 1.4776856376699237, 'ei_ratio_sem': 0.004559458753278228}
Using device: cuda
Using device: cuda
Using device: cuda
Using device: cuda
Using device: cuda
Using device: cuda
Using device: cuda
Using device: cuda
Using device: cuda
Using device: cuda
  [precision] done in 283.0s  | {'sigma_A': 9.51560689342721, 'sigma_V': 8.36822722129478, 'sigma_AV': 5.8708718940578, 'sigma_AV_MLE_pred': 6.28394451025225, 'ratio_AV_to_MLE': 0.9342653940497848}
Using device: cuda
Using device: cuda
Using device: cuda
Using device: cuda
Using device: cuda
Using device: cuda
Using device: cuda
Using device: cuda
Using device: cuda
Using device: cuda
  [fano     ] done in  72.1s  | {'baseline_mean': 0.9291385471820831, 'baseline_sem': 0.005308609136353242, 'stim_full_mean': 0.9741955995559692, 'stim_post35_mean': 0.9857819557189942}
Using device: cuda
Using device: cuda
Using device: cuda
Using device: cuda
Using device: cuda
Using device: cuda
Using device: cuda
Using device: cuda
Using device: cuda
Using device: cuda
Using device: cuda
Using device: cuda
Using device: cuda
Using device: cuda
Using device: cuda
Using device: cuda
Using device: cuda
Using device: cuda
Using device: cuda
Using device: cuda
Using device: cuda
Using device: cuda
Using device: cuda
Using device: cuda
Using device: cuda
Using device: cuda
Using device: cuda
Using device: cuda
Using device: cuda
Using device: cuda
Using device: cuda
Using device: cuda
Using device: cuda
Using device: cuda
Using device: cuda
Using device: cuda
Using device: cuda
Using device: cuda
Using device: cuda
Using device: cuda
Using device: cuda
Using device: cuda
Using device: cuda
Using device: cuda
Using device: cuda
Using device: cuda
Using device: cuda
Using device: cuda
Using device: cuda
Using device: cuda
Using device: cuda
Using device: cuda
Using device: cuda
Using device: cuda
Using device: cuda
Using device: cuda
Using device: cuda
Using device: cuda
Using device: cuda
Using device: cuda
  [mei      ] done in 1062.3s  | {'intensities': [0.05, 0.1, 0.2, 0.4, 0.8, 1.6], 'mei_mean': [0.13773225111026657, 0.15784868110546962, 0.12752898224637346, 0.12476106665213875, 0.08310083711558396, 0.09119047927503214], 'mei_sem': [0.0029645673046824208, 0.002070730782281678, 0.005354245038273974, 0.0048112233818150725, 0.0022307667954100667, 0.0021193667025364016], 'resp_A_mean': [1703.5, 2589.8, 4138.2, 6792.0, 11604.4, 18822.3], 'resp_V_mean': [1051.7, 1653.8, 2531.5, 3933.7, 6745.4, 11480.5], 'resp_AV_mean': [1938.0, 2998.5, 4665.0, 7638.0, 12568.2, 20538.0]}
Using device: cuda
Using device: cuda
Using device: cuda
Using device: cuda
Using device: cuda
Using device: cuda
Using device: cuda
Using device: cuda
Using device: cuda
Using device: cuda
  [cue_rel  ] done in  35.1s  | {'R2': 0.9613591822774354, 'avg_deviation_pct': 16.441381454467773, 'MAE': 0.07664823451073188}

[run_perturbations] total elapsed 8891.2s
[run_perturbations] saved → task136_logs/perturbation_grid_surr10_v2.json
