=== START Mon May 18 02:17:23 AEST 2026 ===
=== precision_hist_test.py ===
Using device: cuda
Using device: cuda
Using device: cuda
Using device: cuda
Using device: cuda
Using device: cuda
Using device: cuda
Using device: cuda
Using device: cuda
Using device: cuda
Using device: cuda
Using device: cuda
Using device: cuda
Using device: cuda
Using device: cuda
Using device: cuda
Using device: cuda
Using device: cuda
Using device: cuda
Using device: cuda
Using device: cuda
Using device: cuda
Using device: cuda
Using device: cuda
Using device: cuda
Using device: cuda
Using device: cuda
Using device: cuda
Using device: cuda
Using device: cuda
Using device: cuda
Using device: cuda
Using device: cuda
Using device: cuda
Using device: cuda
Using device: cuda
Using device: cuda
Using device: cuda
Using device: cuda
Using device: cuda

=== Sensitivity Percentage Differences (Manip vs Control) ===
Audio: -66.5%
Visual: -62.9%
Bimodal: -61.7%
============================================================

=== Bimodal Enhancement (vs Best Unisensory) ===
Control: +6.7%
Manipulation: +21.8%
============================================================

=== inverse_effectiveness_test.py ===
/home/vishnu/coding_proj/From_Spikes_to_Symptoms_Simulating_SC-Driven_Multisensory_Deficits_in_Autism_Spectrum_Disorder/inverse_effectiveness_test.py:726: UserWarning: This figure includes Axes that are not compatible with tight_layout, so results might be incorrect.
  plt.tight_layout()
Using device: cuda
Using device: cuda
Using device: cuda
Using device: cuda
Using device: cuda
Using device: cuda
Using device: cuda
Using device: cuda
Using device: cuda
Using device: cuda
=== fano_factor_test.py ===
/home/vishnu/coding_proj/From_Spikes_to_Symptoms_Simulating_SC-Driven_Multisensory_Deficits_in_Autism_Spectrum_Disorder/fano_factor_test.py:389: UserWarning: This figure includes Axes that are not compatible with tight_layout, so results might be incorrect.
  plt.tight_layout()
Using device: cuda
Using device: cuda
Using device: cuda
Using device: cuda
Using device: cuda
Using device: cuda
Using device: cuda
Using device: cuda
Using device: cuda
Using device: cuda
=== END Mon May 18 02:55:24 AEST 2026 ===
