=== START Mon May 18 15:37:32 AEST 2026 ===
=== generate_all_fresh.py (TBW+SBW pipeline) ===
FRESH GENERATION — all 10 TBW + SBW figures

============================================================
TBW — FRESH SIMULATIONS (temporal fusion)
  10 models x 50 trials x 51 offsets
============================================================

  --- TBW CONTROL ---
Using device: cuda
  Model 0/10: P(fus@0ms)=1.000, peak=1.000, 16.7s
Using device: cuda
  Model 1/10: P(fus@0ms)=1.000, peak=1.000, 16.5s
Using device: cuda
  Model 2/10: P(fus@0ms)=1.000, peak=1.000, 16.2s
Using device: cuda
  Model 3/10: P(fus@0ms)=1.000, peak=1.000, 16.0s
Using device: cuda
  Model 4/10: P(fus@0ms)=1.000, peak=1.000, 16.1s
Using device: cuda
  Model 5/10: P(fus@0ms)=1.000, peak=1.000, 16.1s
Using device: cuda
  Model 6/10: P(fus@0ms)=1.000, peak=1.000, 16.0s
Using device: cuda
  Model 7/10: P(fus@0ms)=1.000, peak=1.000, 16.0s
Using device: cuda
  Model 8/10: P(fus@0ms)=1.000, peak=1.000, 16.0s
Using device: cuda
  Model 9/10: P(fus@0ms)=1.000, peak=1.000, 16.1s
  Simulation done in 162s, saved to cache/tbw_control.npz
  TBW control             : HW=110ms

  --- TBW FF_INHIBITION ---
Using device: cuda
  Model 0/10: P(fus@0ms)=1.000, peak=1.000, 16.0s
Using device: cuda
  Model 1/10: P(fus@0ms)=1.000, peak=1.000, 16.1s
Using device: cuda
  Model 2/10: P(fus@0ms)=1.000, peak=1.000, 16.1s
Using device: cuda
  Model 3/10: P(fus@0ms)=1.000, peak=1.000, 16.1s
Using device: cuda
  Model 4/10: P(fus@0ms)=1.000, peak=1.000, 16.1s
Using device: cuda
  Model 5/10: P(fus@0ms)=1.000, peak=1.000, 16.1s
Using device: cuda
  Model 6/10: P(fus@0ms)=1.000, peak=1.000, 16.1s
Using device: cuda
  Model 7/10: P(fus@0ms)=1.000, peak=1.000, 16.0s
Using device: cuda
  Model 8/10: P(fus@0ms)=1.000, peak=1.000, 16.0s
Using device: cuda
  Model 9/10: P(fus@0ms)=1.000, peak=1.000, 15.9s
  Simulation done in 161s, saved to cache/tbw_ff_inhibition.npz
  TBW ff_inhibition       : HW=158ms

  --- TBW ADAPTATION ---
Using device: cuda
  Model 0/10: P(fus@0ms)=1.000, peak=1.000, 16.0s
Using device: cuda
  Model 1/10: P(fus@0ms)=1.000, peak=1.000, 16.1s
Using device: cuda
  Model 2/10: P(fus@0ms)=1.000, peak=1.000, 16.1s
Using device: cuda
  Model 3/10: P(fus@0ms)=1.000, peak=1.000, 16.0s
Using device: cuda
  Model 4/10: P(fus@0ms)=1.000, peak=1.000, 16.1s
Using device: cuda
  Model 5/10: P(fus@0ms)=1.000, peak=1.000, 16.0s
Using device: cuda
  Model 6/10: P(fus@0ms)=1.000, peak=1.000, 16.0s
Using device: cuda
  Model 7/10: P(fus@0ms)=1.000, peak=1.000, 16.0s
Using device: cuda
  Model 8/10: P(fus@0ms)=1.000, peak=1.000, 16.1s
Using device: cuda
  Model 9/10: P(fus@0ms)=1.000, peak=1.000, 16.1s
  Simulation done in 161s, saved to cache/tbw_adaptation.npz
  TBW adaptation          : HW=229ms

  --- TBW NMDA ---
Using device: cuda
  Model 0/10: P(fus@0ms)=1.000, peak=1.000, 16.0s
Using device: cuda
  Model 1/10: P(fus@0ms)=1.000, peak=1.000, 16.1s
Using device: cuda
  Model 2/10: P(fus@0ms)=1.000, peak=1.000, 16.2s
Using device: cuda
  Model 3/10: P(fus@0ms)=1.000, peak=1.000, 16.1s
Using device: cuda
  Model 4/10: P(fus@0ms)=1.000, peak=1.000, 16.1s
Using device: cuda
  Model 5/10: P(fus@0ms)=1.000, peak=1.000, 16.1s
Using device: cuda
  Model 6/10: P(fus@0ms)=1.000, peak=1.000, 16.1s
Using device: cuda
  Model 7/10: P(fus@0ms)=1.000, peak=1.000, 16.1s
Using device: cuda
  Model 8/10: P(fus@0ms)=1.000, peak=1.000, 15.9s
Using device: cuda
  Model 9/10: P(fus@0ms)=1.000, peak=1.000, 15.9s
  Simulation done in 161s, saved to cache/tbw_nmda.npz
  TBW nmda                : HW=95ms

  --- TBW NMDA_INCREASE ---
Using device: cuda
  Model 0/10: P(fus@0ms)=1.000, peak=1.000, 16.1s
Using device: cuda
  Model 1/10: P(fus@0ms)=1.000, peak=1.000, 16.1s
Using device: cuda
  Model 2/10: P(fus@0ms)=1.000, peak=1.000, 16.1s
Using device: cuda
  Model 3/10: P(fus@0ms)=1.000, peak=1.000, 16.1s
Using device: cuda
  Model 4/10: P(fus@0ms)=1.000, peak=1.000, 16.1s
Using device: cuda
  Model 5/10: P(fus@0ms)=1.000, peak=1.000, 16.1s
Using device: cuda
  Model 6/10: P(fus@0ms)=1.000, peak=1.000, 16.1s
Using device: cuda
  Model 7/10: P(fus@0ms)=1.000, peak=1.000, 16.1s
Using device: cuda
  Model 8/10: P(fus@0ms)=1.000, peak=1.000, 16.1s
Using device: cuda
  Model 9/10: P(fus@0ms)=1.000, peak=1.000, 16.1s
  Simulation done in 161s, saved to cache/tbw_nmda_increase.npz
  TBW nmda_increase       : HW=112ms

============================================================
SBW — FRESH SIMULATIONS (enhancement, threshold=10)
  10 models x 50 trials x 33 separations
============================================================

  --- SBW CONTROL ---
Using device: cuda
Using device: cuda
Using device: cuda
Using device: cuda
Using device: cuda
Using device: cuda
Using device: cuda
Using device: cuda
Using device: cuda
Using device: cuda
  Simulation done in 156s, saved to cache/sbw_control_t1110.npz

  --- SBW FF_INHIBITION ---
Using device: cuda
Using device: cuda
Using device: cuda
Using device: cuda
Using device: cuda
Using device: cuda
Using device: cuda
Using device: cuda
Using device: cuda
Using device: cuda
  Simulation done in 158s, saved to cache/sbw_ff_inhibition_t1110.npz

  --- SBW ADAPTATION ---
Using device: cuda
Using device: cuda
Using device: cuda
Using device: cuda
Using device: cuda
Using device: cuda
Using device: cuda
Using device: cuda
Using device: cuda
Using device: cuda
  Simulation done in 156s, saved to cache/sbw_adaptation_t1110.npz

  --- SBW NMDA ---
Using device: cuda
Using device: cuda
Using device: cuda
Using device: cuda
Using device: cuda
Using device: cuda
Using device: cuda
Using device: cuda
Using device: cuda
Using device: cuda
  Simulation done in 156s, saved to cache/sbw_nmda_t1110.npz

  --- SBW NMDA_INCREASE ---
Using device: cuda
Using device: cuda
Using device: cuda
Using device: cuda
Using device: cuda
Using device: cuda
Using device: cuda
Using device: cuda
Using device: cuda
Using device: cuda
  Simulation done in 159s, saved to cache/sbw_nmda_increase_t1110.npz

  Control floor subtracted: 0.0000
  SBW control             : HW=26.6°
  SBW ff_inhibition       : HW=29.2°
  SBW adaptation          : HW=30.2°
  SBW nmda                : HW=13.3°
  SBW nmda_increase       : HW=30.7°

============================================================
ALL DONE — 10 figures in 1592s (26.5min)
============================================================

TBW results:
  control             : HW=110ms
  ff_inhibition       : HW=158ms (d=+48ms)
  adaptation          : HW=229ms (d=+119ms)
  nmda                : HW=95ms (d=-15ms)
  nmda_increase       : HW=112ms (d=+2ms)

SBW results (floor=0.0000 subtracted):
  control             : HW=26.6°
  ff_inhibition       : HW=29.2° (d=+2.6°)
  adaptation          : HW=30.2° (d=+3.6°)
  nmda                : HW=13.3° (d=-13.3°)
  nmda_increase       : HW=30.7° (d=+4.2°)

All figures saved to Saved_Images/
=== cue_reliability_test.py ===
[1/10]  msi_model_surr_10_00.pt  …Using device: cuda
 done
[2/10]  msi_model_surr_10_01.pt  …Using device: cuda
 done
[3/10]  msi_model_surr_10_02.pt  …Using device: cuda
 done
[4/10]  msi_model_surr_10_03.pt  …Using device: cuda
 done
[5/10]  msi_model_surr_10_04.pt  …Using device: cuda
 done
[6/10]  msi_model_surr_10_05.pt  …Using device: cuda
 done
[7/10]  msi_model_surr_10_06.pt  …Using device: cuda
 done
[8/10]  msi_model_surr_10_07.pt  …Using device: cuda
 done
[9/10]  msi_model_surr_10_08.pt  …Using device: cuda
 done
[10/10]  msi_model_surr_10_09.pt  …/home/vishnu/coding_proj/From_Spikes_to_Symptoms_Simulating_SC-Driven_Multisensory_Deficits_in_Autism_Spectrum_Disorder/cue_reliability_test.py:186: UserWarning: Tight layout not applied. The left and right margins cannot be made large enough to accommodate all Axes decorations.
  fig.tight_layout()
/home/vishnu/coding_proj/From_Spikes_to_Symptoms_Simulating_SC-Driven_Multisensory_Deficits_in_Autism_Spectrum_Disorder/cue_reliability_test.py:219: UserWarning: Tight layout not applied. The left and right margins cannot be made large enough to accommodate all Axes decorations.
  fig.tight_layout()
Using device: cuda
 done
✓ finished in 32.7s

Average deviation from MLE predictions: 17.7%
Mean absolute error: 0.063
RMSE: 0.079
R² correlation: 0.969
=== run_ei_balance.py ===
E/I BALANCE — separated currents, evoked window (125ms)
Evoked window: 5 frames stim + 7.5 frames tail = 12.5 frames (125ms)

Using device: cuda
  M00: E=3.9553 I=3.7129 E/I=1.065  AMPA=0.2317 NMDA=3.7236 FF=2.7099 Rec=0.0036 Lat=0.9993
Using device: cuda
  M01: E=3.8006 I=3.5881 E/I=1.059  AMPA=0.2076 NMDA=3.5931 FF=2.6061 Rec=0.0036 Lat=0.9784
Using device: cuda
  M02: E=3.7275 I=3.5311 E/I=1.056  AMPA=0.1997 NMDA=3.5278 FF=2.5507 Rec=0.0035 Lat=0.9768
Using device: cuda
  M03: E=3.8392 I=3.6541 E/I=1.051  AMPA=0.2158 NMDA=3.6234 FF=2.6714 Rec=0.0035 Lat=0.9791
Using device: cuda
  M04: E=3.4597 I=3.3924 E/I=1.020  AMPA=0.1625 NMDA=3.2973 FF=2.4420 Rec=0.0035 Lat=0.9469
Using device: cuda
  M05: E=3.9965 I=3.7727 E/I=1.059  AMPA=0.2375 NMDA=3.7590 FF=2.7592 Rec=0.0036 Lat=1.0099
Using device: cuda
  M06: E=3.8185 I=3.6426 E/I=1.048  AMPA=0.2059 NMDA=3.6127 FF=2.6482 Rec=0.0036 Lat=0.9909
Using device: cuda
  M07: E=4.0210 I=3.8005 E/I=1.058  AMPA=0.2403 NMDA=3.7807 FF=2.7903 Rec=0.0036 Lat=1.0065
Using device: cuda
  M08: E=3.6834 I=3.5216 E/I=1.046  AMPA=0.2011 NMDA=3.4823 FF=2.5536 Rec=0.0035 Lat=0.9645
Using device: cuda
  M09: E=3.8559 I=3.7118 E/I=1.039  AMPA=0.2049 NMDA=3.6510 FF=2.7122 Rec=0.0037 Lat=0.9959

============================================================
E/I BALANCE RESULTS (evoked window)
============================================================
  E/I ratio: 1.050 ± 0.004
  Exc mean:  3.8158 ± 0.0526
  Inh mean:  3.6328 ± 0.0399

  Excitatory breakdown:
    AMPA:     0.2107 (5.5%)
    NMDA:     3.6051 (94.5%)
  Inhibitory breakdown:
    FFInh:    2.6444 (72.8%)
    RecurInh: 0.0036 (0.1%)
    LatInh:   0.9848 (27.1%)
  Saved: Saved_Images/EI_balance.svg and Saved_Images/EI_balance.png
=== response_latency_test.py ===
[0] loading msi_model_surr_10_00.pt …
Using device: cuda
Using device: cuda
Using device: cuda
    done in 3.65s → ΔLatency = 10.0 ms
[1] loading msi_model_surr_10_01.pt …
Using device: cuda
Using device: cuda
Using device: cuda
    done in 3.26s → ΔLatency = 10.0 ms
[2] loading msi_model_surr_10_02.pt …
Using device: cuda
Using device: cuda
Using device: cuda
    done in 3.27s → ΔLatency = 10.0 ms
[3] loading msi_model_surr_10_03.pt …
Using device: cuda
Using device: cuda
Using device: cuda
    done in 3.28s → ΔLatency = 10.0 ms
[4] loading msi_model_surr_10_04.pt …
Using device: cuda
Using device: cuda
Using device: cuda
    done in 3.26s → ΔLatency = 10.0 ms
[5] loading msi_model_surr_10_05.pt …
Using device: cuda
Using device: cuda
Using device: cuda
    done in 3.29s → ΔLatency = 10.0 ms
[6] loading msi_model_surr_10_06.pt …
Using device: cuda
Using device: cuda
Using device: cuda
    done in 3.29s → ΔLatency = 10.0 ms
[7] loading msi_model_surr_10_07.pt …
Using device: cuda
Using device: cuda
Using device: cuda
    done in 3.28s → ΔLatency = 10.0 ms
[8] loading msi_model_surr_10_08.pt …
Using device: cuda
Using device: cuda
Using device: cuda
    done in 3.28s → ΔLatency = 10.0 ms
[9] loading msi_model_surr_10_09.pt …
Using device: cuda
Using device: cuda
Using device: cuda
    done in 3.28s → ΔLatency = 10.0 ms

=== Latency summary across 10 models ===
                       A_ms   V_ms   B_ms  UniMean_ms  ΔLatency_ms
Model                                                             
msi_model_surr_10_00   30.0   50.0   30.0        40.0         10.0
msi_model_surr_10_01   30.0   50.0   30.0        40.0         10.0
msi_model_surr_10_02   30.0   50.0   30.0        40.0         10.0
msi_model_surr_10_03   30.0   50.0   30.0        40.0         10.0
msi_model_surr_10_04   30.0   50.0   30.0        40.0         10.0
msi_model_surr_10_05   30.0   50.0   30.0        40.0         10.0
msi_model_surr_10_06   30.0   50.0   30.0        40.0         10.0
msi_model_surr_10_07   30.0   50.0   30.0        40.0         10.0
msi_model_surr_10_08   30.0   50.0   30.0        40.0         10.0
msi_model_surr_10_09   30.0   50.0   30.0        40.0         10.0

Mean ± SEM (ms):
  A_ms        :  30.0 ±  0.0
  V_ms        :  50.0 ±  0.0
  B_ms        :  30.0 ±  0.0
  UniMean_ms  :  40.0 ±  0.0
  ΔLatency_ms :  10.0 ±  0.0
=== precision_hist_test.py ===
Using device: cuda
Using device: cuda
Using device: cuda
Using device: cuda
Using device: cuda
Using device: cuda
Using device: cuda
Using device: cuda
Using device: cuda
Using device: cuda
Using device: cuda
Using device: cuda
Using device: cuda
Using device: cuda
Using device: cuda
Using device: cuda
Using device: cuda
Using device: cuda
Using device: cuda
Using device: cuda
Using device: cuda
Using device: cuda
Using device: cuda
Using device: cuda
Using device: cuda
Using device: cuda
Using device: cuda
Using device: cuda
Using device: cuda
Using device: cuda
Using device: cuda
Using device: cuda
Using device: cuda
Using device: cuda
Using device: cuda
Using device: cuda
Using device: cuda
Using device: cuda
Using device: cuda
Using device: cuda

=== Sensitivity Percentage Differences (Manip vs Control) ===
Audio: -67.2%
Visual: -62.9%
Bimodal: -62.9%
============================================================

=== Bimodal Enhancement (vs Best Unisensory) ===
Control: +8.0%
Manipulation: +22.3%
============================================================

=== inverse_effectiveness_test.py ===
/home/vishnu/coding_proj/From_Spikes_to_Symptoms_Simulating_SC-Driven_Multisensory_Deficits_in_Autism_Spectrum_Disorder/inverse_effectiveness_test.py:729: UserWarning: This figure includes Axes that are not compatible with tight_layout, so results might be incorrect.
  plt.tight_layout()
Using device: cuda
Using device: cuda
Using device: cuda
Using device: cuda
Using device: cuda
Using device: cuda
Using device: cuda
Using device: cuda
Using device: cuda
Using device: cuda
Using device: cuda
Using device: cuda
Using device: cuda
Using device: cuda
Using device: cuda
Using device: cuda
Using device: cuda
Using device: cuda
Using device: cuda
Using device: cuda
Using device: cuda
Using device: cuda
Using device: cuda
Using device: cuda
Using device: cuda
Using device: cuda
Using device: cuda
Using device: cuda
Using device: cuda
Using device: cuda
Using device: cuda
Using device: cuda
Using device: cuda
Using device: cuda
Using device: cuda
Using device: cuda
Using device: cuda
Using device: cuda
Using device: cuda
Using device: cuda
Using device: cuda
Using device: cuda
Using device: cuda
Using device: cuda
Using device: cuda
Using device: cuda
Using device: cuda
Using device: cuda
Using device: cuda
Using device: cuda
Using device: cuda
Using device: cuda
Using device: cuda
Using device: cuda
Using device: cuda
Using device: cuda
Using device: cuda
Using device: cuda
Using device: cuda
Using device: cuda
=== fano_factor_test.py ===
/home/vishnu/coding_proj/From_Spikes_to_Symptoms_Simulating_SC-Driven_Multisensory_Deficits_in_Autism_Spectrum_Disorder/fano_factor_test.py:389: UserWarning: This figure includes Axes that are not compatible with tight_layout, so results might be incorrect.
  plt.tight_layout()
Using device: cuda
Using device: cuda
Using device: cuda
Using device: cuda
Using device: cuda
Using device: cuda
Using device: cuda
Using device: cuda
Using device: cuda
Using device: cuda
=== extract_metrics.py ===
============================================================
FANO FACTOR EXTRACTION
============================================================
Using device: cuda
Using device: cuda
Using device: cuda
Using device: cuda
Using device: cuda
Using device: cuda
Using device: cuda
Using device: cuda
Using device: cuda
Using device: cuda
Fano baseline (pre-stim, mean of first 30 frames): 0.728 ± 0.010
Fano stim     (post-stim, mean of next  30 frames): 0.360 ± 0.006
Mean rate baseline: 0.3076 spikes/frame/neuron
Mean rate stim:     0.4481 spikes/frame/neuron

============================================================
INVERSE EFFECTIVENESS MEI EXTRACTION
============================================================
Using device: cuda
Using device: cuda
Using device: cuda
Using device: cuda
Using device: cuda
Using device: cuda
Using device: cuda
Using device: cuda
Using device: cuda
Using device: cuda
Using device: cuda
Using device: cuda
Using device: cuda
Using device: cuda
Using device: cuda
Using device: cuda
Using device: cuda
Using device: cuda
Using device: cuda
Using device: cuda
Using device: cuda
Using device: cuda
Using device: cuda
Using device: cuda
Using device: cuda
Using device: cuda
Using device: cuda
Using device: cuda
Using device: cuda
Using device: cuda
Using device: cuda
Using device: cuda
Using device: cuda
Using device: cuda
Using device: cuda
Using device: cuda
Using device: cuda
Using device: cuda
Using device: cuda
Using device: cuda
Using device: cuda
Using device: cuda
Using device: cuda
Using device: cuda
Using device: cuda
Using device: cuda
Using device: cuda
Using device: cuda
Using device: cuda
Using device: cuda
Using device: cuda
Using device: cuda
Using device: cuda
Using device: cuda
Using device: cuda
Using device: cuda
Using device: cuda
Using device: cuda
Using device: cuda
Using device: cuda
INTENSITIES  = [np.float64(0.05), np.float64(0.1), np.float64(0.2), np.float64(0.4), np.float64(0.8), np.float64(1.6)]
MEI mean     = ['0.248', '0.372', '0.371', '0.336', '0.192', '0.174']
MEI sem      = ['0.003', '0.003', '0.007', '0.005', '0.003', '0.006']
resp_A mean  = ['361.30', '543.70', '921.30', '1617.60', '2987.00', '5194.40']
resp_V mean  = ['234.90', '384.30', '653.40', '1154.20', '1962.50', '2931.80']
resp_AV mean = ['450.80', '746.00', '1262.70', '2161.50', '3559.80', '6094.90']

============================================================
PRECISION HISTOGRAM σ EXTRACTION (control gNMDA=1.30)
============================================================
Using device: cuda
Using device: cuda
Using device: cuda
Using device: cuda
Using device: cuda
Using device: cuda
Using device: cuda
Using device: cuda
Using device: cuda
Using device: cuda
σ_A  = 9.14°  (paper target: 8.47)
σ_V  = 10.52°  (paper target: 9.59)
σ_AV = 8.72° (paper target: 7.08)
σ_AV(MLE prediction from σ_A,σ_V) = 6.90°

============================================================
DONE
============================================================
=== END Mon May 18 17:23:49 AEST 2026 ===
