====================================================================================
E1: SBW enhancement distribution — current (sum_sM) vs pristine (_latest_sMSI)
  ckpt: msi_model_surr_10_00.pt  |  dt: Using device: cuda
0.1  n_substeps: 100
  n_trials=50, duration=20, intensity=1.0, roi_half=20
====================================================================================

  sep       path    AV_roi     A_roi     V_roi   enh_mean   enh_min   enh_max   enh>10   enh>0
------------------------------------------------------------------------------------
    0 pristine_latest_sMSI    117.88      0.66      0.32     117.14      65.0     167.0     1.00    1.00
    0 current_sum_sM  10604.94    100.32     62.00   10504.62    6467.0   11081.0     1.00    1.00
   40 pristine_latest_sMSI     59.66      0.66      0.00      59.00      25.0      78.0     1.00    1.00
   40 current_sum_sM   5765.50    100.32      2.90    5665.18    2911.0    6286.0     1.00    1.00
   80 pristine_latest_sMSI     57.84      0.66      0.00      57.18      31.0      89.0     1.00    1.00
   80 current_sum_sM   5518.66    100.32      0.00    5418.34    2684.0    5828.0     1.00    1.00

====================================================================================
Diagnostic verdict
------------------------------------------------------------------------------------
If current/sum_sM enh is ~n_substeps× pristine/_latest_sMSI enh, and pristine
path gives enh ~< 10 at sep=80 while current gives enh >> 10 at sep=80, then
H5 is CONFIRMED: the cache-time SBW_test code path inflates enhancement values
via per-substep accumulation, while pristine threshold=10 was calibrated for
last-substep-only accumulation.
====================================================================================
