==========================================================================================
E4: post-load state comparison — CURRENT vs PRISTINE
  ckpt: msi_model_surr_10_00.pt (SAME .pt for both)
==========================================================================================
Using device: cuda

--- CURRENT v2 Training.py STATE ---
  dt=0.1, n_substeps=100
  g_FFinh=0.564756
  gNMDA=0.05
  g_GABA=10
  pv_nmda=5.0, targ_ratio=5.0
  freeze_g_FFinh=False
  plasticity_enabled=False
  dt_correct_nmda=True
  step_counter=652000
  conduction_delay_a2msi=250
  conduction_delay_v2msi=400
  conduction_delay_inA_inh=270
  conduction_delay_inV_inh=420
  conduction_delay_a2msi_inh=270
  conduction_delay_v2msi_inh=420
  conduction_delay_msi_inh2exc=450
  conduction_delay_msi2out=5
  conduction_delay_a2msi_ms=25.0
  conduction_delay_v2msi_ms=40.0
  T_AGC_FAST_MS=0.1
  T_AGC_SLOW_MS=10.0
  W_a2msi_AMPA: shape=(180, 180), mean=0.020984, std=0.070646, sum=679.8862, min=0.0000, max=0.5177
  W_v2msi_AMPA: shape=(180, 180), mean=0.018632, std=0.068832, sum=603.6673, min=0.0000, max=0.5057
  W_a2msi_NMDA: shape=(180, 180), mean=0.062951, std=0.211938, sum=2039.6272, min=0.0001, max=1.5530
  W_v2msi_NMDA: shape=(180, 180), mean=0.055894, std=0.206496, sum=1810.9706, min=0.0001, max=1.5172
  W_inA_inh: shape=(180, 180), mean=4.998834, std=0.003738, sum=161962.2188, min=4.9804, max=5.0000
  W_inV_inh: shape=(180, 180), mean=4.998879, std=0.003667, sum=161963.6875, min=4.9810, max=5.0000
  W_inA: shape=(180, 180), mean=0.015167, std=0.073254, sum=491.3994, min=0.0005, max=0.6396
  W_inV: shape=(180, 180), mean=0.015300, std=0.073078, sum=495.7199, min=0.0003, max=0.6544
  W_msiInh2Exc_GABA: shape=(180, 54), mean=0.000997, std=0.000577, sum=9.6873, min=0.0000, max=0.0020
Using device: cuda

--- PRISTINE fb6d3f6 Training.py STATE ---
  dt=0.1, n_substeps=100
  g_FFinh=0.564756
  gNMDA=0.05
  g_GABA=10
  pv_nmda=5.0, targ_ratio=5.0
  freeze_g_FFinh=False
  plasticity_enabled=False
  dt_correct_nmda=MISSING
  step_counter=652000
  conduction_delay_a2msi=250
  conduction_delay_v2msi=400
  conduction_delay_inA_inh=270
  conduction_delay_inV_inh=420
  conduction_delay_a2msi_inh=270
  conduction_delay_v2msi_inh=420
  conduction_delay_msi_inh2exc=450
  conduction_delay_msi2out=5
  W_a2msi_AMPA: shape=(180, 180), mean=0.020984, std=0.070646, sum=679.8862, min=0.0000, max=0.5177
  W_v2msi_AMPA: shape=(180, 180), mean=0.018632, std=0.068832, sum=603.6673, min=0.0000, max=0.5057
  W_a2msi_NMDA: shape=(180, 180), mean=0.062951, std=0.211938, sum=2039.6272, min=0.0001, max=1.5530
  W_v2msi_NMDA: shape=(180, 180), mean=0.055894, std=0.206496, sum=1810.9706, min=0.0001, max=1.5172
  W_inA_inh: shape=(180, 180), mean=4.998834, std=0.003738, sum=161962.2188, min=4.9804, max=5.0000
  W_inV_inh: shape=(180, 180), mean=4.998879, std=0.003667, sum=161963.6875, min=4.9810, max=5.0000
  W_inA: shape=(180, 180), mean=0.015167, std=0.073254, sum=491.3994, min=0.0005, max=0.6396
  W_inV: shape=(180, 180), mean=0.015300, std=0.073078, sum=495.7199, min=0.0003, max=0.6544
  W_msiInh2Exc_GABA: shape=(180, 54), mean=0.000997, std=0.000577, sum=9.6873, min=0.0000, max=0.0020
