====================================================================================================
E7: per-frame trace (sep=80, A-only, random idxA seed=42) — CURRENT vs PRISTINE
====================================================================================================

========== CURRENT ==========
Using device: cuda
  loaded: g_FFinh_initial=0.564756, dt=0.1, n_substeps=100, step_counter=652000
  frame |  sum_sM.sum  | A_roi(sum_sM) | A_roi(_latest) | g_FFinh  | I_M.mean
  ------+-------------+---------------+----------------+----------+---------
    0   |        0.00 |        0.0000 |         0.0000 | 0.564756 | +0.0000e+00
    1   |        0.00 |        0.0000 |         0.0000 | 0.564756 | +0.0000e+00
    2   |     2687.00 |     2348.0000 |         0.0000 | 0.050000 | -5.6720e+02
    3   |     5894.00 |     5654.0000 |       129.0000 | 0.055328 | -1.5617e+01
    4   |    13704.00 |    12440.0000 |       131.0000 | 0.073103 | +1.2396e+01
    5   |    16630.00 |    15033.0000 |       152.0000 | 0.093617 | +2.2943e+01
    6   |    17026.00 |    15731.0000 |       157.0000 | 0.117922 | +2.7719e+01
    7   |    16993.00 |    16036.0000 |       170.0000 | 0.138596 | +2.5853e+01
    8   |    16891.00 |    16272.0000 |       163.0000 | 0.151895 | +2.0713e+01
    9   |    17139.00 |    16692.0000 |       143.0000 | 0.160567 | +1.7783e+01
   10   |    17746.00 |    17324.0000 |       176.0000 | 0.166411 | +1.6315e+01
   11   |    18701.00 |    18210.0000 |       171.0000 | 0.170543 | +1.5811e+01
   12   |    19479.00 |    18978.0000 |       193.0000 | 0.172548 | +1.4872e+01
   13   |    20501.00 |    19941.0000 |       226.0000 | 0.176179 | +1.7067e+01
   14   |    21462.00 |    20901.0000 |       230.0000 | 0.178683 | +1.7063e+01
   15   |    22252.00 |    21698.0000 |       216.0000 | 0.182488 | +1.9049e+01
   16   |    22973.00 |    22405.0000 |       218.0000 | 0.185434 | +1.9149e+01
   17   |    24027.00 |    23444.0000 |       264.0000 | 0.187779 | +1.9476e+01
   18   |    25014.00 |    24430.0000 |       241.0000 | 0.191502 | +2.1552e+01
   19   |    25762.00 |    25199.0000 |       250.0000 | 0.195625 | +2.2714e+01

========== PRISTINE ==========
Using device: cuda
  loaded: g_FFinh_initial=0.564756, dt=0.1, n_substeps=100, step_counter=652000
  frame |  sum_sM.sum  | A_roi(sum_sM) | A_roi(_latest) | g_FFinh  | I_M.mean
  ------+-------------+---------------+----------------+----------+---------
    0   |        0.00 |        0.0000 |         0.0000 | 0.564756 | +0.0000e+00
    1   |        0.00 |        0.0000 |         0.0000 | 0.564756 | +0.0000e+00
    2   |     2687.00 |     2348.0000 |         0.0000 | 0.050000 | -5.6720e+02
    3   |     5894.00 |     5654.0000 |       129.0000 | 0.055328 | -1.5617e+01
    4   |    13704.00 |    12440.0000 |       131.0000 | 0.073103 | +1.2396e+01
    5   |    16630.00 |    15033.0000 |       152.0000 | 0.093617 | +2.2943e+01
    6   |    17026.00 |    15731.0000 |       157.0000 | 0.117922 | +2.7719e+01
    7   |    16993.00 |    16036.0000 |       170.0000 | 0.138596 | +2.5853e+01
    8   |    16891.00 |    16272.0000 |       163.0000 | 0.151895 | +2.0713e+01
    9   |    17139.00 |    16692.0000 |       143.0000 | 0.160567 | +1.7783e+01
   10   |    17746.00 |    17324.0000 |       176.0000 | 0.166411 | +1.6315e+01
   11   |    18701.00 |    18210.0000 |       171.0000 | 0.170543 | +1.5811e+01
   12   |    19479.00 |    18978.0000 |       193.0000 | 0.172548 | +1.4872e+01
   13   |    20501.00 |    19941.0000 |       226.0000 | 0.176179 | +1.7067e+01
   14   |    21462.00 |    20901.0000 |       230.0000 | 0.178683 | +1.7063e+01
   15   |    22252.00 |    21698.0000 |       216.0000 | 0.182488 | +1.9049e+01
   16   |    22973.00 |    22405.0000 |       218.0000 | 0.185434 | +1.9149e+01
   17   |    24027.00 |    23444.0000 |       264.0000 | 0.187779 | +1.9476e+01
   18   |    25014.00 |    24430.0000 |       241.0000 | 0.191502 | +2.1552e+01
   19   |    25762.00 |    25199.0000 |       250.0000 | 0.195625 | +2.2714e+01
